<?xml version="1.0" encoding="ISO-8859-1" ?>
<link_info>
   <banner>TMS320C2000 Linker PC v20.2.5.LTS</banner>
   <copyright>Copyright (c) 1996-2018 Texas Instruments Incorporated</copyright>
   <link_time>0x63be480e</link_time>
   <link_errors>0x0</link_errors>
   <output_file>MonoMtrServo_379D.out</output_file>
   <entry_point>
      <name>_c_int00</name>
      <address>0x95fe</address>
   </entry_point>
   <input_file_list>
      <input_file id="fl-2">
         <path>.\</path>
         <kind>object</kind>
         <file>DRV830x_SPI.obj</file>
         <name>DRV830x_SPI.obj</name>
      </input_file>
      <input_file id="fl-3">
         <path>.\</path>
         <kind>object</kind>
         <file>F2837xD_Adc.obj</file>
         <name>F2837xD_Adc.obj</name>
      </input_file>
      <input_file id="fl-4">
         <path>.\</path>
         <kind>object</kind>
         <file>F2837xD_CodeStartBranch.obj</file>
         <name>F2837xD_CodeStartBranch.obj</name>
      </input_file>
      <input_file id="fl-5">
         <path>.\</path>
         <kind>object</kind>
         <file>F2837xD_Dac_setting.obj</file>
         <name>F2837xD_Dac_setting.obj</name>
      </input_file>
      <input_file id="fl-6">
         <path>.\</path>
         <kind>object</kind>
         <file>F2837xD_DefaultISR.obj</file>
         <name>F2837xD_DefaultISR.obj</name>
      </input_file>
      <input_file id="fl-7">
         <path>.\</path>
         <kind>object</kind>
         <file>F2837xD_GlobalVariableDefs.obj</file>
         <name>F2837xD_GlobalVariableDefs.obj</name>
      </input_file>
      <input_file id="fl-8">
         <path>.\</path>
         <kind>object</kind>
         <file>F2837xD_Gpio.obj</file>
         <name>F2837xD_Gpio.obj</name>
      </input_file>
      <input_file id="fl-9">
         <path>.\</path>
         <kind>object</kind>
         <file>F2837xD_PieCtrl.obj</file>
         <name>F2837xD_PieCtrl.obj</name>
      </input_file>
      <input_file id="fl-a">
         <path>.\</path>
         <kind>object</kind>
         <file>F2837xD_PieVect.obj</file>
         <name>F2837xD_PieVect.obj</name>
      </input_file>
      <input_file id="fl-b">
         <path>.\</path>
         <kind>object</kind>
         <file>F2837xD_SysCtrl.obj</file>
         <name>F2837xD_SysCtrl.obj</name>
      </input_file>
      <input_file id="fl-c">
         <path>.\</path>
         <kind>object</kind>
         <file>F2837xD_sdfm_drivers.obj</file>
         <name>F2837xD_sdfm_drivers.obj</name>
      </input_file>
      <input_file id="fl-d">
         <path>.\</path>
         <kind>object</kind>
         <file>F2837xD_usDelay.obj</file>
         <name>F2837xD_usDelay.obj</name>
      </input_file>
      <input_file id="fl-e">
         <path>.\</path>
         <kind>object</kind>
         <file>MonoMtrServo.obj</file>
         <name>MonoMtrServo.obj</name>
      </input_file>
      <input_file id="fl-f">
         <path>.\</path>
         <kind>object</kind>
         <file>config.obj</file>
         <name>config.obj</name>
      </input_file>
      <input_file id="fl-10">
         <path>.\</path>
         <kind>object</kind>
         <file>drv8301.obj</file>
         <name>drv8301.obj</name>
      </input_file>
      <input_file id="fl-11">
         <path>.\</path>
         <kind>object</kind>
         <file>drv8305.obj</file>
         <name>drv8305.obj</name>
      </input_file>
      <input_file id="fl-12">
         <path>.\utility Src Files\</path>
         <kind>object</kind>
         <file>DLOG_4CH_F.obj</file>
         <name>DLOG_4CH_F.obj</name>
      </input_file>
      <input_file id="fl-19">
         <kind>object</kind>
         <file>&lt;internal&gt;</file>
         <name>&lt;internal&gt;</name>
      </input_file>
      <input_file id="fl-25">
         <path>C:\ti\ccs1040\ccs\tools\compiler\ti-cgt-c2000_20.2.5.LTS\lib\</path>
         <kind>archive</kind>
         <file>rts2800_fpu32.lib</file>
         <name>e_expf.c.obj</name>
      </input_file>
      <input_file id="fl-26">
         <path>C:\ti\ccs1040\ccs\tools\compiler\ti-cgt-c2000_20.2.5.LTS\lib\</path>
         <kind>archive</kind>
         <file>rts2800_fpu32.lib</file>
         <name>s_floorf.c.obj</name>
      </input_file>
      <input_file id="fl-27">
         <path>C:\ti\ccs1040\ccs\tools\compiler\ti-cgt-c2000_20.2.5.LTS\lib\</path>
         <kind>archive</kind>
         <file>rts2800_fpu32.lib</file>
         <name>boot28.asm.obj</name>
      </input_file>
      <input_file id="fl-28">
         <path>C:\ti\ccs1040\ccs\tools\compiler\ti-cgt-c2000_20.2.5.LTS\lib\</path>
         <kind>archive</kind>
         <file>rts2800_fpu32.lib</file>
         <name>fs_div28.asm.obj</name>
      </input_file>
      <input_file id="fl-29">
         <path>C:\ti\ccs1040\ccs\tools\compiler\ti-cgt-c2000_20.2.5.LTS\lib\</path>
         <kind>archive</kind>
         <file>rts2800_fpu32.lib</file>
         <name>cpy_tbl.c.obj</name>
      </input_file>
      <input_file id="fl-2a">
         <path>C:\ti\ccs1040\ccs\tools\compiler\ti-cgt-c2000_20.2.5.LTS\lib\</path>
         <kind>archive</kind>
         <file>rts2800_fpu32.lib</file>
         <name>memcpy.c.obj</name>
      </input_file>
      <input_file id="fl-2b">
         <path>C:\ti\ccs1040\ccs\tools\compiler\ti-cgt-c2000_20.2.5.LTS\lib\</path>
         <kind>archive</kind>
         <file>rts2800_fpu32.lib</file>
         <name>pre_init.c.obj</name>
      </input_file>
      <input_file id="fl-2c">
         <path>C:\ti\ccs1040\ccs\tools\compiler\ti-cgt-c2000_20.2.5.LTS\lib\</path>
         <kind>archive</kind>
         <file>rts2800_fpu32.lib</file>
         <name>startup.c.obj</name>
      </input_file>
      <input_file id="fl-2d">
         <path>C:\ti\ccs1040\ccs\tools\compiler\ti-cgt-c2000_20.2.5.LTS\lib\</path>
         <kind>archive</kind>
         <file>rts2800_fpu32.lib</file>
         <name>exit.c.obj</name>
      </input_file>
      <input_file id="fl-2e">
         <path>C:\ti\ccs1040\ccs\tools\compiler\ti-cgt-c2000_20.2.5.LTS\lib\</path>
         <kind>archive</kind>
         <file>rts2800_fpu32.lib</file>
         <name>_lock.c.obj</name>
      </input_file>
      <input_file id="fl-2f">
         <path>C:\ti\ccs1040\ccs\tools\compiler\ti-cgt-c2000_20.2.5.LTS\lib\</path>
         <kind>archive</kind>
         <file>rts2800_fpu32.lib</file>
         <name>args_main.c.obj</name>
      </input_file>
      <input_file id="fl-30">
         <path>C:\ti\ccs1040\ccs\tools\compiler\ti-cgt-c2000_20.2.5.LTS\lib\</path>
         <kind>archive</kind>
         <file>rts2800_fpu32.lib</file>
         <name>errno.c.obj</name>
      </input_file>
   </input_file_list>
   <object_component_list>
      <object_component id="oc-93">
         <name>codestart</name>
         <load_address>0x0</load_address>
         <run_address>0x0</run_address>
         <size>0x2</size>
         <input_file_ref idref="fl-4"/>
      </object_component>
      <object_component id="oc-198">
         <name>.text</name>
         <load_address>0x122</load_address>
         <run_address>0x122</run_address>
         <size>0x1eb</size>
         <input_file_ref idref="fl-f"/>
      </object_component>
      <object_component id="oc-1a5">
         <name>.text</name>
         <load_address>0x30d</load_address>
         <run_address>0x30d</run_address>
         <size>0xe8</size>
         <input_file_ref idref="fl-3"/>
      </object_component>
      <object_component id="oc-1a2">
         <name>.text</name>
         <load_address>0x3f5</load_address>
         <run_address>0x3f5</run_address>
         <size>0x9</size>
         <input_file_ref idref="fl-2e"/>
      </object_component>
      <object_component id="oc-185">
         <name>.text</name>
         <load_address>0x3fe</load_address>
         <run_address>0x3fe</run_address>
         <size>0x2</size>
         <input_file_ref idref="fl-2b"/>
      </object_component>
      <object_component id="oc-18d">
         <name>.text</name>
         <load_address>0x8000</load_address>
         <run_address>0x8000</run_address>
         <size>0x776</size>
         <input_file_ref idref="fl-e"/>
      </object_component>
      <object_component id="oc-157">
         <name>.text</name>
         <load_address>0x8776</load_address>
         <run_address>0x8776</run_address>
         <size>0x88</size>
         <input_file_ref idref="fl-28"/>
      </object_component>
      <object_component id="oc-a0">
         <name>.text:retain</name>
         <load_address>0x8800</load_address>
         <run_address>0x8800</run_address>
         <size>0x585</size>
         <input_file_ref idref="fl-6"/>
      </object_component>
      <object_component id="oc-1a4">
         <name>.text</name>
         <load_address>0x8d85</load_address>
         <run_address>0x8d85</run_address>
         <size>0x376</size>
         <input_file_ref idref="fl-b"/>
      </object_component>
      <object_component id="oc-18c">
         <name>.text</name>
         <load_address>0x90fb</load_address>
         <run_address>0x90fb</run_address>
         <size>0x1cd</size>
         <input_file_ref idref="fl-8"/>
      </object_component>
      <object_component id="oc-193">
         <name>.text</name>
         <load_address>0x92c8</load_address>
         <run_address>0x92c8</run_address>
         <size>0x120</size>
         <input_file_ref idref="fl-11"/>
      </object_component>
      <object_component id="oc-19c">
         <name>.text</name>
         <load_address>0x93e8</load_address>
         <run_address>0x93e8</run_address>
         <size>0x111</size>
         <input_file_ref idref="fl-25"/>
      </object_component>
      <object_component id="oc-19d">
         <name>.text</name>
         <load_address>0x94f9</load_address>
         <run_address>0x94f9</run_address>
         <size>0x87</size>
         <input_file_ref idref="fl-12"/>
      </object_component>
      <object_component id="oc-194">
         <name>.text</name>
         <load_address>0x9580</load_address>
         <run_address>0x9580</run_address>
         <size>0x7e</size>
         <input_file_ref idref="fl-2"/>
      </object_component>
      <object_component id="oc-88">
         <name>.text</name>
         <load_address>0x95fe</load_address>
         <run_address>0x95fe</run_address>
         <size>0x56</size>
         <input_file_ref idref="fl-27"/>
      </object_component>
      <object_component id="oc-189">
         <name>.text</name>
         <load_address>0x9654</load_address>
         <run_address>0x9654</run_address>
         <size>0x29</size>
         <input_file_ref idref="fl-2d"/>
      </object_component>
      <object_component id="oc-199">
         <name>.text</name>
         <load_address>0x967d</load_address>
         <run_address>0x967d</run_address>
         <size>0x28</size>
         <input_file_ref idref="fl-9"/>
      </object_component>
      <object_component id="oc-186">
         <name>.text</name>
         <load_address>0x96a5</load_address>
         <run_address>0x96a5</run_address>
         <size>0x24</size>
         <input_file_ref idref="fl-29"/>
      </object_component>
      <object_component id="oc-19b">
         <name>.text</name>
         <load_address>0x96c9</load_address>
         <run_address>0x96c9</run_address>
         <size>0x17</size>
         <input_file_ref idref="fl-5"/>
      </object_component>
      <object_component id="oc-19a">
         <name>.text</name>
         <load_address>0x96e0</load_address>
         <run_address>0x96e0</run_address>
         <size>0x12</size>
         <input_file_ref idref="fl-a"/>
      </object_component>
      <object_component id="oc-188">
         <name>.text</name>
         <load_address>0x96f2</load_address>
         <run_address>0x96f2</run_address>
         <size>0x12</size>
         <input_file_ref idref="fl-2f"/>
      </object_component>
      <object_component id="oc-12c">
         <name>.text:retain</name>
         <load_address>0xb000</load_address>
         <run_address>0xb000</run_address>
         <size>0x789</size>
         <input_file_ref idref="fl-e"/>
      </object_component>
      <object_component id="oc-18b">
         <name>.text</name>
         <load_address>0xb789</load_address>
         <run_address>0xb789</run_address>
         <size>0x59</size>
         <input_file_ref idref="fl-26"/>
      </object_component>
      <object_component id="oc-18e">
         <name>.text</name>
         <load_address>0xb7e2</load_address>
         <run_address>0xb7e2</run_address>
         <size>0x1d</size>
         <input_file_ref idref="fl-2a"/>
      </object_component>
      <object_component id="oc-187">
         <name>.text</name>
         <load_address>0xb7ff</load_address>
         <run_address>0xb7ff</run_address>
         <size>0x1</size>
         <input_file_ref idref="fl-2c"/>
      </object_component>
      <object_component id="oc-12a">
         <name>.cinit</name>
         <load_address>0x16000</load_address>
         <run_address>0x16000</run_address>
         <size>0x2a0</size>
         <input_file_ref idref="fl-e"/>
      </object_component>
      <object_component id="oc-171">
         <name>.cinit</name>
         <load_address>0x162a0</load_address>
         <run_address>0x162a0</run_address>
         <size>0xe</size>
         <input_file_ref idref="fl-2d"/>
      </object_component>
      <object_component id="oc-99">
         <name>.cinit</name>
         <load_address>0x162ae</load_address>
         <run_address>0x162ae</run_address>
         <size>0xc</size>
         <input_file_ref idref="fl-5"/>
      </object_component>
      <object_component id="oc-af">
         <name>.cinit:_DAC_PTR</name>
         <load_address>0x162ba</load_address>
         <run_address>0x162ba</run_address>
         <size>0xb</size>
         <input_file_ref idref="fl-5"/>
      </object_component>
      <object_component id="oc-192">
         <name>.cinit:_posArray</name>
         <load_address>0x162c5</load_address>
         <run_address>0x162c5</run_address>
         <size>0xb</size>
         <input_file_ref idref="fl-e"/>
      </object_component>
      <object_component id="oc-190">
         <name>.cinit:__lock</name>
         <load_address>0x162d0</load_address>
         <run_address>0x162d0</run_address>
         <size>0x5</size>
         <input_file_ref idref="fl-2e"/>
      </object_component>
      <object_component id="oc-1a3">
         <name>.cinit:__unlock</name>
         <load_address>0x162d5</load_address>
         <run_address>0x162d5</run_address>
         <size>0x5</size>
         <input_file_ref idref="fl-2e"/>
      </object_component>
      <object_component id="oc-182">
         <name>.cinit</name>
         <load_address>0x162da</load_address>
         <run_address>0x162da</run_address>
         <size>0x4</size>
         <input_file_ref idref="fl-30"/>
      </object_component>
      <object_component id="oc-152">
         <name>.reset</name>
         <load_address>0x3fffc0</load_address>
         <run_address>0x3fffc0</run_address>
         <size>0x2</size>
         <input_file_ref idref="fl-27"/>
      </object_component>
      <object_component id="oc-151">
         <name>.stack</name>
         <uninitialized>true</uninitialized>
         <run_address>0x400</run_address>
         <size>0x0</size>
         <input_file_ref idref="fl-27"/>
      </object_component>
      <object_component id="oc-238">
         <name>.stack</name>
         <uninitialized>true</uninitialized>
         <run_address>0x400</run_address>
         <size>0x0</size>
      </object_component>
      <object_component id="oc-9a">
         <name>.ebss</name>
         <uninitialized>true</uninitialized>
         <run_address>0x1242e</run_address>
         <size>0x3</size>
         <input_file_ref idref="fl-5"/>
      </object_component>
      <object_component id="oc-18a">
         <name>.ebss:_DAC_PTR</name>
         <uninitialized>true</uninitialized>
         <run_address>0x12274</run_address>
         <size>0x8</size>
         <input_file_ref idref="fl-5"/>
      </object_component>
      <object_component id="oc-12b">
         <name>.ebss</name>
         <uninitialized>true</uninitialized>
         <run_address>0x12000</run_address>
         <size>0x274</size>
         <input_file_ref idref="fl-e"/>
      </object_component>
      <object_component id="oc-195">
         <name>.ebss:_VTimer0</name>
         <uninitialized>true</uninitialized>
         <run_address>0x1227c</run_address>
         <size>0x4</size>
         <input_file_ref idref="fl-e"/>
      </object_component>
      <object_component id="oc-196">
         <name>.ebss:_VTimer1</name>
         <uninitialized>true</uninitialized>
         <run_address>0x12426</run_address>
         <size>0x4</size>
         <input_file_ref idref="fl-e"/>
      </object_component>
      <object_component id="oc-197">
         <name>.ebss:_VTimer2</name>
         <uninitialized>true</uninitialized>
         <run_address>0x1242a</run_address>
         <size>0x4</size>
         <input_file_ref idref="fl-e"/>
      </object_component>
      <object_component id="oc-191">
         <name>.ebss:_posArray</name>
         <uninitialized>true</uninitialized>
         <run_address>0x12410</run_address>
         <size>0x10</size>
         <input_file_ref idref="fl-e"/>
      </object_component>
      <object_component id="oc-19e">
         <name>.ebss:_DBUFF_4CH1</name>
         <uninitialized>true</uninitialized>
         <run_address>0x12280</run_address>
         <size>0x190</size>
         <input_file_ref idref="fl-e"/>
      </object_component>
      <object_component id="oc-19f">
         <name>.ebss:_DBUFF_4CH2</name>
         <uninitialized>true</uninitialized>
         <run_address>0x12440</run_address>
         <size>0x190</size>
         <input_file_ref idref="fl-e"/>
      </object_component>
      <object_component id="oc-1a0">
         <name>.ebss:_DBUFF_4CH3</name>
         <uninitialized>true</uninitialized>
         <run_address>0x12600</run_address>
         <size>0x190</size>
         <input_file_ref idref="fl-e"/>
      </object_component>
      <object_component id="oc-1a1">
         <name>.ebss:_DBUFF_4CH4</name>
         <uninitialized>true</uninitialized>
         <run_address>0x127c0</run_address>
         <size>0x190</size>
         <input_file_ref idref="fl-e"/>
      </object_component>
      <object_component id="oc-172">
         <name>.ebss</name>
         <uninitialized>true</uninitialized>
         <run_address>0x12420</run_address>
         <size>0x6</size>
         <input_file_ref idref="fl-2d"/>
      </object_component>
      <object_component id="oc-18f">
         <name>.ebss:__lock</name>
         <uninitialized>true</uninitialized>
         <run_address>0x12432</run_address>
         <size>0x2</size>
         <input_file_ref idref="fl-2e"/>
      </object_component>
      <object_component id="oc-1aa">
         <name>.ebss:__unlock</name>
         <uninitialized>true</uninitialized>
         <run_address>0x12434</run_address>
         <size>0x2</size>
         <input_file_ref idref="fl-2e"/>
      </object_component>
      <object_component id="oc-183">
         <name>.ebss</name>
         <uninitialized>true</uninitialized>
         <run_address>0x12431</run_address>
         <size>0x1</size>
         <input_file_ref idref="fl-30"/>
      </object_component>
      <object_component id="oc-1a6">
         <name>.econst:_PieVectTableInit</name>
         <load_address>0xa800</load_address>
         <run_address>0xa800</run_address>
         <size>0x1c0</size>
         <input_file_ref idref="fl-a"/>
      </object_component>
      <object_component id="oc-146">
         <name>.econst</name>
         <load_address>0xa9c0</load_address>
         <run_address>0xa9c0</run_address>
         <size>0x10</size>
         <input_file_ref idref="fl-25"/>
      </object_component>
      <object_component id="oc-1a7">
         <name>.econst:_halF</name>
         <load_address>0xa9d0</load_address>
         <run_address>0xa9d0</run_address>
         <size>0x4</size>
         <input_file_ref idref="fl-25"/>
      </object_component>
      <object_component id="oc-1a8">
         <name>.econst:_ln2HI</name>
         <load_address>0xa9d4</load_address>
         <run_address>0xa9d4</run_address>
         <size>0x4</size>
         <input_file_ref idref="fl-25"/>
      </object_component>
      <object_component id="oc-1a9">
         <name>.econst:_ln2LO</name>
         <load_address>0xa9d8</load_address>
         <run_address>0xa9d8</run_address>
         <size>0x4</size>
         <input_file_ref idref="fl-25"/>
      </object_component>
      <object_component id="oc-14c">
         <name>.econst</name>
         <load_address>0xa9dc</load_address>
         <run_address>0xa9dc</run_address>
         <size>0x2</size>
         <input_file_ref idref="fl-26"/>
      </object_component>
      <object_component id="oc-124">
         <name>.TI.ramfunc</name>
         <load_address>0x162e0</load_address>
         <run_address>0x162e0</run_address>
         <size>0x4</size>
         <input_file_ref idref="fl-d"/>
      </object_component>
      <object_component id="oc-109">
         <name>PieVectTableFile</name>
         <uninitialized>true</uninitialized>
         <run_address>0xd00</run_address>
         <size>0x1c0</size>
         <input_file_ref idref="fl-7"/>
      </object_component>
      <object_component id="oc-a6">
         <name>EmuKeyVar</name>
         <uninitialized>true</uninitialized>
         <run_address>0xd00</run_address>
         <size>0x1</size>
         <input_file_ref idref="fl-7"/>
      </object_component>
      <object_component id="oc-a7">
         <name>EmuBModeVar</name>
         <uninitialized>true</uninitialized>
         <run_address>0xd01</run_address>
         <size>0x1</size>
         <input_file_ref idref="fl-7"/>
      </object_component>
      <object_component id="oc-be">
         <name>AdcaResultFile</name>
         <uninitialized>true</uninitialized>
         <run_address>0xb00</run_address>
         <size>0x18</size>
         <input_file_ref idref="fl-7"/>
      </object_component>
      <object_component id="oc-bf">
         <name>AdcbResultFile</name>
         <uninitialized>true</uninitialized>
         <run_address>0xb20</run_address>
         <size>0x18</size>
         <input_file_ref idref="fl-7"/>
      </object_component>
      <object_component id="oc-c0">
         <name>AdccResultFile</name>
         <uninitialized>true</uninitialized>
         <run_address>0xb40</run_address>
         <size>0x18</size>
         <input_file_ref idref="fl-7"/>
      </object_component>
      <object_component id="oc-c1">
         <name>AdcdResultFile</name>
         <uninitialized>true</uninitialized>
         <run_address>0xb60</run_address>
         <size>0x18</size>
         <input_file_ref idref="fl-7"/>
      </object_component>
      <object_component id="oc-ef">
         <name>AdcaRegsFile</name>
         <uninitialized>true</uninitialized>
         <run_address>0x7400</run_address>
         <size>0x80</size>
         <input_file_ref idref="fl-7"/>
      </object_component>
      <object_component id="oc-f0">
         <name>AdcbRegsFile</name>
         <uninitialized>true</uninitialized>
         <run_address>0x7480</run_address>
         <size>0x80</size>
         <input_file_ref idref="fl-7"/>
      </object_component>
      <object_component id="oc-f1">
         <name>AdccRegsFile</name>
         <uninitialized>true</uninitialized>
         <run_address>0x7500</run_address>
         <size>0x80</size>
         <input_file_ref idref="fl-7"/>
      </object_component>
      <object_component id="oc-f2">
         <name>AdcdRegsFile</name>
         <uninitialized>true</uninitialized>
         <run_address>0x7580</run_address>
         <size>0x80</size>
         <input_file_ref idref="fl-7"/>
      </object_component>
      <object_component id="oc-eb">
         <name>AnalogSubsysRegsFile</name>
         <uninitialized>true</uninitialized>
         <run_address>0x5d180</run_address>
         <size>0x48</size>
         <input_file_ref idref="fl-7"/>
      </object_component>
      <object_component id="oc-105">
         <name>CanaRegsFile</name>
         <uninitialized>true</uninitialized>
         <run_address>0x48000</run_address>
         <size>0x164</size>
         <input_file_ref idref="fl-7"/>
      </object_component>
      <object_component id="oc-106">
         <name>CanbRegsFile</name>
         <uninitialized>true</uninitialized>
         <run_address>0x4a000</run_address>
         <size>0x164</size>
         <input_file_ref idref="fl-7"/>
      </object_component>
      <object_component id="oc-e6">
         <name>Cla1RegsFile</name>
         <uninitialized>true</uninitialized>
         <run_address>0x1400</run_address>
         <size>0x3e</size>
         <input_file_ref idref="fl-7"/>
      </object_component>
      <object_component id="oc-ab">
         <name>Cla1SoftIntRegsFile</name>
         <uninitialized>true</uninitialized>
         <run_address>0xce0</run_address>
         <size>0x4</size>
         <input_file_ref idref="fl-7"/>
      </object_component>
      <object_component id="oc-c4">
         <name>Cmpss1RegsFile</name>
         <uninitialized>true</uninitialized>
         <run_address>0x5c80</run_address>
         <size>0x20</size>
         <input_file_ref idref="fl-7"/>
      </object_component>
      <object_component id="oc-c5">
         <name>Cmpss2RegsFile</name>
         <uninitialized>true</uninitialized>
         <run_address>0x5ca0</run_address>
         <size>0x20</size>
         <input_file_ref idref="fl-7"/>
      </object_component>
      <object_component id="oc-c6">
         <name>Cmpss3RegsFile</name>
         <uninitialized>true</uninitialized>
         <run_address>0x5cc0</run_address>
         <size>0x20</size>
         <input_file_ref idref="fl-7"/>
      </object_component>
      <object_component id="oc-c7">
         <name>Cmpss4RegsFile</name>
         <uninitialized>true</uninitialized>
         <run_address>0x5ce0</run_address>
         <size>0x20</size>
         <input_file_ref idref="fl-7"/>
      </object_component>
      <object_component id="oc-c8">
         <name>Cmpss5RegsFile</name>
         <uninitialized>true</uninitialized>
         <run_address>0x5d00</run_address>
         <size>0x20</size>
         <input_file_ref idref="fl-7"/>
      </object_component>
      <object_component id="oc-c9">
         <name>Cmpss6RegsFile</name>
         <uninitialized>true</uninitialized>
         <run_address>0x5d20</run_address>
         <size>0x20</size>
         <input_file_ref idref="fl-7"/>
      </object_component>
      <object_component id="oc-ca">
         <name>Cmpss7RegsFile</name>
         <uninitialized>true</uninitialized>
         <run_address>0x5d40</run_address>
         <size>0x20</size>
         <input_file_ref idref="fl-7"/>
      </object_component>
      <object_component id="oc-cb">
         <name>Cmpss8RegsFile</name>
         <uninitialized>true</uninitialized>
         <run_address>0x5d60</run_address>
         <size>0x20</size>
         <input_file_ref idref="fl-7"/>
      </object_component>
      <object_component id="oc-b2">
         <name>CpuTimer0RegsFile</name>
         <uninitialized>true</uninitialized>
         <run_address>0xc00</run_address>
         <size>0x8</size>
         <input_file_ref idref="fl-7"/>
      </object_component>
      <object_component id="oc-b3">
         <name>CpuTimer1RegsFile</name>
         <uninitialized>true</uninitialized>
         <run_address>0xc08</run_address>
         <size>0x8</size>
         <input_file_ref idref="fl-7"/>
      </object_component>
      <object_component id="oc-b4">
         <name>CpuTimer2RegsFile</name>
         <uninitialized>true</uninitialized>
         <run_address>0xc10</run_address>
         <size>0x8</size>
         <input_file_ref idref="fl-7"/>
      </object_component>
      <object_component id="oc-ae">
         <name>DacaRegsFile</name>
         <uninitialized>true</uninitialized>
         <run_address>0x5c00</run_address>
         <size>0x8</size>
         <input_file_ref idref="fl-7"/>
      </object_component>
      <object_component id="oc-b0">
         <name>DacbRegsFile</name>
         <uninitialized>true</uninitialized>
         <run_address>0x5c10</run_address>
         <size>0x8</size>
         <input_file_ref idref="fl-7"/>
      </object_component>
      <object_component id="oc-b1">
         <name>DaccRegsFile</name>
         <uninitialized>true</uninitialized>
         <run_address>0x5c20</run_address>
         <size>0x8</size>
         <input_file_ref idref="fl-7"/>
      </object_component>
      <object_component id="oc-dd">
         <name>DcsmZ1RegsFile</name>
         <uninitialized>true</uninitialized>
         <run_address>0x5f000</run_address>
         <size>0x24</size>
         <input_file_ref idref="fl-7"/>
      </object_component>
      <object_component id="oc-de">
         <name>DcsmZ2RegsFile</name>
         <uninitialized>true</uninitialized>
         <run_address>0x5f040</run_address>
         <size>0x24</size>
         <input_file_ref idref="fl-7"/>
      </object_component>
      <object_component id="oc-b5">
         <name>DcsmCommonRegsFile</name>
         <uninitialized>true</uninitialized>
         <run_address>0x5f070</run_address>
         <size>0x8</size>
         <input_file_ref idref="fl-7"/>
      </object_component>
      <object_component id="oc-cc">
         <name>DcsmZ1OtpFile</name>
         <uninitialized>true</uninitialized>
         <run_address>0x78000</run_address>
         <size>0x20</size>
         <input_file_ref idref="fl-7"/>
      </object_component>
      <object_component id="oc-cd">
         <name>DcsmZ2OtpFile</name>
         <uninitialized>true</uninitialized>
         <run_address>0x78200</run_address>
         <size>0x20</size>
         <input_file_ref idref="fl-7"/>
      </object_component>
      <object_component id="oc-f7">
         <name>DmaRegsFile</name>
         <uninitialized>true</uninitialized>
         <run_address>0x1000</run_address>
         <size>0xe0</size>
         <input_file_ref idref="fl-7"/>
      </object_component>
      <object_component id="oc-c2">
         <name>DmaClaSrcSelRegsFile</name>
         <uninitialized>true</uninitialized>
         <run_address>0x7980</run_address>
         <size>0x1a</size>
         <input_file_ref idref="fl-7"/>
      </object_component>
      <object_component id="oc-ce">
         <name>ECap1RegsFile</name>
         <uninitialized>true</uninitialized>
         <run_address>0x5000</run_address>
         <size>0x20</size>
         <input_file_ref idref="fl-7"/>
      </object_component>
      <object_component id="oc-cf">
         <name>ECap2RegsFile</name>
         <uninitialized>true</uninitialized>
         <run_address>0x5020</run_address>
         <size>0x20</size>
         <input_file_ref idref="fl-7"/>
      </object_component>
      <object_component id="oc-d0">
         <name>ECap3RegsFile</name>
         <uninitialized>true</uninitialized>
         <run_address>0x5040</run_address>
         <size>0x20</size>
         <input_file_ref idref="fl-7"/>
      </object_component>
      <object_component id="oc-d1">
         <name>ECap4RegsFile</name>
         <uninitialized>true</uninitialized>
         <run_address>0x5060</run_address>
         <size>0x20</size>
         <input_file_ref idref="fl-7"/>
      </object_component>
      <object_component id="oc-d2">
         <name>ECap5RegsFile</name>
         <uninitialized>true</uninitialized>
         <run_address>0x5080</run_address>
         <size>0x20</size>
         <input_file_ref idref="fl-7"/>
      </object_component>
      <object_component id="oc-d3">
         <name>ECap6RegsFile</name>
         <uninitialized>true</uninitialized>
         <run_address>0x50a0</run_address>
         <size>0x20</size>
         <input_file_ref idref="fl-7"/>
      </object_component>
      <object_component id="oc-ed">
         <name>Emif1RegsFile</name>
         <uninitialized>true</uninitialized>
         <run_address>0x47000</run_address>
         <size>0x70</size>
         <input_file_ref idref="fl-7"/>
      </object_component>
      <object_component id="oc-ee">
         <name>Emif2RegsFile</name>
         <uninitialized>true</uninitialized>
         <run_address>0x47800</run_address>
         <size>0x70</size>
         <input_file_ref idref="fl-7"/>
      </object_component>
      <object_component id="oc-f8">
         <name>EPwm1RegsFile</name>
         <uninitialized>true</uninitialized>
         <run_address>0x4000</run_address>
         <size>0x100</size>
         <input_file_ref idref="fl-7"/>
      </object_component>
      <object_component id="oc-f9">
         <name>EPwm2RegsFile</name>
         <uninitialized>true</uninitialized>
         <run_address>0x4100</run_address>
         <size>0x100</size>
         <input_file_ref idref="fl-7"/>
      </object_component>
      <object_component id="oc-fa">
         <name>EPwm3RegsFile</name>
         <uninitialized>true</uninitialized>
         <run_address>0x4200</run_address>
         <size>0x100</size>
         <input_file_ref idref="fl-7"/>
      </object_component>
      <object_component id="oc-fb">
         <name>EPwm4RegsFile</name>
         <uninitialized>true</uninitialized>
         <run_address>0x4300</run_address>
         <size>0x100</size>
         <input_file_ref idref="fl-7"/>
      </object_component>
      <object_component id="oc-fc">
         <name>EPwm5RegsFile</name>
         <uninitialized>true</uninitialized>
         <run_address>0x4400</run_address>
         <size>0x100</size>
         <input_file_ref idref="fl-7"/>
      </object_component>
      <object_component id="oc-fd">
         <name>EPwm6RegsFile</name>
         <uninitialized>true</uninitialized>
         <run_address>0x4500</run_address>
         <size>0x100</size>
         <input_file_ref idref="fl-7"/>
      </object_component>
      <object_component id="oc-fe">
         <name>EPwm7RegsFile</name>
         <uninitialized>true</uninitialized>
         <run_address>0x4600</run_address>
         <size>0x100</size>
         <input_file_ref idref="fl-7"/>
      </object_component>
      <object_component id="oc-ff">
         <name>EPwm8RegsFile</name>
         <uninitialized>true</uninitialized>
         <run_address>0x4700</run_address>
         <size>0x100</size>
         <input_file_ref idref="fl-7"/>
      </object_component>
      <object_component id="oc-100">
         <name>EPwm9RegsFile</name>
         <uninitialized>true</uninitialized>
         <run_address>0x4800</run_address>
         <size>0x100</size>
         <input_file_ref idref="fl-7"/>
      </object_component>
      <object_component id="oc-101">
         <name>EPwm10RegsFile</name>
         <uninitialized>true</uninitialized>
         <run_address>0x4900</run_address>
         <size>0x100</size>
         <input_file_ref idref="fl-7"/>
      </object_component>
      <object_component id="oc-102">
         <name>EPwm11RegsFile</name>
         <uninitialized>true</uninitialized>
         <run_address>0x4a00</run_address>
         <size>0x100</size>
         <input_file_ref idref="fl-7"/>
      </object_component>
      <object_component id="oc-103">
         <name>EPwm12RegsFile</name>
         <uninitialized>true</uninitialized>
         <run_address>0x4b00</run_address>
         <size>0x100</size>
         <input_file_ref idref="fl-7"/>
      </object_component>
      <object_component id="oc-e7">
         <name>EPwmXbarRegsFile</name>
         <uninitialized>true</uninitialized>
         <run_address>0x7a00</run_address>
         <size>0x40</size>
         <input_file_ref idref="fl-7"/>
      </object_component>
      <object_component id="oc-d8">
         <name>EQep1RegsFile</name>
         <uninitialized>true</uninitialized>
         <run_address>0x5100</run_address>
         <size>0x22</size>
         <input_file_ref idref="fl-7"/>
      </object_component>
      <object_component id="oc-d9">
         <name>EQep2RegsFile</name>
         <uninitialized>true</uninitialized>
         <run_address>0x5140</run_address>
         <size>0x22</size>
         <input_file_ref idref="fl-7"/>
      </object_component>
      <object_component id="oc-da">
         <name>EQep3RegsFile</name>
         <uninitialized>true</uninitialized>
         <run_address>0x5180</run_address>
         <size>0x22</size>
         <input_file_ref idref="fl-7"/>
      </object_component>
      <object_component id="oc-108">
         <name>Flash0CtrlRegsFile</name>
         <uninitialized>true</uninitialized>
         <run_address>0x5f800</run_address>
         <size>0x182</size>
         <input_file_ref idref="fl-7"/>
      </object_component>
      <object_component id="oc-e2">
         <name>Flash0EccRegsFile</name>
         <uninitialized>true</uninitialized>
         <run_address>0x5fb00</run_address>
         <size>0x28</size>
         <input_file_ref idref="fl-7"/>
      </object_component>
      <object_component id="oc-107">
         <name>GpioCtrlRegsFile</name>
         <uninitialized>true</uninitialized>
         <run_address>0x7c00</run_address>
         <size>0x180</size>
         <input_file_ref idref="fl-7"/>
      </object_component>
      <object_component id="oc-e4">
         <name>GpioDataRegsFile</name>
         <uninitialized>true</uninitialized>
         <run_address>0x7f00</run_address>
         <size>0x30</size>
         <input_file_ref idref="fl-7"/>
      </object_component>
      <object_component id="oc-e8">
         <name>OutputXbarRegsFile</name>
         <uninitialized>true</uninitialized>
         <run_address>0x7a80</run_address>
         <size>0x40</size>
         <input_file_ref idref="fl-7"/>
      </object_component>
      <object_component id="oc-db">
         <name>I2caRegsFile</name>
         <uninitialized>true</uninitialized>
         <run_address>0x7300</run_address>
         <size>0x22</size>
         <input_file_ref idref="fl-7"/>
      </object_component>
      <object_component id="oc-dc">
         <name>I2cbRegsFile</name>
         <uninitialized>true</uninitialized>
         <run_address>0x7340</run_address>
         <size>0x22</size>
         <input_file_ref idref="fl-7"/>
      </object_component>
      <object_component id="oc-d4">
         <name>InputXbarRegsFile</name>
         <uninitialized>true</uninitialized>
         <run_address>0x7900</run_address>
         <size>0x20</size>
         <input_file_ref idref="fl-7"/>
      </object_component>
      <object_component id="oc-d5">
         <name>XbarRegsFile</name>
         <uninitialized>true</uninitialized>
         <run_address>0x7920</run_address>
         <size>0x20</size>
         <input_file_ref idref="fl-7"/>
      </object_component>
      <object_component id="oc-df">
         <name>IpcRegsFile</name>
         <uninitialized>true</uninitialized>
         <run_address>0x50000</run_address>
         <size>0x24</size>
         <input_file_ref idref="fl-7"/>
      </object_component>
      <object_component id="oc-a8">
         <name>FlashPumpSemaphoreRegsFile</name>
         <uninitialized>true</uninitialized>
         <run_address>0x50024</run_address>
         <size>0x2</size>
         <input_file_ref idref="fl-7"/>
      </object_component>
      <object_component id="oc-a9">
         <name>RomPrefetchRegsFile</name>
         <uninitialized>true</uninitialized>
         <run_address>0x5e608</run_address>
         <size>0x2</size>
         <input_file_ref idref="fl-7"/>
      </object_component>
      <object_component id="oc-f3">
         <name>MemCfgRegsFile</name>
         <uninitialized>true</uninitialized>
         <run_address>0x5f400</run_address>
         <size>0x80</size>
         <input_file_ref idref="fl-7"/>
      </object_component>
      <object_component id="oc-d6">
         <name>Emif1ConfigRegsFile</name>
         <uninitialized>true</uninitialized>
         <run_address>0x5f480</run_address>
         <size>0x20</size>
         <input_file_ref idref="fl-7"/>
      </object_component>
      <object_component id="oc-d7">
         <name>Emif2ConfigRegsFile</name>
         <uninitialized>true</uninitialized>
         <run_address>0x5f4a0</run_address>
         <size>0x20</size>
         <input_file_ref idref="fl-7"/>
      </object_component>
      <object_component id="oc-e9">
         <name>AccessProtectionRegsFile</name>
         <uninitialized>true</uninitialized>
         <run_address>0x5f4c0</run_address>
         <size>0x40</size>
         <input_file_ref idref="fl-7"/>
      </object_component>
      <object_component id="oc-ea">
         <name>MemoryErrorRegsFile</name>
         <uninitialized>true</uninitialized>
         <run_address>0x5f500</run_address>
         <size>0x40</size>
         <input_file_ref idref="fl-7"/>
      </object_component>
      <object_component id="oc-aa">
         <name>RomWaitStateRegsFile</name>
         <uninitialized>true</uninitialized>
         <run_address>0x5f540</run_address>
         <size>0x2</size>
         <input_file_ref idref="fl-7"/>
      </object_component>
      <object_component id="oc-e0">
         <name>McbspaRegsFile</name>
         <uninitialized>true</uninitialized>
         <run_address>0x6000</run_address>
         <size>0x24</size>
         <input_file_ref idref="fl-7"/>
      </object_component>
      <object_component id="oc-e1">
         <name>McbspbRegsFile</name>
         <uninitialized>true</uninitialized>
         <run_address>0x6040</run_address>
         <size>0x24</size>
         <input_file_ref idref="fl-7"/>
      </object_component>
      <object_component id="oc-ec">
         <name>UppRegsFile</name>
         <uninitialized>true</uninitialized>
         <run_address>0x6200</run_address>
         <size>0x48</size>
         <input_file_ref idref="fl-7"/>
      </object_component>
      <object_component id="oc-ad">
         <name>NmiIntruptRegsFile</name>
         <uninitialized>true</uninitialized>
         <run_address>0x7060</run_address>
         <size>0x7</size>
         <input_file_ref idref="fl-7"/>
      </object_component>
      <object_component id="oc-c3">
         <name>PieCtrlRegsFile</name>
         <uninitialized>true</uninitialized>
         <run_address>0xce0</run_address>
         <size>0x1a</size>
         <input_file_ref idref="fl-7"/>
      </object_component>
      <object_component id="oc-b7">
         <name>SciaRegsFile</name>
         <uninitialized>true</uninitialized>
         <run_address>0x7200</run_address>
         <size>0x10</size>
         <input_file_ref idref="fl-7"/>
      </object_component>
      <object_component id="oc-b8">
         <name>ScibRegsFile</name>
         <uninitialized>true</uninitialized>
         <run_address>0x7210</run_address>
         <size>0x10</size>
         <input_file_ref idref="fl-7"/>
      </object_component>
      <object_component id="oc-b9">
         <name>ScicRegsFile</name>
         <uninitialized>true</uninitialized>
         <run_address>0x7220</run_address>
         <size>0x10</size>
         <input_file_ref idref="fl-7"/>
      </object_component>
      <object_component id="oc-ba">
         <name>ScidRegsFile</name>
         <uninitialized>true</uninitialized>
         <run_address>0x7230</run_address>
         <size>0x10</size>
         <input_file_ref idref="fl-7"/>
      </object_component>
      <object_component id="oc-f4">
         <name>Sdfm1RegsFile</name>
         <uninitialized>true</uninitialized>
         <run_address>0x5e00</run_address>
         <size>0x80</size>
         <input_file_ref idref="fl-7"/>
      </object_component>
      <object_component id="oc-f5">
         <name>Sdfm2RegsFile</name>
         <uninitialized>true</uninitialized>
         <run_address>0x5e80</run_address>
         <size>0x80</size>
         <input_file_ref idref="fl-7"/>
      </object_component>
      <object_component id="oc-bb">
         <name>SpiaRegsFile</name>
         <uninitialized>true</uninitialized>
         <run_address>0x6100</run_address>
         <size>0x10</size>
         <input_file_ref idref="fl-7"/>
      </object_component>
      <object_component id="oc-bc">
         <name>SpibRegsFile</name>
         <uninitialized>true</uninitialized>
         <run_address>0x6110</run_address>
         <size>0x10</size>
         <input_file_ref idref="fl-7"/>
      </object_component>
      <object_component id="oc-bd">
         <name>SpicRegsFile</name>
         <uninitialized>true</uninitialized>
         <run_address>0x6120</run_address>
         <size>0x10</size>
         <input_file_ref idref="fl-7"/>
      </object_component>
      <object_component id="oc-104">
         <name>DevCfgRegsFile</name>
         <uninitialized>true</uninitialized>
         <run_address>0x5d000</run_address>
         <size>0x12e</size>
         <input_file_ref idref="fl-7"/>
      </object_component>
      <object_component id="oc-e5">
         <name>ClkCfgRegsFile</name>
         <uninitialized>true</uninitialized>
         <run_address>0x5d200</run_address>
         <size>0x32</size>
         <input_file_ref idref="fl-7"/>
      </object_component>
      <object_component id="oc-f6">
         <name>CpuSysRegsFile</name>
         <uninitialized>true</uninitialized>
         <run_address>0x5d300</run_address>
         <size>0x82</size>
         <input_file_ref idref="fl-7"/>
      </object_component>
      <object_component id="oc-ac">
         <name>SyncSocRegsFile</name>
         <uninitialized>true</uninitialized>
         <run_address>0x7940</run_address>
         <size>0x6</size>
         <input_file_ref idref="fl-7"/>
      </object_component>
      <object_component id="oc-e3">
         <name>WdRegsFile</name>
         <uninitialized>true</uninitialized>
         <run_address>0x7000</run_address>
         <size>0x2b</size>
         <input_file_ref idref="fl-7"/>
      </object_component>
      <object_component id="oc-b6">
         <name>XintRegsFile</name>
         <uninitialized>true</uninitialized>
         <run_address>0x7070</run_address>
         <size>0xb</size>
         <input_file_ref idref="fl-7"/>
      </object_component>
      <object_component id="oc-89">
         <name>.debug_info</name>
         <load_address>0x0</load_address>
         <run_address>0x0</run_address>
         <size>0xa09a</size>
         <input_file_ref idref="fl-2"/>
      </object_component>
      <object_component id="oc-8e">
         <name>.debug_info</name>
         <load_address>0xa09a</load_address>
         <run_address>0xa09a</run_address>
         <size>0x47c5</size>
         <input_file_ref idref="fl-3"/>
      </object_component>
      <object_component id="oc-95">
         <name>.debug_info</name>
         <load_address>0xe85f</load_address>
         <run_address>0xe85f</run_address>
         <size>0xf9</size>
         <input_file_ref idref="fl-4"/>
      </object_component>
      <object_component id="oc-98">
         <name>.debug_info</name>
         <load_address>0xe958</load_address>
         <run_address>0xe958</run_address>
         <size>0x9f9</size>
         <input_file_ref idref="fl-5"/>
      </object_component>
      <object_component id="oc-9f">
         <name>.debug_info</name>
         <load_address>0xf351</load_address>
         <run_address>0xf351</run_address>
         <size>0x34da</size>
         <input_file_ref idref="fl-6"/>
      </object_component>
      <object_component id="oc-a5">
         <name>.debug_info</name>
         <load_address>0x1282b</load_address>
         <run_address>0x1282b</run_address>
         <size>0x50344</size>
         <input_file_ref idref="fl-7"/>
      </object_component>
      <object_component id="oc-10b">
         <name>.debug_info</name>
         <load_address>0x62b6f</load_address>
         <run_address>0x62b6f</run_address>
         <size>0x19bbd</size>
         <input_file_ref idref="fl-8"/>
      </object_component>
      <object_component id="oc-110">
         <name>.debug_info</name>
         <load_address>0x7c72c</load_address>
         <run_address>0x7c72c</run_address>
         <size>0x354e</size>
         <input_file_ref idref="fl-9"/>
      </object_component>
      <object_component id="oc-115">
         <name>.debug_info</name>
         <load_address>0x7fc7a</load_address>
         <run_address>0x7fc7a</run_address>
         <size>0x6711</size>
         <input_file_ref idref="fl-a"/>
      </object_component>
      <object_component id="oc-11a">
         <name>.debug_info</name>
         <load_address>0x8638b</load_address>
         <run_address>0x8638b</run_address>
         <size>0xc7f7</size>
         <input_file_ref idref="fl-b"/>
      </object_component>
      <object_component id="oc-11f">
         <name>.debug_info</name>
         <load_address>0x92b82</load_address>
         <run_address>0x92b82</run_address>
         <size>0x1fce</size>
         <input_file_ref idref="fl-c"/>
      </object_component>
      <object_component id="oc-126">
         <name>.debug_info</name>
         <load_address>0x94b50</load_address>
         <run_address>0x94b50</run_address>
         <size>0xf4</size>
         <input_file_ref idref="fl-d"/>
      </object_component>
      <object_component id="oc-129">
         <name>.debug_info</name>
         <load_address>0x94c44</load_address>
         <run_address>0x94c44</run_address>
         <size>0x30aab</size>
         <input_file_ref idref="fl-e"/>
      </object_component>
      <object_component id="oc-131">
         <name>.debug_info</name>
         <load_address>0xc56ef</load_address>
         <run_address>0xc56ef</run_address>
         <size>0xd6e4</size>
         <input_file_ref idref="fl-f"/>
      </object_component>
      <object_component id="oc-136">
         <name>.debug_info</name>
         <load_address>0xd2dd3</load_address>
         <run_address>0xd2dd3</run_address>
         <size>0x9b22</size>
         <input_file_ref idref="fl-10"/>
      </object_component>
      <object_component id="oc-13b">
         <name>.debug_info</name>
         <load_address>0xdc8f5</load_address>
         <run_address>0xdc8f5</run_address>
         <size>0x9eed</size>
         <input_file_ref idref="fl-11"/>
      </object_component>
      <object_component id="oc-140">
         <name>.debug_info</name>
         <load_address>0xe67e2</load_address>
         <run_address>0xe67e2</run_address>
         <size>0x68b</size>
         <input_file_ref idref="fl-12"/>
      </object_component>
      <object_component id="oc-145">
         <name>.debug_info</name>
         <load_address>0xe6e6d</load_address>
         <run_address>0xe6e6d</run_address>
         <size>0x5c5</size>
         <input_file_ref idref="fl-25"/>
      </object_component>
      <object_component id="oc-14b">
         <name>.debug_info</name>
         <load_address>0xe7432</load_address>
         <run_address>0xe7432</run_address>
         <size>0x439</size>
         <input_file_ref idref="fl-26"/>
      </object_component>
      <object_component id="oc-153">
         <name>.debug_info</name>
         <load_address>0xe786b</load_address>
         <run_address>0xe786b</run_address>
         <size>0x173</size>
         <input_file_ref idref="fl-27"/>
      </object_component>
      <object_component id="oc-158">
         <name>.debug_info</name>
         <load_address>0xe79de</load_address>
         <run_address>0xe79de</run_address>
         <size>0x114</size>
         <input_file_ref idref="fl-28"/>
      </object_component>
      <object_component id="oc-15c">
         <name>.debug_info</name>
         <load_address>0xe7af2</load_address>
         <run_address>0xe7af2</run_address>
         <size>0x561</size>
         <input_file_ref idref="fl-29"/>
      </object_component>
      <object_component id="oc-161">
         <name>.debug_info</name>
         <load_address>0xe8053</load_address>
         <run_address>0xe8053</run_address>
         <size>0x43a</size>
         <input_file_ref idref="fl-2a"/>
      </object_component>
      <object_component id="oc-166">
         <name>.debug_info</name>
         <load_address>0xe848d</load_address>
         <run_address>0xe848d</run_address>
         <size>0x3ad</size>
         <input_file_ref idref="fl-2b"/>
      </object_component>
      <object_component id="oc-16b">
         <name>.debug_info</name>
         <load_address>0xe883a</load_address>
         <run_address>0xe883a</run_address>
         <size>0x3aa</size>
         <input_file_ref idref="fl-2c"/>
      </object_component>
      <object_component id="oc-170">
         <name>.debug_info</name>
         <load_address>0xe8be4</load_address>
         <run_address>0xe8be4</run_address>
         <size>0x544</size>
         <input_file_ref idref="fl-2d"/>
      </object_component>
      <object_component id="oc-177">
         <name>.debug_info</name>
         <load_address>0xe9128</load_address>
         <run_address>0xe9128</run_address>
         <size>0x4cc</size>
         <input_file_ref idref="fl-2e"/>
      </object_component>
      <object_component id="oc-17c">
         <name>.debug_info</name>
         <load_address>0xe95f4</load_address>
         <run_address>0xe95f4</run_address>
         <size>0x467</size>
         <input_file_ref idref="fl-2f"/>
      </object_component>
      <object_component id="oc-181">
         <name>.debug_info</name>
         <load_address>0xe9a5b</load_address>
         <run_address>0xe9a5b</run_address>
         <size>0x1c6</size>
         <input_file_ref idref="fl-30"/>
      </object_component>
      <object_component id="oc-23d">
         <name>.debug_info</name>
         <load_address>0xe9c21</load_address>
         <run_address>0xe9c21</run_address>
         <size>0xaf</size>
      </object_component>
      <object_component id="oc-8a">
         <name>.debug_frame</name>
         <load_address>0x0</load_address>
         <run_address>0x0</run_address>
         <size>0xf4</size>
         <input_file_ref idref="fl-2"/>
      </object_component>
      <object_component id="oc-8f">
         <name>.debug_frame</name>
         <load_address>0xf4</load_address>
         <run_address>0xf4</run_address>
         <size>0x74</size>
         <input_file_ref idref="fl-3"/>
      </object_component>
      <object_component id="oc-9b">
         <name>.debug_frame</name>
         <load_address>0x168</load_address>
         <run_address>0x168</run_address>
         <size>0x40</size>
         <input_file_ref idref="fl-5"/>
      </object_component>
      <object_component id="oc-a1">
         <name>.debug_frame</name>
         <load_address>0x1a8</load_address>
         <run_address>0x1a8</run_address>
         <size>0x11d0</size>
         <input_file_ref idref="fl-6"/>
      </object_component>
      <object_component id="oc-10c">
         <name>.debug_frame</name>
         <load_address>0x1378</load_address>
         <run_address>0x1378</run_address>
         <size>0x1a0</size>
         <input_file_ref idref="fl-8"/>
      </object_component>
      <object_component id="oc-111">
         <name>.debug_frame</name>
         <load_address>0x1518</load_address>
         <run_address>0x1518</run_address>
         <size>0x58</size>
         <input_file_ref idref="fl-9"/>
      </object_component>
      <object_component id="oc-116">
         <name>.debug_frame</name>
         <load_address>0x1570</load_address>
         <run_address>0x1570</run_address>
         <size>0x40</size>
         <input_file_ref idref="fl-a"/>
      </object_component>
      <object_component id="oc-11b">
         <name>.debug_frame</name>
         <load_address>0x15b0</load_address>
         <run_address>0x15b0</run_address>
         <size>0x234</size>
         <input_file_ref idref="fl-b"/>
      </object_component>
      <object_component id="oc-120">
         <name>.debug_frame</name>
         <load_address>0x17e4</load_address>
         <run_address>0x17e4</run_address>
         <size>0x28</size>
         <input_file_ref idref="fl-c"/>
      </object_component>
      <object_component id="oc-12d">
         <name>.debug_frame</name>
         <load_address>0x180c</load_address>
         <run_address>0x180c</run_address>
         <size>0x314</size>
         <input_file_ref idref="fl-e"/>
      </object_component>
      <object_component id="oc-132">
         <name>.debug_frame</name>
         <load_address>0x1b20</load_address>
         <run_address>0x1b20</run_address>
         <size>0x140</size>
         <input_file_ref idref="fl-f"/>
      </object_component>
      <object_component id="oc-137">
         <name>.debug_frame</name>
         <load_address>0x1c60</load_address>
         <run_address>0x1c60</run_address>
         <size>0x28</size>
         <input_file_ref idref="fl-10"/>
      </object_component>
      <object_component id="oc-13c">
         <name>.debug_frame</name>
         <load_address>0x1c88</load_address>
         <run_address>0x1c88</run_address>
         <size>0x88</size>
         <input_file_ref idref="fl-11"/>
      </object_component>
      <object_component id="oc-141">
         <name>.debug_frame</name>
         <load_address>0x1d10</load_address>
         <run_address>0x1d10</run_address>
         <size>0x70</size>
         <input_file_ref idref="fl-12"/>
      </object_component>
      <object_component id="oc-147">
         <name>.debug_frame</name>
         <load_address>0x1d80</load_address>
         <run_address>0x1d80</run_address>
         <size>0x78</size>
         <input_file_ref idref="fl-25"/>
      </object_component>
      <object_component id="oc-14d">
         <name>.debug_frame</name>
         <load_address>0x1df8</load_address>
         <run_address>0x1df8</run_address>
         <size>0x44</size>
         <input_file_ref idref="fl-26"/>
      </object_component>
      <object_component id="oc-15d">
         <name>.debug_frame</name>
         <load_address>0x1e3c</load_address>
         <run_address>0x1e3c</run_address>
         <size>0x60</size>
         <input_file_ref idref="fl-29"/>
      </object_component>
      <object_component id="oc-162">
         <name>.debug_frame</name>
         <load_address>0x1e9c</load_address>
         <run_address>0x1e9c</run_address>
         <size>0x40</size>
         <input_file_ref idref="fl-2a"/>
      </object_component>
      <object_component id="oc-167">
         <name>.debug_frame</name>
         <load_address>0x1edc</load_address>
         <run_address>0x1edc</run_address>
         <size>0x40</size>
         <input_file_ref idref="fl-2b"/>
      </object_component>
      <object_component id="oc-16c">
         <name>.debug_frame</name>
         <load_address>0x1f1c</load_address>
         <run_address>0x1f1c</run_address>
         <size>0x40</size>
         <input_file_ref idref="fl-2c"/>
      </object_component>
      <object_component id="oc-173">
         <name>.debug_frame</name>
         <load_address>0x1f5c</load_address>
         <run_address>0x1f5c</run_address>
         <size>0x60</size>
         <input_file_ref idref="fl-2d"/>
      </object_component>
      <object_component id="oc-178">
         <name>.debug_frame</name>
         <load_address>0x1fbc</load_address>
         <run_address>0x1fbc</run_address>
         <size>0x70</size>
         <input_file_ref idref="fl-2e"/>
      </object_component>
      <object_component id="oc-17d">
         <name>.debug_frame</name>
         <load_address>0x202c</load_address>
         <run_address>0x202c</run_address>
         <size>0x40</size>
         <input_file_ref idref="fl-2f"/>
      </object_component>
      <object_component id="oc-8b">
         <name>.debug_line</name>
         <load_address>0x0</load_address>
         <run_address>0x0</run_address>
         <size>0xd1</size>
         <input_file_ref idref="fl-2"/>
      </object_component>
      <object_component id="oc-90">
         <name>.debug_line</name>
         <load_address>0xd1</load_address>
         <run_address>0xd1</run_address>
         <size>0xde</size>
         <input_file_ref idref="fl-3"/>
      </object_component>
      <object_component id="oc-94">
         <name>.debug_line</name>
         <load_address>0x1af</load_address>
         <run_address>0x1af</run_address>
         <size>0x4d</size>
         <input_file_ref idref="fl-4"/>
      </object_component>
      <object_component id="oc-9c">
         <name>.debug_line</name>
         <load_address>0x1fc</load_address>
         <run_address>0x1fc</run_address>
         <size>0x51</size>
         <input_file_ref idref="fl-5"/>
      </object_component>
      <object_component id="oc-a2">
         <name>.debug_line</name>
         <load_address>0x24d</load_address>
         <run_address>0x24d</run_address>
         <size>0xc50</size>
         <input_file_ref idref="fl-6"/>
      </object_component>
      <object_component id="oc-10d">
         <name>.debug_line</name>
         <load_address>0xe9d</load_address>
         <run_address>0xe9d</run_address>
         <size>0x273</size>
         <input_file_ref idref="fl-8"/>
      </object_component>
      <object_component id="oc-112">
         <name>.debug_line</name>
         <load_address>0x1110</load_address>
         <run_address>0x1110</run_address>
         <size>0x7b</size>
         <input_file_ref idref="fl-9"/>
      </object_component>
      <object_component id="oc-117">
         <name>.debug_line</name>
         <load_address>0x118b</load_address>
         <run_address>0x118b</run_address>
         <size>0x5e</size>
         <input_file_ref idref="fl-a"/>
      </object_component>
      <object_component id="oc-11c">
         <name>.debug_line</name>
         <load_address>0x11e9</load_address>
         <run_address>0x11e9</run_address>
         <size>0x41a</size>
         <input_file_ref idref="fl-b"/>
      </object_component>
      <object_component id="oc-121">
         <name>.debug_line</name>
         <load_address>0x1603</load_address>
         <run_address>0x1603</run_address>
         <size>0x3a</size>
         <input_file_ref idref="fl-c"/>
      </object_component>
      <object_component id="oc-125">
         <name>.debug_line</name>
         <load_address>0x163d</load_address>
         <run_address>0x163d</run_address>
         <size>0x47</size>
         <input_file_ref idref="fl-d"/>
      </object_component>
      <object_component id="oc-12e">
         <name>.debug_line</name>
         <load_address>0x1684</load_address>
         <run_address>0x1684</run_address>
         <size>0xc45</size>
         <input_file_ref idref="fl-e"/>
      </object_component>
      <object_component id="oc-133">
         <name>.debug_line</name>
         <load_address>0x22c9</load_address>
         <run_address>0x22c9</run_address>
         <size>0x1fc</size>
         <input_file_ref idref="fl-f"/>
      </object_component>
      <object_component id="oc-138">
         <name>.debug_line</name>
         <load_address>0x24c5</load_address>
         <run_address>0x24c5</run_address>
         <size>0x2d</size>
         <input_file_ref idref="fl-10"/>
      </object_component>
      <object_component id="oc-13d">
         <name>.debug_line</name>
         <load_address>0x24f2</load_address>
         <run_address>0x24f2</run_address>
         <size>0x116</size>
         <input_file_ref idref="fl-11"/>
      </object_component>
      <object_component id="oc-142">
         <name>.debug_line</name>
         <load_address>0x2608</load_address>
         <run_address>0x2608</run_address>
         <size>0xcf</size>
         <input_file_ref idref="fl-12"/>
      </object_component>
      <object_component id="oc-148">
         <name>.debug_line</name>
         <load_address>0x26d7</load_address>
         <run_address>0x26d7</run_address>
         <size>0xe6</size>
         <input_file_ref idref="fl-25"/>
      </object_component>
      <object_component id="oc-14e">
         <name>.debug_line</name>
         <load_address>0x27bd</load_address>
         <run_address>0x27bd</run_address>
         <size>0x7e</size>
         <input_file_ref idref="fl-26"/>
      </object_component>
      <object_component id="oc-154">
         <name>.debug_line</name>
         <load_address>0x283b</load_address>
         <run_address>0x283b</run_address>
         <size>0x7e</size>
         <input_file_ref idref="fl-27"/>
      </object_component>
      <object_component id="oc-159">
         <name>.debug_line</name>
         <load_address>0x28b9</load_address>
         <run_address>0x28b9</run_address>
         <size>0xad</size>
         <input_file_ref idref="fl-28"/>
      </object_component>
      <object_component id="oc-15e">
         <name>.debug_line</name>
         <load_address>0x2966</load_address>
         <run_address>0x2966</run_address>
         <size>0x50</size>
         <input_file_ref idref="fl-29"/>
      </object_component>
      <object_component id="oc-163">
         <name>.debug_line</name>
         <load_address>0x29b6</load_address>
         <run_address>0x29b6</run_address>
         <size>0x62</size>
         <input_file_ref idref="fl-2a"/>
      </object_component>
      <object_component id="oc-168">
         <name>.debug_line</name>
         <load_address>0x2a18</load_address>
         <run_address>0x2a18</run_address>
         <size>0x3e</size>
         <input_file_ref idref="fl-2b"/>
      </object_component>
      <object_component id="oc-16d">
         <name>.debug_line</name>
         <load_address>0x2a56</load_address>
         <run_address>0x2a56</run_address>
         <size>0x3a</size>
         <input_file_ref idref="fl-2c"/>
      </object_component>
      <object_component id="oc-174">
         <name>.debug_line</name>
         <load_address>0x2a90</load_address>
         <run_address>0x2a90</run_address>
         <size>0x65</size>
         <input_file_ref idref="fl-2d"/>
      </object_component>
      <object_component id="oc-179">
         <name>.debug_line</name>
         <load_address>0x2af5</load_address>
         <run_address>0x2af5</run_address>
         <size>0x5e</size>
         <input_file_ref idref="fl-2e"/>
      </object_component>
      <object_component id="oc-17e">
         <name>.debug_line</name>
         <load_address>0x2b53</load_address>
         <run_address>0x2b53</run_address>
         <size>0x4f</size>
         <input_file_ref idref="fl-2f"/>
      </object_component>
      <object_component id="oc-8c">
         <name>.debug_abbrev</name>
         <load_address>0x0</load_address>
         <run_address>0x0</run_address>
         <size>0x145</size>
         <input_file_ref idref="fl-2"/>
      </object_component>
      <object_component id="oc-91">
         <name>.debug_abbrev</name>
         <load_address>0x145</load_address>
         <run_address>0x145</run_address>
         <size>0x11c</size>
         <input_file_ref idref="fl-3"/>
      </object_component>
      <object_component id="oc-96">
         <name>.debug_abbrev</name>
         <load_address>0x261</load_address>
         <run_address>0x261</run_address>
         <size>0x21</size>
         <input_file_ref idref="fl-4"/>
      </object_component>
      <object_component id="oc-9d">
         <name>.debug_abbrev</name>
         <load_address>0x282</load_address>
         <run_address>0x282</run_address>
         <size>0x128</size>
         <input_file_ref idref="fl-5"/>
      </object_component>
      <object_component id="oc-a3">
         <name>.debug_abbrev</name>
         <load_address>0x3aa</load_address>
         <run_address>0x3aa</run_address>
         <size>0xde</size>
         <input_file_ref idref="fl-6"/>
      </object_component>
      <object_component id="oc-10a">
         <name>.debug_abbrev</name>
         <load_address>0x488</load_address>
         <run_address>0x488</run_address>
         <size>0xcb</size>
         <input_file_ref idref="fl-7"/>
      </object_component>
      <object_component id="oc-10e">
         <name>.debug_abbrev</name>
         <load_address>0x553</load_address>
         <run_address>0x553</run_address>
         <size>0x198</size>
         <input_file_ref idref="fl-8"/>
      </object_component>
      <object_component id="oc-113">
         <name>.debug_abbrev</name>
         <load_address>0x6eb</load_address>
         <run_address>0x6eb</run_address>
         <size>0xc8</size>
         <input_file_ref idref="fl-9"/>
      </object_component>
      <object_component id="oc-118">
         <name>.debug_abbrev</name>
         <load_address>0x7b3</load_address>
         <run_address>0x7b3</run_address>
         <size>0x116</size>
         <input_file_ref idref="fl-a"/>
      </object_component>
      <object_component id="oc-11d">
         <name>.debug_abbrev</name>
         <load_address>0x8c9</load_address>
         <run_address>0x8c9</run_address>
         <size>0x1c1</size>
         <input_file_ref idref="fl-b"/>
      </object_component>
      <object_component id="oc-122">
         <name>.debug_abbrev</name>
         <load_address>0xa8a</load_address>
         <run_address>0xa8a</run_address>
         <size>0x17f</size>
         <input_file_ref idref="fl-c"/>
      </object_component>
      <object_component id="oc-127">
         <name>.debug_abbrev</name>
         <load_address>0xc09</load_address>
         <run_address>0xc09</run_address>
         <size>0x2f</size>
         <input_file_ref idref="fl-d"/>
      </object_component>
      <object_component id="oc-12f">
         <name>.debug_abbrev</name>
         <load_address>0xc38</load_address>
         <run_address>0xc38</run_address>
         <size>0x220</size>
         <input_file_ref idref="fl-e"/>
      </object_component>
      <object_component id="oc-134">
         <name>.debug_abbrev</name>
         <load_address>0xe58</load_address>
         <run_address>0xe58</run_address>
         <size>0x194</size>
         <input_file_ref idref="fl-f"/>
      </object_component>
      <object_component id="oc-139">
         <name>.debug_abbrev</name>
         <load_address>0xfec</load_address>
         <run_address>0xfec</run_address>
         <size>0x145</size>
         <input_file_ref idref="fl-10"/>
      </object_component>
      <object_component id="oc-13e">
         <name>.debug_abbrev</name>
         <load_address>0x1131</load_address>
         <run_address>0x1131</run_address>
         <size>0x145</size>
         <input_file_ref idref="fl-11"/>
      </object_component>
      <object_component id="oc-143">
         <name>.debug_abbrev</name>
         <load_address>0x1276</load_address>
         <run_address>0x1276</run_address>
         <size>0xbc</size>
         <input_file_ref idref="fl-12"/>
      </object_component>
      <object_component id="oc-149">
         <name>.debug_abbrev</name>
         <load_address>0x1332</load_address>
         <run_address>0x1332</run_address>
         <size>0xd1</size>
         <input_file_ref idref="fl-25"/>
      </object_component>
      <object_component id="oc-14f">
         <name>.debug_abbrev</name>
         <load_address>0x1403</load_address>
         <run_address>0x1403</run_address>
         <size>0x9f</size>
         <input_file_ref idref="fl-26"/>
      </object_component>
      <object_component id="oc-155">
         <name>.debug_abbrev</name>
         <load_address>0x14a2</load_address>
         <run_address>0x14a2</run_address>
         <size>0x46</size>
         <input_file_ref idref="fl-27"/>
      </object_component>
      <object_component id="oc-15a">
         <name>.debug_abbrev</name>
         <load_address>0x14e8</load_address>
         <run_address>0x14e8</run_address>
         <size>0x38</size>
         <input_file_ref idref="fl-28"/>
      </object_component>
      <object_component id="oc-15f">
         <name>.debug_abbrev</name>
         <load_address>0x1520</load_address>
         <run_address>0x1520</run_address>
         <size>0xe3</size>
         <input_file_ref idref="fl-29"/>
      </object_component>
      <object_component id="oc-164">
         <name>.debug_abbrev</name>
         <load_address>0x1603</load_address>
         <run_address>0x1603</run_address>
         <size>0xa8</size>
         <input_file_ref idref="fl-2a"/>
      </object_component>
      <object_component id="oc-169">
         <name>.debug_abbrev</name>
         <load_address>0x16ab</load_address>
         <run_address>0x16ab</run_address>
         <size>0x68</size>
         <input_file_ref idref="fl-2b"/>
      </object_component>
      <object_component id="oc-16e">
         <name>.debug_abbrev</name>
         <load_address>0x1713</load_address>
         <run_address>0x1713</run_address>
         <size>0x66</size>
         <input_file_ref idref="fl-2c"/>
      </object_component>
      <object_component id="oc-175">
         <name>.debug_abbrev</name>
         <load_address>0x1779</load_address>
         <run_address>0x1779</run_address>
         <size>0x130</size>
         <input_file_ref idref="fl-2d"/>
      </object_component>
      <object_component id="oc-17a">
         <name>.debug_abbrev</name>
         <load_address>0x18a9</load_address>
         <run_address>0x18a9</run_address>
         <size>0xb2</size>
         <input_file_ref idref="fl-2e"/>
      </object_component>
      <object_component id="oc-17f">
         <name>.debug_abbrev</name>
         <load_address>0x195b</load_address>
         <run_address>0x195b</run_address>
         <size>0xee</size>
         <input_file_ref idref="fl-2f"/>
      </object_component>
      <object_component id="oc-184">
         <name>.debug_abbrev</name>
         <load_address>0x1a49</load_address>
         <run_address>0x1a49</run_address>
         <size>0x31</size>
         <input_file_ref idref="fl-30"/>
      </object_component>
      <object_component id="oc-23e">
         <name>.debug_abbrev</name>
         <load_address>0x1a7a</load_address>
         <run_address>0x1a7a</run_address>
         <size>0xf</size>
      </object_component>
      <object_component id="oc-8d">
         <name>.debug_aranges</name>
         <load_address>0x0</load_address>
         <run_address>0x0</run_address>
         <size>0x40</size>
         <input_file_ref idref="fl-2"/>
      </object_component>
      <object_component id="oc-92">
         <name>.debug_aranges</name>
         <load_address>0x40</load_address>
         <run_address>0x40</run_address>
         <size>0x28</size>
         <input_file_ref idref="fl-3"/>
      </object_component>
      <object_component id="oc-97">
         <name>.debug_aranges</name>
         <load_address>0x68</load_address>
         <run_address>0x68</run_address>
         <size>0x20</size>
         <input_file_ref idref="fl-4"/>
      </object_component>
      <object_component id="oc-9e">
         <name>.debug_aranges</name>
         <load_address>0x88</load_address>
         <run_address>0x88</run_address>
         <size>0x20</size>
         <input_file_ref idref="fl-5"/>
      </object_component>
      <object_component id="oc-a4">
         <name>.debug_aranges</name>
         <load_address>0xa8</load_address>
         <run_address>0xa8</run_address>
         <size>0x480</size>
         <input_file_ref idref="fl-6"/>
      </object_component>
      <object_component id="oc-10f">
         <name>.debug_aranges</name>
         <load_address>0x528</load_address>
         <run_address>0x528</run_address>
         <size>0x88</size>
         <input_file_ref idref="fl-8"/>
      </object_component>
      <object_component id="oc-114">
         <name>.debug_aranges</name>
         <load_address>0x5b0</load_address>
         <run_address>0x5b0</run_address>
         <size>0x28</size>
         <input_file_ref idref="fl-9"/>
      </object_component>
      <object_component id="oc-119">
         <name>.debug_aranges</name>
         <load_address>0x5d8</load_address>
         <run_address>0x5d8</run_address>
         <size>0x20</size>
         <input_file_ref idref="fl-a"/>
      </object_component>
      <object_component id="oc-11e">
         <name>.debug_aranges</name>
         <load_address>0x5f8</load_address>
         <run_address>0x5f8</run_address>
         <size>0xb8</size>
         <input_file_ref idref="fl-b"/>
      </object_component>
      <object_component id="oc-123">
         <name>.debug_aranges</name>
         <load_address>0x6b0</load_address>
         <run_address>0x6b0</run_address>
         <size>0x18</size>
         <input_file_ref idref="fl-c"/>
      </object_component>
      <object_component id="oc-128">
         <name>.debug_aranges</name>
         <load_address>0x6c8</load_address>
         <run_address>0x6c8</run_address>
         <size>0x20</size>
         <input_file_ref idref="fl-d"/>
      </object_component>
      <object_component id="oc-130">
         <name>.debug_aranges</name>
         <load_address>0x6e8</load_address>
         <run_address>0x6e8</run_address>
         <size>0xd8</size>
         <input_file_ref idref="fl-e"/>
      </object_component>
      <object_component id="oc-135">
         <name>.debug_aranges</name>
         <load_address>0x7c0</load_address>
         <run_address>0x7c0</run_address>
         <size>0x70</size>
         <input_file_ref idref="fl-f"/>
      </object_component>
      <object_component id="oc-13a">
         <name>.debug_aranges</name>
         <load_address>0x830</load_address>
         <run_address>0x830</run_address>
         <size>0x18</size>
         <input_file_ref idref="fl-10"/>
      </object_component>
      <object_component id="oc-13f">
         <name>.debug_aranges</name>
         <load_address>0x848</load_address>
         <run_address>0x848</run_address>
         <size>0x30</size>
         <input_file_ref idref="fl-11"/>
      </object_component>
      <object_component id="oc-144">
         <name>.debug_aranges</name>
         <load_address>0x878</load_address>
         <run_address>0x878</run_address>
         <size>0x28</size>
         <input_file_ref idref="fl-12"/>
      </object_component>
      <object_component id="oc-14a">
         <name>.debug_aranges</name>
         <load_address>0x8a0</load_address>
         <run_address>0x8a0</run_address>
         <size>0x20</size>
         <input_file_ref idref="fl-25"/>
      </object_component>
      <object_component id="oc-150">
         <name>.debug_aranges</name>
         <load_address>0x8c0</load_address>
         <run_address>0x8c0</run_address>
         <size>0x20</size>
         <input_file_ref idref="fl-26"/>
      </object_component>
      <object_component id="oc-156">
         <name>.debug_aranges</name>
         <load_address>0x8e0</load_address>
         <run_address>0x8e0</run_address>
         <size>0x20</size>
         <input_file_ref idref="fl-27"/>
      </object_component>
      <object_component id="oc-15b">
         <name>.debug_aranges</name>
         <load_address>0x900</load_address>
         <run_address>0x900</run_address>
         <size>0x20</size>
         <input_file_ref idref="fl-28"/>
      </object_component>
      <object_component id="oc-160">
         <name>.debug_aranges</name>
         <load_address>0x920</load_address>
         <run_address>0x920</run_address>
         <size>0x20</size>
         <input_file_ref idref="fl-29"/>
      </object_component>
      <object_component id="oc-165">
         <name>.debug_aranges</name>
         <load_address>0x940</load_address>
         <run_address>0x940</run_address>
         <size>0x20</size>
         <input_file_ref idref="fl-2a"/>
      </object_component>
      <object_component id="oc-16a">
         <name>.debug_aranges</name>
         <load_address>0x960</load_address>
         <run_address>0x960</run_address>
         <size>0x20</size>
         <input_file_ref idref="fl-2b"/>
      </object_component>
[...]
      </symbol>
      <symbol id="sm-4f1">
         <name>_SysIntOsc1Sel</name>
         <value>0x8d9b</value>
         <object_component_ref idref="oc-1a4"/>
      </symbol>
      <symbol id="sm-4f3">
         <name>_ServiceDog</name>
         <value>0x8da5</value>
         <object_component_ref idref="oc-1a4"/>
      </symbol>
      <symbol id="sm-4f5">
         <name>_HIB</name>
         <value>0x90a2</value>
         <object_component_ref idref="oc-1a4"/>
      </symbol>
      <symbol id="sm-4f7">
         <name>_AuxAuxClkSel</name>
         <value>0x8f8e</value>
         <object_component_ref idref="oc-1a4"/>
      </symbol>
      <symbol id="sm-4f9">
         <name>_AuxIntOsc2Sel</name>
         <value>0x8fa9</value>
         <object_component_ref idref="oc-1a4"/>
      </symbol>
      <symbol id="sm-4fb">
         <name>_InitAuxPll</name>
         <value>0x8fb6</value>
         <object_component_ref idref="oc-1a4"/>
      </symbol>
      <symbol id="sm-4fd">
         <name>_InitSysCtrl</name>
         <value>0x8f57</value>
         <object_component_ref idref="oc-1a4"/>
      </symbol>
      <symbol id="sm-4ff">
         <name>_STANDBY</name>
         <value>0x8dc5</value>
         <object_component_ref idref="oc-1a4"/>
      </symbol>
      <symbol id="sm-501">
         <name>_AuxXtalOscSel</name>
         <value>0x8f98</value>
         <object_component_ref idref="oc-1a4"/>
      </symbol>
      <symbol id="sm-517">
         <name>_F28x_usDelay</name>
         <value>0x162e0</value>
         <object_component_ref idref="oc-124"/>
      </symbol>
      <symbol id="sm-592">
         <name>_main</name>
         <value>0x8201</value>
         <object_component_ref idref="oc-18d"/>
      </symbol>
      <symbol id="sm-594">
         <name>_TmpD</name>
         <value>0x12014</value>
         <object_component_ref idref="oc-12b"/>
      </symbol>
      <symbol id="sm-595">
         <name>_DlogCh1</name>
         <value>0x12036</value>
         <object_component_ref idref="oc-12b"/>
      </symbol>
      <symbol id="sm-596">
         <name>_DlogCh3</name>
         <value>0x1203a</value>
         <object_component_ref idref="oc-12b"/>
      </symbol>
      <symbol id="sm-597">
         <name>_DlogCh2</name>
         <value>0x12038</value>
         <object_component_ref idref="oc-12b"/>
      </symbol>
      <symbol id="sm-598">
         <name>_DlogCh4</name>
         <value>0x1203c</value>
         <object_component_ref idref="oc-12b"/>
      </symbol>
      <symbol id="sm-599">
         <name>_ptr1</name>
         <value>0x1200d</value>
         <object_component_ref idref="oc-12b"/>
      </symbol>
      <symbol id="sm-59a">
         <name>_cntr1</name>
         <value>0x12032</value>
         <object_component_ref idref="oc-12b"/>
      </symbol>
      <symbol id="sm-59b">
         <name>_B_Task_Ptr</name>
         <value>0x1201a</value>
         <object_component_ref idref="oc-12b"/>
      </symbol>
      <symbol id="sm-59c">
         <name>_ramper</name>
         <value>0x8000</value>
         <object_component_ref idref="oc-18d"/>
      </symbol>
      <symbol id="sm-59e">
         <name>_IdRef_start</name>
         <value>0x1202e</value>
         <object_component_ref idref="oc-12b"/>
      </symbol>
      <symbol id="sm-59f">
         <name>_Angle_Switch</name>
         <value>0x12002</value>
         <object_component_ref idref="oc-12b"/>
      </symbol>
      <symbol id="sm-5a0">
         <name>_PwmDacCh4</name>
         <value>0x12012</value>
         <object_component_ref idref="oc-12b"/>
      </symbol>
      <symbol id="sm-5a1">
         <name>_PwmDacCh2</name>
         <value>0x12010</value>
         <object_component_ref idref="oc-12b"/>
      </symbol>
      <symbol id="sm-5a2">
         <name>_PwmDacCh3</name>
         <value>0x12011</value>
         <object_component_ref idref="oc-12b"/>
      </symbol>
      <symbol id="sm-5a3">
         <name>_PwmDacCh1</name>
         <value>0x1200f</value>
         <object_component_ref idref="oc-12b"/>
      </symbol>
      <symbol id="sm-5a4">
         <name>_IsrTicker</name>
         <value>0x12028</value>
         <object_component_ref idref="oc-12b"/>
      </symbol>
      <symbol id="sm-5a5">
         <name>_VTimer1</name>
         <value>0x12426</value>
         <object_component_ref idref="oc-196"/>
      </symbol>
      <symbol id="sm-5a6">
         <name>_VTimer0</name>
         <value>0x1227c</value>
         <object_component_ref idref="oc-195"/>
      </symbol>
      <symbol id="sm-5a7">
         <name>_VTimer2</name>
         <value>0x1242a</value>
         <object_component_ref idref="oc-197"/>
      </symbol>
      <symbol id="sm-5a8">
         <name>_LedCnt</name>
         <value>0x1200a</value>
         <object_component_ref idref="oc-12b"/>
      </symbol>
      <symbol id="sm-5a9">
         <name>_dlog_4ch1</name>
         <value>0x12066</value>
         <object_component_ref idref="oc-12b"/>
      </symbol>
      <symbol id="sm-5aa">
         <name>_rc_SpeedCmd_Control_Variation_Rate</name>
         <value>0x12056</value>
         <object_component_ref idref="oc-12b"/>
      </symbol>
      <symbol id="sm-5ab">
         <name>_C_Task_Ptr</name>
         <value>0x1201c</value>
         <object_component_ref idref="oc-12b"/>
      </symbol>
      <symbol id="sm-5ac">
         <name>_A_Task_Ptr</name>
         <value>0x12018</value>
         <object_component_ref idref="oc-12b"/>
      </symbol>
      <symbol id="sm-5ad">
         <name>_posSlewRate</name>
         <value>0x12034</value>
         <object_component_ref idref="oc-12b"/>
      </symbol>
      <symbol id="sm-5ae">
         <name>_SpeedFBK_Cnt</name>
         <value>0x12022</value>
         <object_component_ref idref="oc-12b"/>
      </symbol>
      <symbol id="sm-5af">
         <name>_K2</name>
         <value>0x1202c</value>
         <object_component_ref idref="oc-12b"/>
      </symbol>
      <symbol id="sm-5b0">
         <name>_K1</name>
         <value>0x1202a</value>
         <object_component_ref idref="oc-12b"/>
      </symbol>
      <symbol id="sm-5b1">
         <name>_Alpha_State_Ptr</name>
         <value>0x12016</value>
         <object_component_ref idref="oc-12b"/>
      </symbol>
      <symbol id="sm-5b2">
         <name>_SpeedCmd_Sin_Frequency_pu</name>
         <value>0x12024</value>
         <object_component_ref idref="oc-12b"/>
      </symbol>
      <symbol id="sm-5b3">
         <name>_refPosGen</name>
         <value>0x801c</value>
         <object_component_ref idref="oc-18d"/>
      </symbol>
      <symbol id="sm-5b5">
         <name>_MotorControlISR</name>
         <value>0xb000</value>
         <object_component_ref idref="oc-12c"/>
      </symbol>
      <symbol id="sm-5b7">
         <name>_Initial_Cnt</name>
         <value>0x12003</value>
         <object_component_ref idref="oc-12b"/>
      </symbol>
      <symbol id="sm-5b8">
         <name>_SpeedCmd_Sin_Magnitude_pu</name>
         <value>0x12026</value>
         <object_component_ref idref="oc-12b"/>
      </symbol>
      <symbol id="sm-5b9">
         <name>_rg_SpeedCmd_Generate_Sin</name>
         <value>0x1204a</value>
         <object_component_ref idref="oc-12b"/>
      </symbol>
      <symbol id="sm-5ba">
         <name>_DAC_Switch</name>
         <value>0x12001</value>
         <object_component_ref idref="oc-12b"/>
      </symbol>
      <symbol id="sm-5bb">
         <name>_DRV_RESET</name>
         <value>0x1200e</value>
         <object_component_ref idref="oc-12b"/>
      </symbol>
      <symbol id="sm-5bc">
         <name>_pwmdac1</name>
         <value>0x12040</value>
         <object_component_ref idref="oc-12b"/>
      </symbol>
      <symbol id="sm-5bd">
         <name>_C3</name>
         <value>0x8135</value>
         <object_component_ref idref="oc-18d"/>
      </symbol>
      <symbol id="sm-5bf">
         <name>_C2</name>
         <value>0x8143</value>
         <object_component_ref idref="oc-18d"/>
      </symbol>
      <symbol id="sm-5c1">
         <name>_C1</name>
         <value>0x8165</value>
         <object_component_ref idref="oc-18d"/>
      </symbol>
      <symbol id="sm-5c3">
         <name>_C0</name>
         <value>0x81ec</value>
         <object_component_ref idref="oc-18d"/>
      </symbol>
      <symbol id="sm-5c5">
         <name>_SPIDAC_setup</name>
         <value>0x8072</value>
         <object_component_ref idref="oc-18d"/>
      </symbol>
      <symbol id="sm-5c7">
         <name>_SPIDAC_update_all</name>
         <value>0x876c</value>
         <object_component_ref idref="oc-18d"/>
      </symbol>
      <symbol id="sm-5c9">
         <name>_B3</name>
         <value>0x814d</value>
         <object_component_ref idref="oc-18d"/>
      </symbol>
      <symbol id="sm-5cb">
         <name>_B2</name>
         <value>0x8153</value>
         <object_component_ref idref="oc-18d"/>
      </symbol>
      <symbol id="sm-5cd">
         <name>_B1</name>
         <value>0x8183</value>
         <object_component_ref idref="oc-18d"/>
      </symbol>
      <symbol id="sm-5cf">
         <name>_B0</name>
         <value>0x81d7</value>
         <object_component_ref idref="oc-18d"/>
      </symbol>
      <symbol id="sm-5d1">
         <name>_PwmTripConfig</name>
         <value>0x80b2</value>
         <object_component_ref idref="oc-18d"/>
      </symbol>
      <symbol id="sm-5d3">
         <name>_A3</name>
         <value>0x8159</value>
         <object_component_ref idref="oc-18d"/>
      </symbol>
      <symbol id="sm-5d5">
         <name>_A2</name>
         <value>0x815f</value>
         <object_component_ref idref="oc-18d"/>
      </symbol>
      <symbol id="sm-5d7">
         <name>_A1</name>
         <value>0x8189</value>
         <object_component_ref idref="oc-18d"/>
      </symbol>
      <symbol id="sm-5d9">
         <name>_A0</name>
         <value>0x81bf</value>
         <object_component_ref idref="oc-18d"/>
      </symbol>
      <symbol id="sm-5db">
         <name>_OffsetCalCounter</name>
         <value>0x1200b</value>
         <object_component_ref idref="oc-12b"/>
      </symbol>
      <symbol id="sm-5dc">
         <name>_BackTicker</name>
         <value>0x12009</value>
         <object_component_ref idref="oc-12b"/>
      </symbol>
      <symbol id="sm-5dd">
         <name>_motor1</name>
         <value>0x12080</value>
         <object_component_ref idref="oc-12b"/>
      </symbol>
      <symbol id="sm-5de">
         <name>_EnableFlag</name>
         <value>0x12008</value>
         <object_component_ref idref="oc-12b"/>
      </symbol>
      <symbol id="sm-5df">
         <name>_Speed_Est_BW</name>
         <value>0x12020</value>
         <object_component_ref idref="oc-12b"/>
      </symbol>
      <symbol id="sm-5e0">
         <name>_adc_cal</name>
         <value>0x1201e</value>
         <object_component_ref idref="oc-12b"/>
      </symbol>
      <symbol id="sm-5e1">
         <name>_posArray</name>
         <value>0x12410</value>
         <object_component_ref idref="oc-191"/>
      </symbol>
      <symbol id="sm-5e2">
         <name>_ptrMax</name>
         <value>0x1200c</value>
         <object_component_ref idref="oc-12b"/>
      </symbol>
      <symbol id="sm-5e3">
         <name>_SPIDAC_write_dac_channel</name>
         <value>0x8760</value>
         <object_component_ref idref="oc-18d"/>
      </symbol>
      <symbol id="sm-5e5">
         <name>_GPIO_TogglePin</name>
         <value>0x8121</value>
         <object_component_ref idref="oc-18d"/>
      </symbol>
      <symbol id="sm-5e7">
         <name>_SerialCommsTimer</name>
         <value>0x12000</value>
         <object_component_ref idref="oc-12b"/>
      </symbol>
      <symbol id="sm-5e8">
         <name>_IdRef_run</name>
         <value>0x12030</value>
         <object_component_ref idref="oc-12b"/>
      </symbol>
      <symbol id="sm-5e9">
         <name>_DMC1_Protection</name>
         <value>0x80ef</value>
         <object_component_ref idref="oc-18d"/>
      </symbol>
      <symbol id="sm-5eb">
         <name>_DAC_Gain_C</name>
         <value>0x12006</value>
         <object_component_ref idref="oc-12b"/>
      </symbol>
      <symbol id="sm-5ec">
         <name>_DAC_Gain_B</name>
         <value>0x12005</value>
         <object_component_ref idref="oc-12b"/>
      </symbol>
      <symbol id="sm-5ed">
         <name>_DAC_Gain_A</name>
         <value>0x12004</value>
         <object_component_ref idref="oc-12b"/>
      </symbol>
      <symbol id="sm-5ee">
         <name>_DAC_Gain_D</name>
         <value>0x12007</value>
         <object_component_ref idref="oc-12b"/>
      </symbol>
      <symbol id="sm-5ef">
         <name>_SPIDAC_xmit_u16</name>
         <value>0x874a</value>
         <object_component_ref idref="oc-18d"/>
      </symbol>
      <symbol id="sm-5f1">
         <name>_DBUFF_4CH1</name>
         <value>0x12280</value>
         <object_component_ref idref="oc-19e"/>
      </symbol>
      <symbol id="sm-5f2">
         <name>_DBUFF_4CH2</name>
         <value>0x12440</value>
         <object_component_ref idref="oc-19f"/>
      </symbol>
      <symbol id="sm-5f3">
         <name>_DBUFF_4CH3</name>
         <value>0x12600</value>
         <object_component_ref idref="oc-1a0"/>
      </symbol>
      <symbol id="sm-5f4">
         <name>_DBUFF_4CH4</name>
         <value>0x127c0</value>
         <object_component_ref idref="oc-1a1"/>
      </symbol>
      <symbol id="sm-5f5">
         <name>_ramper_speed</name>
         <value>0x8051</value>
         <object_component_ref idref="oc-18d"/>
      </symbol>
      <symbol id="sm-603">
         <name>_PWM_1ch_UpDwnCnt_CNF</name>
         <value>0x15c</value>
         <object_component_ref idref="oc-198"/>
      </symbol>
      <symbol id="sm-605">
         <name>_ConfigureADC</name>
         <value>0x2ca</value>
         <object_component_ref idref="oc-198"/>
      </symbol>
      <symbol id="sm-607">
         <name>_InitMotor1_DRV_Gpio</name>
         <value>0x21d</value>
         <object_component_ref idref="oc-198"/>
      </symbol>
      <symbol id="sm-609">
         <name>_InitMotor1EPwmGpio</name>
         <value>0x282</value>
         <object_component_ref idref="oc-198"/>
      </symbol>
      <symbol id="sm-60b">
         <name>_InitSysCtrl1</name>
         <value>0x1a4</value>
         <object_component_ref idref="oc-198"/>
      </symbol>
      <symbol id="sm-60d">
         <name>_InitMotor1EPwmDACGpio</name>
         <value>0x2a1</value>
         <object_component_ref idref="oc-198"/>
      </symbol>
      <symbol id="sm-60f">
         <name>_InitSpiRegs_DRV830x</name>
         <value>0x1db</value>
         <object_component_ref idref="oc-198"/>
      </symbol>
      <symbol id="sm-611">
         <name>_InitMotor1SpiGpio</name>
         <value>0x23a</value>
         <object_component_ref idref="oc-198"/>
      </symbol>
      <symbol id="sm-613">
         <name>_InitMotor1EQepGpio</name>
         <value>0x263</value>
         <object_component_ref idref="oc-198"/>
      </symbol>
      <symbol id="sm-615">
         <name>_InitSpiDacGpio</name>
         <value>0x1f4</value>
         <object_component_ref idref="oc-198"/>
      </symbol>
      <symbol id="sm-617">
         <name>_PWM_1ch_UpDwnCnt_CNF_noDB</name>
         <value>0x122</value>
         <object_component_ref idref="oc-198"/>
      </symbol>
      <symbol id="sm-632">
         <name>_InitDRV8305Regs</name>
         <value>0x92c8</value>
         <object_component_ref idref="oc-193"/>
      </symbol>
      <symbol id="sm-634">
         <name>_DRV8305_diagnostics</name>
         <value>0x93c1</value>
         <object_component_ref idref="oc-193"/>
      </symbol>
      <symbol id="sm-636">
         <name>_InitDRV8305</name>
         <value>0x9311</value>
         <object_component_ref idref="oc-193"/>
      </symbol>
      <symbol id="sm-645">
         <name>_DLOG_4CH_F_FUNC</name>
         <value>0x9520</value>
         <object_component_ref idref="oc-19d"/>
      </symbol>
      <symbol id="sm-647">
         <name>_DLOG_4CH_F_init</name>
         <value>0x94f9</value>
         <object_component_ref idref="oc-19d"/>
      </symbol>
      <symbol id="sm-676">
         <name>_exp</name>
         <value>0x93e8</value>
         <object_component_ref idref="oc-19c"/>
      </symbol>
      <symbol id="sm-677">
         <name>_expf</name>
         <value>0x93e8</value>
         <object_component_ref idref="oc-19c"/>
      </symbol>
      <symbol id="sm-68e">
         <name>_floorf</name>
         <value>0xb789</value>
         <object_component_ref idref="oc-18b"/>
      </symbol>
      <symbol id="sm-690">
         <name>_floor</name>
         <value>0xb789</value>
         <object_component_ref idref="oc-18b"/>
      </symbol>
      <symbol id="sm-6ab">
         <name>_c_int00</name>
         <value>0x95fe</value>
         <object_component_ref idref="oc-88"/>
      </symbol>
      <symbol id="sm-6ac">
         <name>__stack</name>
         <value>0x400</value>
         <object_component_ref idref="oc-151"/>
      </symbol>
      <symbol id="sm-6bd">
         <name>FS$$DIV</name>
         <value>0x8776</value>
         <object_component_ref idref="oc-157"/>
      </symbol>
      <symbol id="sm-6cc">
         <name>_copy_in</name>
         <value>0x96a5</value>
         <object_component_ref idref="oc-186"/>
      </symbol>
      <symbol id="sm-6de">
         <name>_memcpy</name>
         <value>0xb7e2</value>
         <object_component_ref idref="oc-18e"/>
      </symbol>
      <symbol id="sm-6eb">
         <name>__system_pre_init</name>
         <value>0x3fe</value>
         <object_component_ref idref="oc-185"/>
      </symbol>
      <symbol id="sm-6f9">
         <name>__system_post_cinit</name>
         <value>0xb7ff</value>
         <object_component_ref idref="oc-187"/>
      </symbol>
      <symbol id="sm-70e">
         <name>C$$EXIT</name>
         <value>0x9654</value>
         <object_component_ref idref="oc-189"/>
      </symbol>
      <symbol id="sm-70f">
         <name>_exit</name>
         <value>0x9656</value>
         <object_component_ref idref="oc-189"/>
      </symbol>
      <symbol id="sm-711">
         <name>___TI_cleanup_ptr</name>
         <value>0x12422</value>
         <object_component_ref idref="oc-172"/>
      </symbol>
      <symbol id="sm-712">
         <name>___TI_enable_exit_profile_output</name>
         <value>0x12420</value>
         <object_component_ref idref="oc-172"/>
      </symbol>
      <symbol id="sm-713">
         <name>_abort</name>
         <value>0x9654</value>
         <object_component_ref idref="oc-189"/>
      </symbol>
      <symbol id="sm-715">
         <name>___TI_dtors_ptr</name>
         <value>0x12424</value>
         <object_component_ref idref="oc-172"/>
      </symbol>
      <symbol id="sm-729">
         <name>__unlock</name>
         <value>0x12434</value>
         <object_component_ref idref="oc-1aa"/>
      </symbol>
      <symbol id="sm-72a">
         <name>__lock</name>
         <value>0x12432</value>
         <object_component_ref idref="oc-18f"/>
      </symbol>
      <symbol id="sm-72b">
         <name>__register_lock</name>
         <value>0x3f9</value>
         <object_component_ref idref="oc-1a2"/>
      </symbol>
      <symbol id="sm-72d">
         <name>__nop</name>
         <value>0x3fd</value>
         <object_component_ref idref="oc-1a2"/>
      </symbol>
      <symbol id="sm-72f">
         <name>__register_unlock</name>
         <value>0x3f5</value>
         <object_component_ref idref="oc-1a2"/>
      </symbol>
      <symbol id="sm-73f">
         <name>__args_main</name>
         <value>0x96f2</value>
         <object_component_ref idref="oc-188"/>
      </symbol>
      <symbol id="sm-74a">
         <name>_errno</name>
         <value>0x12431</value>
         <object_component_ref idref="oc-183"/>
      </symbol>
   </symbol_table>
   <title>Link successful</title>
</link_info>
