<?xml version="1.0" encoding="ISO-8859-1" ?>
<link_info>
   <banner>TMS320C2000 Linker PC v20.2.5.LTS</banner>
   <copyright>Copyright (c) 1996-2018 Texas Instruments Incorporated</copyright>
   <link_time>0x643d0769</link_time>
   <link_errors>0x0</link_errors>
   <output_file>MonoMtrServo_379D.out</output_file>
   <entry_point>
      <name>_c_int00</name>
      <address>0x8f2a</address>
   </entry_point>
   <input_file_list>
      <input_file id="fl-2">
         <path>.\</path>
         <kind>object</kind>
         <file>DRV830x_SPI.obj</file>
         <name>DRV830x_SPI.obj</name>
      </input_file>
      <input_file id="fl-3">
         <path>.\</path>
         <kind>object</kind>
         <file>F2837xD_Adc.obj</file>
         <name>F2837xD_Adc.obj</name>
      </input_file>
      <input_file id="fl-4">
         <path>.\</path>
         <kind>object</kind>
         <file>F2837xD_CodeStartBranch.obj</file>
         <name>F2837xD_CodeStartBranch.obj</name>
      </input_file>
      <input_file id="fl-5">
         <path>.\</path>
         <kind>object</kind>
         <file>F2837xD_Dac_setting.obj</file>
         <name>F2837xD_Dac_setting.obj</name>
      </input_file>
      <input_file id="fl-6">
         <path>.\</path>
         <kind>object</kind>
         <file>F2837xD_DefaultISR.obj</file>
         <name>F2837xD_DefaultISR.obj</name>
      </input_file>
      <input_file id="fl-7">
         <path>.\</path>
         <kind>object</kind>
         <file>F2837xD_GlobalVariableDefs.obj</file>
         <name>F2837xD_GlobalVariableDefs.obj</name>
      </input_file>
      <input_file id="fl-8">
         <path>.\</path>
         <kind>object</kind>
         <file>F2837xD_Gpio.obj</file>
         <name>F2837xD_Gpio.obj</name>
      </input_file>
      <input_file id="fl-9">
         <path>.\</path>
         <kind>object</kind>
         <file>F2837xD_PieCtrl.obj</file>
         <name>F2837xD_PieCtrl.obj</name>
      </input_file>
      <input_file id="fl-a">
         <path>.\</path>
         <kind>object</kind>
         <file>F2837xD_PieVect.obj</file>
         <name>F2837xD_PieVect.obj</name>
      </input_file>
      <input_file id="fl-b">
         <path>.\</path>
         <kind>object</kind>
         <file>F2837xD_SysCtrl.obj</file>
         <name>F2837xD_SysCtrl.obj</name>
      </input_file>
      <input_file id="fl-c">
         <path>.\</path>
         <kind>object</kind>
         <file>F2837xD_sdfm_drivers.obj</file>
         <name>F2837xD_sdfm_drivers.obj</name>
      </input_file>
      <input_file id="fl-d">
         <path>.\</path>
         <kind>object</kind>
         <file>F2837xD_usDelay.obj</file>
         <name>F2837xD_usDelay.obj</name>
      </input_file>
      <input_file id="fl-e">
         <path>.\</path>
         <kind>object</kind>
         <file>MonoMtrServo.obj</file>
         <name>MonoMtrServo.obj</name>
      </input_file>
      <input_file id="fl-f">
         <path>.\</path>
         <kind>object</kind>
         <file>config.obj</file>
         <name>config.obj</name>
      </input_file>
      <input_file id="fl-10">
         <path>.\</path>
         <kind>object</kind>
         <file>drv8301.obj</file>
         <name>drv8301.obj</name>
      </input_file>
      <input_file id="fl-11">
         <path>.\</path>
         <kind>object</kind>
         <file>drv8305.obj</file>
         <name>drv8305.obj</name>
      </input_file>
      <input_file id="fl-12">
         <path>.\utility Src Files\</path>
         <kind>object</kind>
         <file>DLOG_4CH_F.obj</file>
         <name>DLOG_4CH_F.obj</name>
      </input_file>
      <input_file id="fl-13">
         <path>.\vector\</path>
         <kind>object</kind>
         <file>abs_SP_CV.obj</file>
         <name>abs_SP_CV.obj</name>
      </input_file>
      <input_file id="fl-14">
         <path>.\vector\</path>
         <kind>object</kind>
         <file>abs_SP_CV_2.obj</file>
         <name>abs_SP_CV_2.obj</name>
      </input_file>
      <input_file id="fl-15">
         <path>.\vector\</path>
         <kind>object</kind>
         <file>abs_SP_CV_TMU0.obj</file>
         <name>abs_SP_CV_TMU0.obj</name>
      </input_file>
      <input_file id="fl-16">
         <path>.\vector\</path>
         <kind>object</kind>
         <file>add_SP_CSxCV.obj</file>
         <name>add_SP_CSxCV.obj</name>
      </input_file>
      <input_file id="fl-17">
         <path>.\vector\</path>
         <kind>object</kind>
         <file>add_SP_CVxCV.obj</file>
         <name>add_SP_CVxCV.obj</name>
      </input_file>
      <input_file id="fl-18">
         <path>.\vector\</path>
         <kind>object</kind>
         <file>iabs_SP_CV.obj</file>
         <name>iabs_SP_CV.obj</name>
      </input_file>
      <input_file id="fl-19">
         <path>.\vector\</path>
         <kind>object</kind>
         <file>iabs_SP_CV_2.obj</file>
         <name>iabs_SP_CV_2.obj</name>
      </input_file>
      <input_file id="fl-1a">
         <path>.\vector\</path>
         <kind>object</kind>
         <file>iabs_SP_CV_TMU0.obj</file>
         <name>iabs_SP_CV_TMU0.obj</name>
      </input_file>
      <input_file id="fl-1b">
         <path>.\vector\</path>
         <kind>object</kind>
         <file>mac_SP_CVxCV.obj</file>
         <name>mac_SP_CVxCV.obj</name>
      </input_file>
      <input_file id="fl-1c">
         <path>.\vector\</path>
         <kind>object</kind>
         <file>mac_SP_RVxCV.obj</file>
         <name>mac_SP_RVxCV.obj</name>
      </input_file>
      <input_file id="fl-1d">
         <path>.\vector\</path>
         <kind>object</kind>
         <file>mac_SP_i16RVxCV.obj</file>
         <name>mac_SP_i16RVxCV.obj</name>
      </input_file>
      <input_file id="fl-1e">
         <path>.\vector\</path>
         <kind>object</kind>
         <file>maxidx_SP_RV_2.obj</file>
         <name>maxidx_SP_RV_2.obj</name>
      </input_file>
      <input_file id="fl-1f">
         <path>.\vector\</path>
         <kind>object</kind>
         <file>mean_SP_CV_2.obj</file>
         <name>mean_SP_CV_2.obj</name>
      </input_file>
      <input_file id="fl-20">
         <path>.\vector\</path>
         <kind>object</kind>
         <file>median_SP_RV.obj</file>
         <name>median_SP_RV.obj</name>
      </input_file>
      <input_file id="fl-21">
         <path>.\vector\</path>
         <kind>object</kind>
         <file>median_noreorder_SP_RV.obj</file>
         <name>median_noreorder_SP_RV.obj</name>
      </input_file>
      <input_file id="fl-22">
         <path>.\vector\</path>
         <kind>object</kind>
         <file>mpy_SP_CSxCS.obj</file>
         <name>mpy_SP_CSxCS.obj</name>
      </input_file>
      <input_file id="fl-23">
         <path>.\vector\</path>
         <kind>object</kind>
         <file>mpy_SP_CVxCV.obj</file>
         <name>mpy_SP_CVxCV.obj</name>
      </input_file>
      <input_file id="fl-24">
         <path>.\vector\</path>
         <kind>object</kind>
         <file>mpy_SP_CVxCVC.obj</file>
         <name>mpy_SP_CVxCVC.obj</name>
      </input_file>
      <input_file id="fl-25">
         <path>.\vector\</path>
         <kind>object</kind>
         <file>mpy_SP_RMxRM.obj</file>
         <name>mpy_SP_RMxRM.obj</name>
      </input_file>
      <input_file id="fl-26">
         <path>.\vector\</path>
         <kind>object</kind>
         <file>mpy_SP_RMxRM_2.obj</file>
         <name>mpy_SP_RMxRM_2.obj</name>
      </input_file>
      <input_file id="fl-27">
         <path>.\vector\</path>
         <kind>object</kind>
         <file>mpy_SP_RSxRV_2.obj</file>
         <name>mpy_SP_RSxRV_2.obj</name>
      </input_file>
      <input_file id="fl-28">
         <path>.\vector\</path>
         <kind>object</kind>
         <file>mpy_SP_RSxRVxRV_2.obj</file>
         <name>mpy_SP_RSxRVxRV_2.obj</name>
      </input_file>
      <input_file id="fl-29">
         <path>.\vector\</path>
         <kind>object</kind>
         <file>mpy_SP_RVxCV.obj</file>
         <name>mpy_SP_RVxCV.obj</name>
      </input_file>
      <input_file id="fl-2a">
         <path>.\vector\</path>
         <kind>object</kind>
         <file>mpy_SP_RVxRV_2.obj</file>
         <name>mpy_SP_RVxRV_2.obj</name>
      </input_file>
      <input_file id="fl-2b">
         <path>.\vector\</path>
         <kind>object</kind>
         <file>qsort_SP_RV.obj</file>
         <name>qsort_SP_RV.obj</name>
      </input_file>
      <input_file id="fl-2c">
         <path>.\vector\</path>
         <kind>object</kind>
         <file>rnd_SP_RS.obj</file>
         <name>rnd_SP_RS.obj</name>
      </input_file>
      <input_file id="fl-2d">
         <path>.\vector\</path>
         <kind>object</kind>
         <file>sub_SP_CSxCV.obj</file>
         <name>sub_SP_CSxCV.obj</name>
      </input_file>
      <input_file id="fl-2e">
         <path>.\vector\</path>
         <kind>object</kind>
         <file>sub_SP_CVxCV.obj</file>
         <name>sub_SP_CVxCV.obj</name>
      </input_file>
      <input_file id="fl-35">
         <kind>object</kind>
         <file>&lt;internal&gt;</file>
         <name>&lt;internal&gt;</name>
      </input_file>
      <input_file id="fl-41">
         <path>C:\ti\ccs1040\ccs\tools\compiler\ti-cgt-c2000_20.2.5.LTS\lib\</path>
         <kind>archive</kind>
         <file>rts2800_fpu32.lib</file>
         <name>ti_fmax.c.obj</name>
      </input_file>
      <input_file id="fl-42">
         <path>C:\ti\ccs1040\ccs\tools\compiler\ti-cgt-c2000_20.2.5.LTS\lib\</path>
         <kind>archive</kind>
         <file>rts2800_fpu32.lib</file>
         <name>e_expf.c.obj</name>
      </input_file>
      <input_file id="fl-43">
         <path>C:\ti\ccs1040\ccs\tools\compiler\ti-cgt-c2000_20.2.5.LTS\lib\</path>
         <kind>archive</kind>
         <file>rts2800_fpu32.lib</file>
         <name>e_logf.c.obj</name>
      </input_file>
      <input_file id="fl-44">
         <path>C:\ti\ccs1040\ccs\tools\compiler\ti-cgt-c2000_20.2.5.LTS\lib\</path>
         <kind>archive</kind>
         <file>rts2800_fpu32.lib</file>
         <name>s_floorf.c.obj</name>
      </input_file>
      <input_file id="fl-45">
         <path>C:\ti\ccs1040\ccs\tools\compiler\ti-cgt-c2000_20.2.5.LTS\lib\</path>
         <kind>archive</kind>
         <file>rts2800_fpu32.lib</file>
         <name>boot28.asm.obj</name>
      </input_file>
      <input_file id="fl-46">
         <path>C:\ti\ccs1040\ccs\tools\compiler\ti-cgt-c2000_20.2.5.LTS\lib\</path>
         <kind>archive</kind>
         <file>rts2800_fpu32.lib</file>
         <name>fd_cmp28.asm.obj</name>
      </input_file>
      <input_file id="fl-47">
         <path>C:\ti\ccs1040\ccs\tools\compiler\ti-cgt-c2000_20.2.5.LTS\lib\</path>
         <kind>archive</kind>
         <file>rts2800_fpu32.lib</file>
         <name>fs_div28.asm.obj</name>
      </input_file>
      <input_file id="fl-48">
         <path>C:\ti\ccs1040\ccs\tools\compiler\ti-cgt-c2000_20.2.5.LTS\lib\</path>
         <kind>archive</kind>
         <file>rts2800_fpu32.lib</file>
         <name>ll_cmp28.asm.obj</name>
      </input_file>
      <input_file id="fl-49">
         <path>C:\ti\ccs1040\ccs\tools\compiler\ti-cgt-c2000_20.2.5.LTS\lib\</path>
         <kind>archive</kind>
         <file>rts2800_fpu32.lib</file>
         <name>cpy_tbl.c.obj</name>
      </input_file>
      <input_file id="fl-4a">
         <path>C:\ti\ccs1040\ccs\tools\compiler\ti-cgt-c2000_20.2.5.LTS\lib\</path>
         <kind>archive</kind>
         <file>rts2800_fpu32.lib</file>
         <name>memcpy.c.obj</name>
      </input_file>
      <input_file id="fl-4b">
         <path>C:\ti\ccs1040\ccs\tools\compiler\ti-cgt-c2000_20.2.5.LTS\lib\</path>
         <kind>archive</kind>
         <file>rts2800_fpu32.lib</file>
         <name>pre_init.c.obj</name>
      </input_file>
      <input_file id="fl-4c">
         <path>C:\ti\ccs1040\ccs\tools\compiler\ti-cgt-c2000_20.2.5.LTS\lib\</path>
         <kind>archive</kind>
         <file>rts2800_fpu32.lib</file>
         <name>startup.c.obj</name>
      </input_file>
      <input_file id="fl-4d">
         <path>C:\ti\ccs1040\ccs\tools\compiler\ti-cgt-c2000_20.2.5.LTS\lib\</path>
         <kind>archive</kind>
         <file>rts2800_fpu32.lib</file>
         <name>exit.c.obj</name>
      </input_file>
      <input_file id="fl-4e">
         <path>C:\ti\ccs1040\ccs\tools\compiler\ti-cgt-c2000_20.2.5.LTS\lib\</path>
         <kind>archive</kind>
         <file>rts2800_fpu32.lib</file>
         <name>_lock.c.obj</name>
      </input_file>
      <input_file id="fl-4f">
         <path>C:\ti\ccs1040\ccs\tools\compiler\ti-cgt-c2000_20.2.5.LTS\lib\</path>
         <kind>archive</kind>
         <file>rts2800_fpu32.lib</file>
         <name>args_main.c.obj</name>
      </input_file>
      <input_file id="fl-50">
         <path>C:\ti\ccs1040\ccs\tools\compiler\ti-cgt-c2000_20.2.5.LTS\lib\</path>
         <kind>archive</kind>
         <file>rts2800_fpu32.lib</file>
         <name>memory.c.obj</name>
      </input_file>
      <input_file id="fl-51">
         <path>C:\ti\ccs1040\ccs\tools\compiler\ti-cgt-c2000_20.2.5.LTS\lib\</path>
         <kind>archive</kind>
         <file>rts2800_fpu32.lib</file>
         <name>memset.c.obj</name>
      </input_file>
      <input_file id="fl-52">
         <path>C:\ti\ccs1040\ccs\tools\compiler\ti-cgt-c2000_20.2.5.LTS\lib\</path>
         <kind>archive</kind>
         <file>rts2800_fpu32.lib</file>
         <name>errno.c.obj</name>
      </input_file>
   </input_file_list>
   <object_component_list>
      <object_component id="oc-93">
         <name>codestart</name>
         <load_address>0x0</load_address>
         <run_address>0x0</run_address>
         <size>0x2</size>
         <input_file_ref idref="fl-4"/>
      </object_component>
      <object_component id="oc-247">
         <name>.text</name>
         <load_address>0x122</load_address>
         <run_address>0x122</run_address>
         <size>0x28c</size>
         <input_file_ref idref="fl-50"/>
      </object_component>
      <object_component id="oc-163">
         <name>.text</name>
         <load_address>0x3ae</load_address>
         <run_address>0x3ae</run_address>
         <size>0x51</size>
         <input_file_ref idref="fl-19"/>
      </object_component>
      <object_component id="oc-235">
         <name>.text</name>
         <load_address>0x3ff</load_address>
         <run_address>0x3ff</run_address>
         <size>0x1</size>
         <input_file_ref idref="fl-4c"/>
      </object_component>
      <object_component id="oc-29b">
         <name>.text</name>
         <load_address>0x8000</load_address>
         <run_address>0x8000</run_address>
         <size>0x376</size>
         <input_file_ref idref="fl-b"/>
      </object_component>
      <object_component id="oc-23f">
         <name>.text</name>
         <load_address>0x8376</load_address>
         <run_address>0x8376</run_address>
         <size>0x1cd</size>
         <input_file_ref idref="fl-8"/>
      </object_component>
      <object_component id="oc-277">
         <name>.text</name>
         <load_address>0x8543</load_address>
         <run_address>0x8543</run_address>
         <size>0x1ac</size>
         <input_file_ref idref="fl-41"/>
      </object_component>
      <object_component id="oc-26d">
         <name>.text</name>
         <load_address>0x86ef</load_address>
         <run_address>0x86ef</run_address>
         <size>0x111</size>
         <input_file_ref idref="fl-42"/>
      </object_component>
      <object_component id="oc-27a">
         <name>.text</name>
         <load_address>0x8800</load_address>
         <run_address>0x8800</run_address>
         <size>0x12b</size>
         <input_file_ref idref="fl-43"/>
      </object_component>
      <object_component id="oc-264">
         <name>.text</name>
         <load_address>0x892b</load_address>
         <run_address>0x892b</run_address>
         <size>0x120</size>
         <input_file_ref idref="fl-11"/>
      </object_component>
      <object_component id="oc-12c">
         <name>.text:retain</name>
         <load_address>0x8a4b</load_address>
         <run_address>0x8a4b</run_address>
         <size>0xf4</size>
         <input_file_ref idref="fl-e"/>
      </object_component>
      <object_component id="oc-29c">
         <name>.text</name>
         <load_address>0x8b3f</load_address>
         <run_address>0x8b3f</run_address>
         <size>0xe8</size>
         <input_file_ref idref="fl-3"/>
      </object_component>
      <object_component id="oc-168">
         <name>.text</name>
         <load_address>0x8c28</load_address>
         <run_address>0x8c28</run_address>
         <size>0xb6</size>
         <input_file_ref idref="fl-1a"/>
      </object_component>
      <object_component id="oc-14f">
         <name>.text</name>
         <load_address>0x8cde</load_address>
         <run_address>0x8cde</run_address>
         <size>0x93</size>
         <input_file_ref idref="fl-15"/>
      </object_component>
      <object_component id="oc-26e">
         <name>.text</name>
         <load_address>0x8d71</load_address>
         <run_address>0x8d71</run_address>
         <size>0x87</size>
         <input_file_ref idref="fl-12"/>
      </object_component>
      <object_component id="oc-265">
         <name>.text</name>
         <load_address>0x8df8</load_address>
         <run_address>0x8df8</run_address>
         <size>0x7e</size>
         <input_file_ref idref="fl-2"/>
      </object_component>
      <object_component id="oc-14a">
         <name>.text</name>
         <load_address>0x8e76</load_address>
         <run_address>0x8e76</run_address>
         <size>0x5b</size>
         <input_file_ref idref="fl-14"/>
      </object_component>
      <object_component id="oc-240">
         <name>.text</name>
         <load_address>0x8ed1</load_address>
         <run_address>0x8ed1</run_address>
         <size>0x59</size>
         <input_file_ref idref="fl-44"/>
      </object_component>
      <object_component id="oc-88">
         <name>.text</name>
         <load_address>0x8f2a</load_address>
         <run_address>0x8f2a</run_address>
         <size>0x56</size>
         <input_file_ref idref="fl-45"/>
      </object_component>
      <object_component id="oc-1a4">
         <name>.text</name>
         <load_address>0x8f80</load_address>
         <run_address>0x8f80</run_address>
         <size>0x43</size>
         <input_file_ref idref="fl-26"/>
      </object_component>
      <object_component id="oc-177">
         <name>.text</name>
         <load_address>0x8fc4</load_address>
         <run_address>0x8fc4</run_address>
         <size>0x42</size>
         <input_file_ref idref="fl-1d"/>
      </object_component>
      <object_component id="oc-172">
         <name>.text</name>
         <load_address>0x9006</load_address>
         <run_address>0x9006</run_address>
         <size>0x3f</size>
         <input_file_ref idref="fl-1c"/>
      </object_component>
      <object_component id="oc-16d">
         <name>.text</name>
         <load_address>0x9046</load_address>
         <run_address>0x9046</run_address>
         <size>0x39</size>
         <input_file_ref idref="fl-1b"/>
      </object_component>
      <object_component id="oc-181">
         <name>.text</name>
         <load_address>0x9080</load_address>
         <run_address>0x9080</run_address>
         <size>0x38</size>
         <input_file_ref idref="fl-1f"/>
      </object_component>
      <object_component id="oc-19f">
         <name>.text</name>
         <load_address>0x90b8</load_address>
         <run_address>0x90b8</run_address>
         <size>0x32</size>
         <input_file_ref idref="fl-25"/>
      </object_component>
      <object_component id="oc-145">
         <name>.text</name>
         <load_address>0x90ea</load_address>
         <run_address>0x90ea</run_address>
         <size>0x31</size>
         <input_file_ref idref="fl-13"/>
      </object_component>
      <object_component id="oc-15e">
         <name>.text</name>
         <load_address>0x911c</load_address>
         <run_address>0x911c</run_address>
         <size>0x2c</size>
         <input_file_ref idref="fl-18"/>
      </object_component>
      <object_component id="oc-1ae">
         <name>.text</name>
         <load_address>0x9148</load_address>
         <run_address>0x9148</run_address>
         <size>0x2c</size>
         <input_file_ref idref="fl-28"/>
      </object_component>
      <object_component id="oc-1ee">
         <name>.text</name>
         <load_address>0x9174</load_address>
         <run_address>0x9174</run_address>
         <size>0x2a</size>
         <input_file_ref idref="fl-46"/>
      </object_component>
      <object_component id="oc-237">
         <name>.text</name>
         <load_address>0x919e</load_address>
         <run_address>0x919e</run_address>
         <size>0x29</size>
         <input_file_ref idref="fl-4d"/>
      </object_component>
      <object_component id="oc-26a">
         <name>.text</name>
         <load_address>0x91c7</load_address>
         <run_address>0x91c7</run_address>
         <size>0x28</size>
         <input_file_ref idref="fl-9"/>
      </object_component>
      <object_component id="oc-234">
         <name>.text</name>
         <load_address>0x91ef</load_address>
         <run_address>0x91ef</run_address>
         <size>0x24</size>
         <input_file_ref idref="fl-49"/>
      </object_component>
      <object_component id="oc-1b8">
         <name>.text</name>
         <load_address>0x9214</load_address>
         <run_address>0x9214</run_address>
         <size>0x21</size>
         <input_file_ref idref="fl-2a"/>
      </object_component>
      <object_component id="oc-159">
         <name>.text</name>
         <load_address>0x9236</load_address>
         <run_address>0x9236</run_address>
         <size>0x1f</size>
         <input_file_ref idref="fl-17"/>
      </object_component>
      <object_component id="oc-19a">
         <name>.text</name>
         <load_address>0x9256</load_address>
         <run_address>0x9256</run_address>
         <size>0x1f</size>
         <input_file_ref idref="fl-24"/>
      </object_component>
      <object_component id="oc-1cc">
         <name>.text</name>
         <load_address>0x9276</load_address>
         <run_address>0x9276</run_address>
         <size>0x1f</size>
         <input_file_ref idref="fl-2e"/>
      </object_component>
      <object_component id="oc-154">
         <name>.text</name>
         <load_address>0x9296</load_address>
         <run_address>0x9296</run_address>
         <size>0x1e</size>
         <input_file_ref idref="fl-16"/>
      </object_component>
      <object_component id="oc-1f8">
         <name>.text</name>
         <load_address>0x92b4</load_address>
         <run_address>0x92b4</run_address>
         <size>0x1e</size>
         <input_file_ref idref="fl-48"/>
      </object_component>
      <object_component id="oc-1c7">
         <name>.text</name>
         <load_address>0x92d2</load_address>
         <run_address>0x92d2</run_address>
         <size>0x1e</size>
         <input_file_ref idref="fl-2d"/>
      </object_component>
      <object_component id="oc-195">
         <name>.text</name>
         <load_address>0x92f0</load_address>
         <run_address>0x92f0</run_address>
         <size>0x1d</size>
         <input_file_ref idref="fl-23"/>
      </object_component>
      <object_component id="oc-242">
         <name>.text</name>
         <load_address>0x930d</load_address>
         <run_address>0x930d</run_address>
         <size>0x1d</size>
         <input_file_ref idref="fl-4a"/>
      </object_component>
      <object_component id="oc-17c">
         <name>.text</name>
         <load_address>0x932a</load_address>
         <run_address>0x932a</run_address>
         <size>0x1c</size>
         <input_file_ref idref="fl-1e"/>
      </object_component>
      <object_component id="oc-1b3">
         <name>.text</name>
         <load_address>0x9346</load_address>
         <run_address>0x9346</run_address>
         <size>0x1b</size>
         <input_file_ref idref="fl-29"/>
      </object_component>
      <object_component id="oc-1a9">
         <name>.text</name>
         <load_address>0x9362</load_address>
         <run_address>0x9362</run_address>
         <size>0x18</size>
         <input_file_ref idref="fl-27"/>
      </object_component>
      <object_component id="oc-26c">
         <name>.text</name>
         <load_address>0x937a</load_address>
         <run_address>0x937a</run_address>
         <size>0x17</size>
         <input_file_ref idref="fl-5"/>
      </object_component>
      <object_component id="oc-190">
         <name>.text</name>
         <load_address>0x9391</load_address>
         <run_address>0x9391</run_address>
         <size>0x17</size>
         <input_file_ref idref="fl-22"/>
      </object_component>
      <object_component id="oc-1c2">
         <name>.text</name>
         <load_address>0x93a8</load_address>
         <run_address>0x93a8</run_address>
         <size>0x16</size>
         <input_file_ref idref="fl-2c"/>
      </object_component>
      <object_component id="oc-26b">
         <name>.text</name>
         <load_address>0x93be</load_address>
         <run_address>0x93be</run_address>
         <size>0x12</size>
         <input_file_ref idref="fl-a"/>
      </object_component>
      <object_component id="oc-236">
         <name>.text</name>
         <load_address>0x93d0</load_address>
         <run_address>0x93d0</run_address>
         <size>0x12</size>
         <input_file_ref idref="fl-4f"/>
      </object_component>
      <object_component id="oc-297">
         <name>.text</name>
         <load_address>0x93e2</load_address>
         <run_address>0x93e2</run_address>
         <size>0x9</size>
         <input_file_ref idref="fl-4e"/>
      </object_component>
      <object_component id="oc-233">
         <name>.text</name>
         <load_address>0x93eb</load_address>
         <run_address>0x93eb</run_address>
         <size>0x2</size>
         <input_file_ref idref="fl-4b"/>
      </object_component>
      <object_component id="oc-a0">
         <name>.text:retain</name>
         <load_address>0xb000</load_address>
         <run_address>0xb000</run_address>
         <size>0x585</size>
         <input_file_ref idref="fl-6"/>
      </object_component>
      <object_component id="oc-269">
         <name>.text</name>
         <load_address>0xb585</load_address>
         <run_address>0xb585</run_address>
         <size>0x1eb</size>
         <input_file_ref idref="fl-f"/>
      </object_component>
      <object_component id="oc-1f3">
         <name>.text</name>
         <load_address>0xb770</load_address>
         <run_address>0xb770</run_address>
         <size>0x88</size>
         <input_file_ref idref="fl-47"/>
      </object_component>
      <object_component id="oc-29a">
         <name>.text</name>
         <load_address>0xb7f8</load_address>
         <run_address>0xb7f8</run_address>
         <size>0x7</size>
         <input_file_ref idref="fl-51"/>
      </object_component>
      <object_component id="oc-241">
         <name>.text</name>
         <load_address>0x16000</load_address>
         <run_address>0x16000</run_address>
         <size>0x2196</size>
         <input_file_ref idref="fl-e"/>
      </object_component>
      <object_component id="oc-12a">
         <name>.cinit</name>
         <load_address>0x1b000</load_address>
         <run_address>0x1b000</run_address>
         <size>0x3bf</size>
         <input_file_ref idref="fl-e"/>
      </object_component>
      <object_component id="oc-23a">
         <name>.cinit:_tt1</name>
         <load_address>0x1b3bf</load_address>
         <run_address>0x1b3bf</run_address>
         <size>0x15</size>
         <input_file_ref idref="fl-e"/>
      </object_component>
      <object_component id="oc-23c">
         <name>.cinit:_tt2</name>
         <load_address>0x1b3d4</load_address>
         <run_address>0x1b3d4</run_address>
         <size>0x15</size>
         <input_file_ref idref="fl-e"/>
      </object_component>
      <object_component id="oc-212">
         <name>.cinit</name>
         <load_address>0x1b3e9</load_address>
         <run_address>0x1b3e9</run_address>
         <size>0xe</size>
         <input_file_ref idref="fl-4d"/>
      </object_component>
      <object_component id="oc-99">
         <name>.cinit</name>
         <load_address>0x1b3f7</load_address>
         <run_address>0x1b3f7</run_address>
         <size>0xc</size>
         <input_file_ref idref="fl-5"/>
      </object_component>
      <object_component id="oc-af">
         <name>.cinit:_DAC_PTR</name>
         <load_address>0x1b403</load_address>
         <run_address>0x1b403</run_address>
         <size>0xb</size>
         <input_file_ref idref="fl-5"/>
      </object_component>
      <object_component id="oc-246">
         <name>.cinit:_posArray</name>
         <load_address>0x1b40e</load_address>
         <run_address>0x1b40e</run_address>
         <size>0xb</size>
         <input_file_ref idref="fl-e"/>
      </object_component>
      <object_component id="oc-274">
         <name>.cinit:_Speed_CMD_Data</name>
         <load_address>0x1b419</load_address>
         <run_address>0x1b419</run_address>
         <size>0x7</size>
         <input_file_ref idref="fl-e"/>
      </object_component>
      <object_component id="oc-279">
         <name>.cinit:_Kalman3X3_TL</name>
         <load_address>0x1b420</load_address>
         <run_address>0x1b420</run_address>
         <size>0x5</size>
         <input_file_ref idref="fl-e"/>
      </object_component>
      <object_component id="oc-276">
         <name>.cinit:_SpeedCmd</name>
         <load_address>0x1b425</load_address>
         <run_address>0x1b425</run_address>
         <size>0x5</size>
         <input_file_ref idref="fl-e"/>
      </object_component>
      <object_component id="oc-244">
         <name>.cinit:__lock</name>
         <load_address>0x1b42a</load_address>
         <run_address>0x1b42a</run_address>
         <size>0x5</size>
         <input_file_ref idref="fl-4e"/>
      </object_component>
      <object_component id="oc-298">
         <name>.cinit:__unlock</name>
         <load_address>0x1b42f</load_address>
         <run_address>0x1b42f</run_address>
         <size>0x5</size>
         <input_file_ref idref="fl-4e"/>
      </object_component>
      <object_component id="oc-23e">
         <name>.cinit:_tt3</name>
         <load_address>0x1b434</load_address>
         <run_address>0x1b434</run_address>
         <size>0x5</size>
         <input_file_ref idref="fl-e"/>
      </object_component>
      <object_component id="oc-230">
         <name>.cinit</name>
         <load_address>0x1b439</load_address>
         <run_address>0x1b439</run_address>
         <size>0x4</size>
         <input_file_ref idref="fl-52"/>
      </object_component>
      <object_component id="oc-223">
         <name>.cinit</name>
         <load_address>0x1b43d</load_address>
         <run_address>0x1b43d</run_address>
         <size>0x4</size>
         <input_file_ref idref="fl-50"/>
      </object_component>
      <object_component id="oc-1e9">
         <name>.reset</name>
         <load_address>0x3fffc0</load_address>
         <run_address>0x3fffc0</run_address>
         <size>0x2</size>
         <input_file_ref idref="fl-45"/>
      </object_component>
      <object_component id="oc-1e8">
         <name>.stack</name>
         <uninitialized>true</uninitialized>
         <run_address>0x400</run_address>
         <size>0x0</size>
         <input_file_ref idref="fl-45"/>
      </object_component>
      <object_component id="oc-32e">
         <name>.stack</name>
         <uninitialized>true</uninitialized>
         <run_address>0x400</run_address>
         <size>0x0</size>
      </object_component>
      <object_component id="oc-9a">
         <name>.ebss</name>
         <uninitialized>true</uninitialized>
         <run_address>0x12998</run_address>
         <size>0x3</size>
         <input_file_ref idref="fl-5"/>
      </object_component>
      <object_component id="oc-238">
         <name>.ebss:_DAC_PTR</name>
         <uninitialized>true</uninitialized>
         <run_address>0x12474</run_address>
         <size>0x8</size>
         <input_file_ref idref="fl-5"/>
      </object_component>
      <object_component id="oc-12b">
         <name>.ebss</name>
         <uninitialized>true</uninitialized>
         <run_address>0x12000</run_address>
         <size>0x474</size>
         <input_file_ref idref="fl-e"/>
      </object_component>
      <object_component id="oc-266">
         <name>.ebss:_VTimer0</name>
         <uninitialized>true</uninitialized>
         <run_address>0x127f6</run_address>
         <size>0x4</size>
         <input_file_ref idref="fl-e"/>
      </object_component>
      <object_component id="oc-267">
         <name>.ebss:_VTimer1</name>
         <uninitialized>true</uninitialized>
         <run_address>0x127fa</run_address>
         <size>0x4</size>
         <input_file_ref idref="fl-e"/>
      </object_component>
      <object_component id="oc-268">
         <name>.ebss:_VTimer2</name>
         <uninitialized>true</uninitialized>
         <run_address>0x12990</run_address>
         <size>0x4</size>
         <input_file_ref idref="fl-e"/>
      </object_component>
      <object_component id="oc-273">
         <name>.ebss:_Speed_CMD_Data</name>
         <uninitialized>true</uninitialized>
         <run_address>0x127f2</run_address>
         <size>0x4</size>
         <input_file_ref idref="fl-e"/>
      </object_component>
      <object_component id="oc-275">
         <name>.ebss:_SpeedCmd</name>
         <uninitialized>true</uninitialized>
         <run_address>0x1263a</run_address>
         <size>0x4</size>
         <input_file_ref idref="fl-e"/>
      </object_component>
      <object_component id="oc-278">
         <name>.ebss:_Kalman3X3_TL</name>
         <uninitialized>true</uninitialized>
         <run_address>0x1247c</run_address>
         <size>0x4</size>
         <input_file_ref idref="fl-e"/>
      </object_component>
      <object_component id="oc-245">
         <name>.ebss:_posArray</name>
         <uninitialized>true</uninitialized>
         <run_address>0x127e2</run_address>
         <size>0x10</size>
         <input_file_ref idref="fl-e"/>
      </object_component>
      <object_component id="oc-239">
         <name>.ebss:_tt1</name>
         <uninitialized>true</uninitialized>
         <run_address>0x12610</run_address>
         <size>0x12</size>
         <input_file_ref idref="fl-e"/>
      </object_component>
      <object_component id="oc-23b">
         <name>.ebss:_tt2</name>
         <uninitialized>true</uninitialized>
         <run_address>0x12622</run_address>
         <size>0x12</size>
         <input_file_ref idref="fl-e"/>
      </object_component>
      <object_component id="oc-23d">
         <name>.ebss:_tt3</name>
         <uninitialized>true</uninitialized>
         <run_address>0x127d0</run_address>
         <size>0x12</size>
         <input_file_ref idref="fl-e"/>
      </object_component>
      <object_component id="oc-26f">
         <name>.ebss:_DBUFF_4CH1</name>
         <uninitialized>true</uninitialized>
         <run_address>0x12480</run_address>
         <size>0x190</size>
         <input_file_ref idref="fl-e"/>
      </object_component>
      <object_component id="oc-270">
         <name>.ebss:_DBUFF_4CH2</name>
         <uninitialized>true</uninitialized>
         <run_address>0x12640</run_address>
         <size>0x190</size>
         <input_file_ref idref="fl-e"/>
      </object_component>
      <object_component id="oc-271">
         <name>.ebss:_DBUFF_4CH3</name>
         <uninitialized>true</uninitialized>
         <run_address>0x12800</run_address>
         <size>0x190</size>
         <input_file_ref idref="fl-e"/>
      </object_component>
      <object_component id="oc-272">
         <name>.ebss:_DBUFF_4CH4</name>
         <uninitialized>true</uninitialized>
         <run_address>0x129c0</run_address>
         <size>0x190</size>
         <input_file_ref idref="fl-e"/>
      </object_component>
      <object_component id="oc-213">
         <name>.ebss</name>
         <uninitialized>true</uninitialized>
         <run_address>0x12634</run_address>
         <size>0x6</size>
         <input_file_ref idref="fl-4d"/>
      </object_component>
      <object_component id="oc-243">
         <name>.ebss:__lock</name>
         <uninitialized>true</uninitialized>
         <run_address>0x1263e</run_address>
         <size>0x2</size>
         <input_file_ref idref="fl-4e"/>
      </object_component>
      <object_component id="oc-299">
         <name>.ebss:__unlock</name>
         <uninitialized>true</uninitialized>
         <run_address>0x127fe</run_address>
         <size>0x2</size>
         <input_file_ref idref="fl-4e"/>
      </object_component>
      <object_component id="oc-224">
         <name>.ebss</name>
         <uninitialized>true</uninitialized>
         <run_address>0x12994</run_address>
         <size>0x4</size>
         <input_file_ref idref="fl-50"/>
      </object_component>
      <object_component id="oc-231">
         <name>.ebss</name>
         <uninitialized>true</uninitialized>
         <run_address>0x1299b</run_address>
         <size>0x1</size>
         <input_file_ref idref="fl-52"/>
      </object_component>
      <object_component id="oc-29d">
         <name>.econst:_PieVectTableInit</name>
         <load_address>0xa800</load_address>
         <run_address>0xa800</run_address>
         <size>0x1c0</size>
         <input_file_ref idref="fl-a"/>
      </object_component>
      <object_component id="oc-248">
         <name>.econst:_$P$T14$19</name>
         <load_address>0xa9c0</load_address>
         <run_address>0xa9c0</run_address>
         <size>0x12</size>
         <input_file_ref idref="fl-e"/>
      </object_component>
      <object_component id="oc-249">
         <name>.econst:_$P$T15$20</name>
         <load_address>0xa9d2</load_address>
         <run_address>0xa9d2</run_address>
         <size>0x12</size>
         <input_file_ref idref="fl-e"/>
      </object_component>
      <object_component id="oc-24f">
         <name>.econst:_$P$T21$26</name>
         <load_address>0xa9e4</load_address>
         <run_address>0xa9e4</run_address>
         <size>0x12</size>
         <input_file_ref idref="fl-e"/>
      </object_component>
      <object_component id="oc-250">
         <name>.econst:_$P$T22$27</name>
         <load_address>0xa9f6</load_address>
         <run_address>0xa9f6</run_address>
         <size>0x12</size>
         <input_file_ref idref="fl-e"/>
      </object_component>
      <object_component id="oc-251">
         <name>.econst:_$P$T23$28</name>
         <load_address>0xaa08</load_address>
         <run_address>0xaa08</run_address>
         <size>0x12</size>
         <input_file_ref idref="fl-e"/>
      </object_component>
      <object_component id="oc-253">
         <name>.econst:_$P$T25$30</name>
         <load_address>0xaa1a</load_address>
         <run_address>0xaa1a</run_address>
         <size>0x12</size>
         <input_file_ref idref="fl-e"/>
      </object_component>
      <object_component id="oc-254">
         <name>.econst:_$P$T26$31</name>
         <load_address>0xaa2c</load_address>
         <run_address>0xaa2c</run_address>
         <size>0x12</size>
         <input_file_ref idref="fl-e"/>
      </object_component>
      <object_component id="oc-256">
         <name>.econst:_$P$T28$33</name>
         <load_address>0xaa3e</load_address>
         <run_address>0xaa3e</run_address>
         <size>0x12</size>
         <input_file_ref idref="fl-e"/>
      </object_component>
      <object_component id="oc-27b">
         <name>.econst:_$P$T32$37</name>
         <load_address>0xaa50</load_address>
         <run_address>0xaa50</run_address>
         <size>0x12</size>
         <input_file_ref idref="fl-e"/>
      </object_component>
      <object_component id="oc-27f">
         <name>.econst:_$P$T36$41</name>
         <load_address>0xaa62</load_address>
         <run_address>0xaa62</run_address>
         <size>0x12</size>
         <input_file_ref idref="fl-e"/>
      </object_component>
      <object_component id="oc-282">
         <name>.econst:_$P$T39$44</name>
         <load_address>0xaa74</load_address>
         <run_address>0xaa74</run_address>
         <size>0x12</size>
         <input_file_ref idref="fl-e"/>
      </object_component>
      <object_component id="oc-283">
         <name>.econst:_$P$T40$45</name>
         <load_address>0xaa86</load_address>
         <run_address>0xaa86</run_address>
         <size>0x12</size>
         <input_file_ref idref="fl-e"/>
      </object_component>
      <object_component id="oc-287">
         <name>.econst:_$P$T44$49</name>
         <load_address>0xaa98</load_address>
         <run_address>0xaa98</run_address>
         <size>0x12</size>
         <input_file_ref idref="fl-e"/>
      </object_component>
      <object_component id="oc-288">
         <name>.econst:_$P$T45$50</name>
         <load_address>0xaaaa</load_address>
         <run_address>0xaaaa</run_address>
         <size>0x12</size>
         <input_file_ref idref="fl-e"/>
      </object_component>
      <object_component id="oc-1d7">
         <name>.econst</name>
         <load_address>0xaabc</load_address>
         <run_address>0xaabc</run_address>
         <size>0x10</size>
         <input_file_ref idref="fl-42"/>
      </object_component>
      <object_component id="oc-1dd">
         <name>.econst</name>
         <load_address>0xaacc</load_address>
         <run_address>0xaacc</run_address>
         <size>0x10</size>
         <input_file_ref idref="fl-43"/>
      </object_component>
      <object_component id="oc-255">
         <name>.econst:_$P$T27$32</name>
         <load_address>0xaadc</load_address>
         <run_address>0xaadc</run_address>
         <size>0xe</size>
         <input_file_ref idref="fl-e"/>
      </object_component>
      <object_component id="oc-289">
         <name>.econst:_$P$T0$5</name>
         <load_address>0xaaea</load_address>
         <run_address>0xaaea</run_address>
         <size>0x8</size>
         <input_file_ref idref="fl-e"/>
      </object_component>
      <object_component id="oc-295">
         <name>.econst:_$P$T12$17</name>
         <load_address>0xaaf2</load_address>
         <run_address>0xaaf2</run_address>
         <size>0x8</size>
         <input_file_ref idref="fl-e"/>
      </object_component>
      <object_component id="oc-296">
         <name>.econst:_$P$T13$18</name>
         <load_address>0xaafa</load_address>
         <run_address>0xaafa</run_address>
         <size>0x8</size>
         <input_file_ref idref="fl-e"/>
      </object_component>
      <object_component id="oc-28d">
         <name>.econst:_$P$T4$9</name>
         <load_address>0xab02</load_address>
         <run_address>0xab02</run_address>
         <size>0x8</size>
         <input_file_ref idref="fl-e"/>
      </object_component>
      <object_component id="oc-25c">
         <name>.econst:_$P$T48$53</name>
         <load_address>0xab0a</load_address>
         <run_address>0xab0a</run_address>
         <size>0x8</size>
         <input_file_ref idref="fl-e"/>
      </object_component>
      <object_component id="oc-25e">
         <name>.econst:_$P$T50$55</name>
         <load_address>0xab12</load_address>
         <run_address>0xab12</run_address>
         <size>0x8</size>
         <input_file_ref idref="fl-e"/>
      </object_component>
      <object_component id="oc-262">
         <name>.econst:_$P$T54$59</name>
         <load_address>0xab1a</load_address>
         <run_address>0xab1a</run_address>
         <size>0x8</size>
         <input_file_ref idref="fl-e"/>
      </object_component>
      <object_component id="oc-263">
         <name>.econst:_$P$T55$60</name>
         <load_address>0xab22</load_address>
         <run_address>0xab22</run_address>
         <size>0x8</size>
         <input_file_ref idref="fl-e"/>
      </object_component>
      <object_component id="oc-290">
         <name>.econst:_$P$T7$12</name>
         <load_address>0xab2a</load_address>
         <run_address>0xab2a</run_address>
         <size>0x8</size>
         <input_file_ref idref="fl-e"/>
      </object_component>
      <object_component id="oc-291">
         <name>.econst:_$P$T8$13</name>
         <load_address>0xab32</load_address>
         <run_address>0xab32</run_address>
         <size>0x8</size>
         <input_file_ref idref="fl-e"/>
      </object_component>
      <object_component id="oc-24a">
         <name>.econst:_$P$T16$21</name>
         <load_address>0xab3a</load_address>
         <run_address>0xab3a</run_address>
         <size>0x6</size>
         <input_file_ref idref="fl-e"/>
      </object_component>
      <object_component id="oc-24b">
         <name>.econst:_$P$T17$22</name>
         <load_address>0xab40</load_address>
         <run_address>0xab40</run_address>
         <size>0x6</size>
         <input_file_ref idref="fl-e"/>
      </object_component>
      <object_component id="oc-24c">
         <name>.econst:_$P$T18$23</name>
         <load_address>0xab46</load_address>
         <run_address>0xab46</run_address>
         <size>0x6</size>
         <input_file_ref idref="fl-e"/>
      </object_component>
      <object_component id="oc-24d">
         <name>.econst:_$P$T19$24</name>
         <load_address>0xab4c</load_address>
         <run_address>0xab4c</run_address>
         <size>0x6</size>
         <input_file_ref idref="fl-e"/>
      </object_component>
      <object_component id="oc-24e">
         <name>.econst:_$P$T20$25</name>
         <load_address>0xab52</load_address>
         <run_address>0xab52</run_address>
         <size>0x6</size>
         <input_file_ref idref="fl-e"/>
      </object_component>
      <object_component id="oc-252">
         <name>.econst:_$P$T24$29</name>
         <load_address>0xab58</load_address>
         <run_address>0xab58</run_address>
         <size>0x6</size>
         <input_file_ref idref="fl-e"/>
      </object_component>
      <object_component id="oc-257">
         <name>.econst:_$P$T29$34</name>
         <load_address>0xab5e</load_address>
         <run_address>0xab5e</run_address>
         <size>0x6</size>
         <input_file_ref idref="fl-e"/>
      </object_component>
      <object_component id="oc-258">
         <name>.econst:_$P$T30$35</name>
         <load_address>0xab64</load_address>
         <run_address>0xab64</run_address>
         <size>0x6</size>
         <input_file_ref idref="fl-e"/>
      </object_component>
      <object_component id="oc-27c">
         <name>.econst:_$P$T33$38</name>
         <load_address>0xab6a</load_address>
         <run_address>0xab6a</run_address>
         <size>0x6</size>
         <input_file_ref idref="fl-e"/>
      </object_component>
      <object_component id="oc-27d">
         <name>.econst:_$P$T34$39</name>
         <load_address>0xab70</load_address>
         <run_address>0xab70</run_address>
         <size>0x6</size>
         <input_file_ref idref="fl-e"/>
      </object_component>
      <object_component id="oc-27e">
         <name>.econst:_$P$T35$40</name>
         <load_address>0xab76</load_address>
         <run_address>0xab76</run_address>
         <size>0x6</size>
         <input_file_ref idref="fl-e"/>
      </object_component>
      <object_component id="oc-280">
         <name>.econst:_$P$T37$42</name>
         <load_address>0xab7c</load_address>
         <run_address>0xab7c</run_address>
         <size>0x6</size>
         <input_file_ref idref="fl-e"/>
      </object_component>
      <object_component id="oc-281">
         <name>.econst:_$P$T38$43</name>
         <load_address>0xab82</load_address>
         <run_address>0xab82</run_address>
         <size>0x6</size>
         <input_file_ref idref="fl-e"/>
      </object_component>
      <object_component id="oc-284">
         <name>.econst:_$P$T41$46</name>
         <load_address>0xab88</load_address>
         <run_address>0xab88</run_address>
         <size>0x6</size>
         <input_file_ref idref="fl-e"/>
      </object_component>
      <object_component id="oc-285">
         <name>.econst:_$P$T42$47</name>
         <load_address>0xab8e</load_address>
         <run_address>0xab8e</run_address>
         <size>0x6</size>
         <input_file_ref idref="fl-e"/>
      </object_component>
      <object_component id="oc-28a">
         <name>.econst:_$P$T1$6</name>
         <load_address>0xab94</load_address>
         <run_address>0xab94</run_address>
         <size>0x4</size>
         <input_file_ref idref="fl-e"/>
      </object_component>
      <object_component id="oc-293">
         <name>.econst:_$P$T10$15</name>
         <load_address>0xab98</load_address>
         <run_address>0xab98</run_address>
         <size>0x4</size>
         <input_file_ref idref="fl-e"/>
      </object_component>
      <object_component id="oc-28b">
         <name>.econst:_$P$T2$7</name>
         <load_address>0xab9c</load_address>
         <run_address>0xab9c</run_address>
         <size>0x4</size>
         <input_file_ref idref="fl-e"/>
      </object_component>
      <object_component id="oc-28c">
         <name>.econst:_$P$T3$8</name>
         <load_address>0xaba0</load_address>
         <run_address>0xaba0</run_address>
         <size>0x4</size>
         <input_file_ref idref="fl-e"/>
      </object_component>
      <object_component id="oc-25a">
         <name>.econst:_$P$T46$51</name>
         <load_address>0xaba4</load_address>
         <run_address>0xaba4</run_address>
         <size>0x4</size>
         <input_file_ref idref="fl-e"/>
      </object_component>
      <object_component id="oc-25b">
         <name>.econst:_$P$T47$52</name>
         <load_address>0xaba8</load_address>
         <run_address>0xaba8</run_address>
         <size>0x4</size>
         <input_file_ref idref="fl-e"/>
      </object_component>
      <object_component id="oc-25d">
         <name>.econst:_$P$T49$54</name>
         <load_address>0xabac</load_address>
         <run_address>0xabac</run_address>
         <size>0x4</size>
         <input_file_ref idref="fl-e"/>
      </object_component>
      <object_component id="oc-28e">
         <name>.econst:_$P$T5$10</name>
         <load_address>0xabb0</load_address>
         <run_address>0xabb0</run_address>
         <size>0x4</size>
         <input_file_ref idref="fl-e"/>
      </object_component>
      <object_component id="oc-25f">
         <name>.econst:_$P$T51$56</name>
         <load_address>0xabb4</load_address>
         <run_address>0xabb4</run_address>
         <size>0x4</size>
         <input_file_ref idref="fl-e"/>
      </object_component>
      <object_component id="oc-260">
         <name>.econst:_$P$T52$57</name>
         <load_address>0xabb8</load_address>
         <run_address>0xabb8</run_address>
         <size>0x4</size>
         <input_file_ref idref="fl-e"/>
      </object_component>
      <object_component id="oc-28f">
         <name>.econst:_$P$T6$11</name>
         <load_address>0xabbc</load_address>
         <run_address>0xabbc</run_address>
         <size>0x4</size>
         <input_file_ref idref="fl-e"/>
      </object_component>
      <object_component id="oc-292">
         <name>.econst:_$P$T9$14</name>
         <load_address>0xabc0</load_address>
         <run_address>0xabc0</run_address>
         <size>0x4</size>
         <input_file_ref idref="fl-e"/>
      </object_component>
      <object_component id="oc-29e">
         <name>.econst:_halF</name>
         <load_address>0xabc4</load_address>
         <run_address>0xabc4</run_address>
         <size>0x4</size>
         <input_file_ref idref="fl-42"/>
      </object_component>
      <object_component id="oc-29f">
         <name>.econst:_ln2HI</name>
         <load_address>0xabc8</load_address>
         <run_address>0xabc8</run_address>
         <size>0x4</size>
         <input_file_ref idref="fl-42"/>
      </object_component>
      <object_component id="oc-2a0">
         <name>.econst:_ln2LO</name>
         <load_address>0xabcc</load_address>
         <run_address>0xabcc</run_address>
         <size>0x4</size>
         <input_file_ref idref="fl-42"/>
      </object_component>
      <object_component id="oc-294">
         <name>.econst:_$P$T11$16</name>
         <load_address>0xabd0</load_address>
         <run_address>0xabd0</run_address>
         <size>0x2</size>
         <input_file_ref idref="fl-e"/>
      </object_component>
      <object_component id="oc-259">
         <name>.econst:_$P$T31$36</name>
         <load_address>0xabd2</load_address>
         <run_address>0xabd2</run_address>
         <size>0x2</size>
         <input_file_ref idref="fl-e"/>
      </object_component>
      <object_component id="oc-286">
         <name>.econst:_$P$T43$48</name>
         <load_address>0xabd4</load_address>
         <run_address>0xabd4</run_address>
         <size>0x2</size>
         <input_file_ref idref="fl-e"/>
      </object_component>
      <object_component id="oc-261">
         <name>.econst:_$P$T53$58</name>
         <load_address>0xabd6</load_address>
         <run_address>0xabd6</run_address>
         <size>0x2</size>
         <input_file_ref idref="fl-e"/>
      </object_component>
      <object_component id="oc-1e3">
         <name>.econst</name>
         <load_address>0xabd8</load_address>
         <run_address>0xabd8</run_address>
         <size>0x2</size>
         <input_file_ref idref="fl-44"/>
      </object_component>
      <object_component id="oc-225">
         <name>.esysmem</name>
         <uninitialized>true</uninitialized>
         <run_address>0xa000</run_address>
         <size>0x4</size>
         <input_file_ref idref="fl-50"/>
      </object_component>
      <object_component id="oc-32f">
         <name>.esysmem</name>
         <uninitialized>true</uninitialized>
         <run_address>0xa000</run_address>
         <size>0x0</size>
      </object_component>
      <object_component id="oc-124">
         <name>.TI.ramfunc</name>
         <load_address>0x1b443</load_address>
         <run_address>0x1b443</run_address>
         <size>0x4</size>
         <input_file_ref idref="fl-d"/>
      </object_component>
      <object_component id="oc-109">
         <name>PieVectTableFile</name>
         <uninitialized>true</uninitialized>
         <run_address>0xd00</run_address>
         <size>0x1c0</size>
         <input_file_ref idref="fl-7"/>
      </object_component>
      <object_component id="oc-a6">
         <name>EmuKeyVar</name>
         <uninitialized>true</uninitialized>
         <run_address>0xd00</run_address>
         <size>0x1</size>
         <input_file_ref idref="fl-7"/>
      </object_component>
      <object_component id="oc-a7">
         <name>EmuBModeVar</name>
         <uninitialized>true</uninitialized>
         <run_address>0xd01</run_address>
         <size>0x1</size>
         <input_file_ref idref="fl-7"/>
      </object_component>
      <object_component id="oc-be">
         <name>AdcaResultFile</name>
         <uninitialized>true</uninitialized>
         <run_address>0xb00</run_address>
         <size>0x18</size>
         <input_file_ref idref="fl-7"/>
      </object_component>
      <object_component id="oc-bf">
         <name>AdcbResultFile</name>
         <uninitialized>true</uninitialized>
         <run_address>0xb20</run_address>
         <size>0x18</size>
         <input_file_ref idref="fl-7"/>
      </object_component>
      <object_component id="oc-c0">
         <name>AdccResultFile</name>
         <uninitialized>true</uninitialized>
         <run_address>0xb40</run_address>
         <size>0x18</size>
         <input_file_ref idref="fl-7"/>
      </object_component>
      <object_component id="oc-c1">
         <name>AdcdResultFile</name>
         <uninitialized>true</uninitialized>
         <run_address>0xb60</run_address>
         <size>0x18</size>
         <input_file_ref idref="fl-7"/>
      </object_component>
      <object_component id="oc-ef">
         <name>AdcaRegsFile</name>
         <uninitialized>true</uninitialized>
         <run_address>0x7400</run_address>
         <size>0x80</size>
         <input_file_ref idref="fl-7"/>
      </object_component>
      <object_component id="oc-f0">
         <name>AdcbRegsFile</name>
         <uninitialized>true</uninitialized>
         <run_address>0x7480</run_address>
         <size>0x80</size>
         <input_file_ref idref="fl-7"/>
      </object_component>
      <object_component id="oc-f1">
         <name>AdccRegsFile</name>
         <uninitialized>true</uninitialized>
         <run_address>0x7500</run_address>
         <size>0x80</size>
         <input_file_ref idref="fl-7"/>
      </object_component>
      <object_component id="oc-f2">
         <name>AdcdRegsFile</name>
         <uninitialized>true</uninitialized>
         <run_address>0x7580</run_address>
         <size>0x80</size>
         <input_file_ref idref="fl-7"/>
      </object_component>
      <object_component id="oc-eb">
         <name>AnalogSubsysRegsFile</name>
         <uninitialized>true</uninitialized>
         <run_address>0x5d180</run_address>
         <size>0x48</size>
         <input_file_ref idref="fl-7"/>
      </object_component>
      <object_component id="oc-105">
         <name>CanaRegsFile</name>
         <uninitialized>true</uninitialized>
         <run_address>0x48000</run_address>
         <size>0x164</size>
         <input_file_ref idref="fl-7"/>
      </object_component>
      <object_component id="oc-106">
         <name>CanbRegsFile</name>
         <uninitialized>true</uninitialized>
         <run_address>0x4a000</run_address>
         <size>0x164</size>
         <input_file_ref idref="fl-7"/>
      </object_component>
      <object_component id="oc-e6">
         <name>Cla1RegsFile</name>
         <uninitialized>true</uninitialized>
         <run_address>0x1400</run_address>
         <size>0x3e</size>
         <input_file_ref idref="fl-7"/>
      </object_component>
      <object_component id="oc-ab">
         <name>Cla1SoftIntRegsFile</name>
         <uninitialized>true</uninitialized>
         <run_address>0xce0</run_address>
         <size>0x4</size>
         <input_file_ref idref="fl-7"/>
      </object_component>
      <object_component id="oc-c4">
         <name>Cmpss1RegsFile</name>
         <uninitialized>true</uninitialized>
         <run_address>0x5c80</run_address>
         <size>0x20</size>
         <input_file_ref idref="fl-7"/>
      </object_component>
      <object_component id="oc-c5">
         <name>Cmpss2RegsFile</name>
         <uninitialized>true</uninitialized>
         <run_address>0x5ca0</run_address>
         <size>0x20</size>
         <input_file_ref idref="fl-7"/>
      </object_component>
      <object_component id="oc-c6">
         <name>Cmpss3RegsFile</name>
         <uninitialized>true</uninitialized>
         <run_address>0x5cc0</run_address>
         <size>0x20</size>
         <input_file_ref idref="fl-7"/>
      </object_component>
      <object_component id="oc-c7">
         <name>Cmpss4RegsFile</name>
         <uninitialized>true</uninitialized>
         <run_address>0x5ce0</run_address>
         <size>0x20</size>
         <input_file_ref idref="fl-7"/>
      </object_component>
      <object_component id="oc-c8">
         <name>Cmpss5RegsFile</name>
         <uninitialized>true</uninitialized>
         <run_address>0x5d00</run_address>
         <size>0x20</size>
         <input_file_ref idref="fl-7"/>
      </object_component>
      <object_component id="oc-c9">
         <name>Cmpss6RegsFile</name>
         <uninitialized>true</uninitialized>
         <run_address>0x5d20</run_address>
         <size>0x20</size>
         <input_file_ref idref="fl-7"/>
      </object_component>
      <object_component id="oc-ca">
         <name>Cmpss7RegsFile</name>
         <uninitialized>true</uninitialized>
         <run_address>0x5d40</run_address>
         <size>0x20</size>
         <input_file_ref idref="fl-7"/>
      </object_component>
      <object_component id="oc-cb">
         <name>Cmpss8RegsFile</name>
         <uninitialized>true</uninitialized>
         <run_address>0x5d60</run_address>
         <size>0x20</size>
         <input_file_ref idref="fl-7"/>
      </object_component>
      <object_component id="oc-b2">
         <name>CpuTimer0RegsFile</name>
         <uninitialized>true</uninitialized>
         <run_address>0xc00</run_address>
         <size>0x8</size>
         <input_file_ref idref="fl-7"/>
      </object_component>
      <object_component id="oc-b3">
         <name>CpuTimer1RegsFile</name>
         <uninitialized>true</uninitialized>
         <run_address>0xc08</run_address>
         <size>0x8</size>
         <input_file_ref idref="fl-7"/>
      </object_component>
      <object_component id="oc-b4">
         <name>CpuTimer2RegsFile</name>
         <uninitialized>true</uninitialized>
         <run_address>0xc10</run_address>
         <size>0x8</size>
         <input_file_ref idref="fl-7"/>
      </object_component>
      <object_component id="oc-ae">
         <name>DacaRegsFile</name>
         <uninitialized>true</uninitialized>
         <run_address>0x5c00</run_address>
         <size>0x8</size>
         <input_file_ref idref="fl-7"/>
      </object_component>
      <object_component id="oc-b0">
         <name>DacbRegsFile</name>
         <uninitialized>true</uninitialized>
         <run_address>0x5c10</run_address>
         <size>0x8</size>
         <input_file_ref idref="fl-7"/>
      </object_component>
      <object_component id="oc-b1">
         <name>DaccRegsFile</name>
         <uninitialized>true</uninitialized>
         <run_address>0x5c20</run_address>
         <size>0x8</size>
         <input_file_ref idref="fl-7"/>
      </object_component>
      <object_component id="oc-dd">
         <name>DcsmZ1RegsFile</name>
         <uninitialized>true</uninitialized>
         <run_address>0x5f000</run_address>
         <size>0x24</size>
         <input_file_ref idref="fl-7"/>
      </object_component>
      <object_component id="oc-de">
         <name>DcsmZ2RegsFile</name>
         <uninitialized>true</uninitialized>
         <run_address>0x5f040</run_address>
         <size>0x24</size>
         <input_file_ref idref="fl-7"/>
      </object_component>
      <object_component id="oc-b5">
         <name>DcsmCommonRegsFile</name>
         <uninitialized>true</uninitialized>
         <run_address>0x5f070</run_address>
         <size>0x8</size>
         <input_file_ref idref="fl-7"/>
      </object_component>
      <object_component id="oc-cc">
         <name>DcsmZ1OtpFile</name>
         <uninitialized>true</uninitialized>
         <run_address>0x78000</run_address>
         <size>0x20</size>
         <input_file_ref idref="fl-7"/>
      </object_component>
      <object_component id="oc-cd">
         <name>DcsmZ2OtpFile</name>
         <uninitialized>true</uninitialized>
         <run_address>0x78200</run_address>
         <size>0x20</size>
         <input_file_ref idref="fl-7"/>
      </object_component>
      <object_component id="oc-f7">
         <name>DmaRegsFile</name>
         <uninitialized>true</uninitialized>
         <run_address>0x1000</run_address>
         <size>0xe0</size>
         <input_file_ref idref="fl-7"/>
      </object_component>
      <object_component id="oc-c2">
         <name>DmaClaSrcSelRegsFile</name>
         <uninitialized>true</uninitialized>
         <run_address>0x7980</run_address>
         <size>0x1a</size>
         <input_file_ref idref="fl-7"/>
      </object_component>
      <object_component id="oc-ce">
         <name>ECap1RegsFile</name>
         <uninitialized>true</uninitialized>
         <run_address>0x5000</run_address>
         <size>0x20</size>
         <input_file_ref idref="fl-7"/>
      </object_component>
      <object_component id="oc-cf">
         <name>ECap2RegsFile</name>
         <uninitialized>true</uninitialized>
         <run_address>0x5020</run_address>
         <size>0x20</size>
         <input_file_ref idref="fl-7"/>
      </object_component>
      <object_component id="oc-d0">
         <name>ECap3RegsFile</name>
         <uninitialized>true</uninitialized>
         <run_address>0x5040</run_address>
         <size>0x20</size>
         <input_file_ref idref="fl-7"/>
      </object_component>
      <object_component id="oc-d1">
         <name>ECap4RegsFile</name>
         <uninitialized>true</uninitialized>
         <run_address>0x5060</run_address>
         <size>0x20</size>
         <input_file_ref idref="fl-7"/>
      </object_component>
      <object_component id="oc-d2">
         <name>ECap5RegsFile</name>
         <uninitialized>true</uninitialized>
         <run_address>0x5080</run_address>
         <size>0x20</size>
         <input_file_ref idref="fl-7"/>
      </object_component>
      <object_component id="oc-d3">
         <name>ECap6RegsFile</name>
         <uninitialized>true</uninitialized>
         <run_address>0x50a0</run_address>
         <size>0x20</size>
         <input_file_ref idref="fl-7"/>
      </object_component>
      <object_component id="oc-ed">
         <name>Emif1RegsFile</name>
         <uninitialized>true</uninitialized>
         <run_address>0x47000</run_address>
         <size>0x70</size>
         <input_file_ref idref="fl-7"/>
      </object_component>
      <object_component id="oc-ee">
         <name>Emif2RegsFile</name>
         <uninitialized>true</uninitialized>
         <run_address>0x47800</run_address>
         <size>0x70</size>
         <input_file_ref idref="fl-7"/>
      </object_component>
      <object_component id="oc-f8">
         <name>EPwm1RegsFile</name>
         <uninitialized>true</uninitialized>
         <run_address>0x4000</run_address>
         <size>0x100</size>
         <input_file_ref idref="fl-7"/>
      </object_component>
      <object_component id="oc-f9">
         <name>EPwm2RegsFile</name>
         <uninitialized>true</uninitialized>
         <run_address>0x4100</run_address>
         <size>0x100</size>
         <input_file_ref idref="fl-7"/>
      </object_component>
      <object_component id="oc-fa">
         <name>EPwm3RegsFile</name>
         <uninitialized>true</uninitialized>
         <run_address>0x4200</run_address>
         <size>0x100</size>
         <input_file_ref idref="fl-7"/>
      </object_component>
      <object_component id="oc-fb">
         <name>EPwm4RegsFile</name>
         <uninitialized>true</uninitialized>
         <run_address>0x4300</run_address>
         <size>0x100</size>
         <input_file_ref idref="fl-7"/>
      </object_component>
      <object_component id="oc-fc">
         <name>EPwm5RegsFile</name>
         <uninitialized>true</uninitialized>
         <run_address>0x4400</run_address>
         <size>0x100</size>
         <input_file_ref idref="fl-7"/>
      </object_component>
      <object_component id="oc-fd">
         <name>EPwm6RegsFile</name>
         <uninitialized>true</uninitialized>
         <run_address>0x4500</run_address>
         <size>0x100</size>
         <input_file_ref idref="fl-7"/>
      </object_component>
      <object_component id="oc-fe">
         <name>EPwm7RegsFile</name>
         <uninitialized>true</uninitialized>
         <run_address>0x4600</run_address>
         <size>0x100</size>
         <input_file_ref idref="fl-7"/>
      </object_component>
      <object_component id="oc-ff">
         <name>EPwm8RegsFile</name>
         <uninitialized>true</uninitialized>
         <run_address>0x4700</run_address>
         <size>0x100</size>
         <input_file_ref idref="fl-7"/>
      </object_component>
      <object_component id="oc-100">
         <name>EPwm9RegsFile</name>
         <uninitialized>true</uninitialized>
         <run_address>0x4800</run_address>
         <size>0x100</size>
         <input_file_ref idref="fl-7"/>
      </object_component>
      <object_component id="oc-101">
         <name>EPwm10RegsFile</name>
         <uninitialized>true</uninitialized>
         <run_address>0x4900</run_address>
         <size>0x100</size>
         <input_file_ref idref="fl-7"/>
      </object_component>
      <object_component id="oc-102">
         <name>EPwm11RegsFile</name>
         <uninitialized>true</uninitialized>
         <run_address>0x4a00</run_address>
         <size>0x100</size>
         <input_file_ref idref="fl-7"/>
      </object_component>
      <object_component id="oc-103">
         <name>EPwm12RegsFile</name>
         <uninitialized>true</uninitialized>
         <run_address>0x4b00</run_address>
         <size>0x100</size>
         <input_file_ref idref="fl-7"/>
      </object_component>
      <object_component id="oc-e7">
         <name>EPwmXbarRegsFile</name>
         <uninitialized>true</uninitialized>
         <run_address>0x7a00</run_address>
         <size>0x40</size>
         <input_file_ref idref="fl-7"/>
      </object_component>
      <object_component id="oc-d8">
         <name>EQep1RegsFile</name>
         <uninitialized>true</uninitialized>
         <run_address>0x5100</run_address>
         <size>0x22</size>
         <input_file_ref idref="fl-7"/>
      </object_component>
      <object_component id="oc-d9">
         <name>EQep2RegsFile</name>
         <uninitialized>true</uninitialized>
         <run_address>0x5140</run_address>
         <size>0x22</size>
         <input_file_ref idref="fl-7"/>
      </object_component>
      <object_component id="oc-da">
         <name>EQep3RegsFile</name>
         <uninitialized>true</uninitialized>
         <run_address>0x5180</run_address>
         <size>0x22</size>
         <input_file_ref idref="fl-7"/>
      </object_component>
      <object_component id="oc-108">
         <name>Flash0CtrlRegsFile</name>
         <uninitialized>true</uninitialized>
         <run_address>0x5f800</run_address>
         <size>0x182</size>
         <input_file_ref idref="fl-7"/>
      </object_component>
      <object_component id="oc-e2">
         <name>Flash0EccRegsFile</name>
         <uninitialized>true</uninitialized>
         <run_address>0x5fb00</run_address>
         <size>0x28</size>
         <input_file_ref idref="fl-7"/>
      </object_component>
      <object_component id="oc-107">
         <name>GpioCtrlRegsFile</name>
         <uninitialized>true</uninitialized>
         <run_address>0x7c00</run_address>
         <size>0x180</size>
         <input_file_ref idref="fl-7"/>
      </object_component>
      <object_component id="oc-e4">
         <name>GpioDataRegsFile</name>
         <uninitialized>true</uninitialized>
         <run_address>0x7f00</run_address>
         <size>0x30</size>
         <input_file_ref idref="fl-7"/>
      </object_component>
      <object_component id="oc-e8">
         <name>OutputXbarRegsFile</name>
         <uninitialized>true</uninitialized>
         <run_address>0x7a80</run_address>
         <size>0x40</size>
         <input_file_ref idref="fl-7"/>
      </object_component>
      <object_component id="oc-db">
         <name>I2caRegsFile</name>
         <uninitialized>true</uninitialized>
         <run_address>0x7300</run_address>
         <size>0x22</size>
         <input_file_ref idref="fl-7"/>
      </object_component>
      <object_component id="oc-dc">
         <name>I2cbRegsFile</name>
         <uninitialized>true</uninitialized>
         <run_address>0x7340</run_address>
         <size>0x22</size>
         <input_file_ref idref="fl-7"/>
      </object_component>
      <object_component id="oc-d4">
         <name>InputXbarRegsFile</name>
         <uninitialized>true</uninitialized>
         <run_address>0x7900</run_address>
         <size>0x20</size>
         <input_file_ref idref="fl-7"/>
      </object_component>
      <object_component id="oc-d5">
         <name>XbarRegsFile</name>
         <uninitialized>true</uninitialized>
         <run_address>0x7920</run_address>
         <size>0x20</size>
         <input_file_ref idref="fl-7"/>
      </object_component>
      <object_component id="oc-df">
         <name>IpcRegsFile</name>
         <uninitialized>true</uninitialized>
         <run_address>0x50000</run_address>
         <size>0x24</size>
         <input_file_ref idref="fl-7"/>
      </object_component>
      <object_component id="oc-a8">
         <name>FlashPumpSemaphoreRegsFile</name>
         <uninitialized>true</uninitialized>
         <run_address>0x50024</run_address>
         <size>0x2</size>
         <input_file_ref idref="fl-7"/>
      </object_component>
      <object_component id="oc-a9">
         <name>RomPrefetchRegsFile</name>
         <uninitialized>true</uninitialized>
         <run_address>0x5e608</run_address>
         <size>0x2</size>
         <input_file_ref idref="fl-7"/>
      </object_component>
      <object_component id="oc-f3">
         <name>MemCfgRegsFile</name>
         <uninitialized>true</uninitialized>
         <run_address>0x5f400</run_address>
         <size>0x80</size>
         <input_file_ref idref="fl-7"/>
      </object_component>
      <object_component id="oc-d6">
         <name>Emif1ConfigRegsFile</name>
         <uninitialized>true</uninitialized>
         <run_address>0x5f480</run_address>
         <size>0x20</size>
         <input_file_ref idref="fl-7"/>
      </object_component>
      <object_component id="oc-d7">
         <name>Emif2ConfigRegsFile</name>
         <uninitialized>true</uninitialized>
         <run_address>0x5f4a0</run_address>
         <size>0x20</size>
         <input_file_ref idref="fl-7"/>
      </object_component>
      <object_component id="oc-e9">
         <name>AccessProtectionRegsFile</name>
         <uninitialized>true</uninitialized>
         <run_address>0x5f4c0</run_address>
         <size>0x40</size>
         <input_file_ref idref="fl-7"/>
      </object_component>
      <object_component id="oc-ea">
         <name>MemoryErrorRegsFile</name>
         <uninitialized>true</uninitialized>
         <run_address>0x5f500</run_address>
         <size>0x40</size>
         <input_file_ref idref="fl-7"/>
      </object_component>
      <object_component id="oc-aa">
         <name>RomWaitStateRegsFile</name>
         <uninitialized>true</uninitialized>
         <run_address>0x5f540</run_address>
         <size>0x2</size>
         <input_file_ref idref="fl-7"/>
      </object_component>
      <object_component id="oc-e0">
         <name>McbspaRegsFile</name>
         <uninitialized>true</uninitialized>
         <run_address>0x6000</run_address>
         <size>0x24</size>
         <input_file_ref idref="fl-7"/>
      </object_component>
      <object_component id="oc-e1">
         <name>McbspbRegsFile</name>
         <uninitialized>true</uninitialized>
         <run_address>0x6040</run_address>
         <size>0x24</size>
         <input_file_ref idref="fl-7"/>
      </object_component>
      <object_component id="oc-ec">
         <name>UppRegsFile</name>
         <uninitialized>true</uninitialized>
         <run_address>0x6200</run_address>
         <size>0x48</size>
         <input_file_ref idref="fl-7"/>
      </object_component>
      <object_component id="oc-ad">
         <name>NmiIntruptRegsFile</name>
         <uninitialized>true</uninitialized>
         <run_address>0x7060</run_address>
         <size>0x7</size>
         <input_file_ref idref="fl-7"/>
      </object_component>
      <object_component id="oc-c3">
         <name>PieCtrlRegsFile</name>
         <uninitialized>true</uninitialized>
         <run_address>0xce0</run_address>
         <size>0x1a</size>
         <input_file_ref idref="fl-7"/>
      </object_component>
      <object_component id="oc-b7">
         <name>SciaRegsFile</name>
         <uninitialized>true</uninitialized>
         <run_address>0x7200</run_address>
         <size>0x10</size>
         <input_file_ref idref="fl-7"/>
      </object_component>
      <object_component id="oc-b8">
         <name>ScibRegsFile</name>
         <uninitialized>true</uninitialized>
         <run_address>0x7210</run_address>
         <size>0x10</size>
         <input_file_ref idref="fl-7"/>
      </object_component>
      <object_component id="oc-b9">
         <name>ScicRegsFile</name>
         <uninitialized>true</uninitialized>
         <run_address>0x7220</run_address>
         <size>0x10</size>
         <input_file_ref idref="fl-7"/>
      </object_component>
      <object_component id="oc-ba">
         <name>ScidRegsFile</name>
         <uninitialized>true</uninitialized>
         <run_address>0x7230</run_address>
         <size>0x10</size>
         <input_file_ref idref="fl-7"/>
      </object_component>
      <object_component id="oc-f4">
         <name>Sdfm1RegsFile</name>
         <uninitialized>true</uninitialized>
         <run_address>0x5e00</run_address>
         <size>0x80</size>
         <input_file_ref idref="fl-7"/>
      </object_component>
      <object_component id="oc-f5">
         <name>Sdfm2RegsFile</name>
         <uninitialized>true</uninitialized>
         <run_address>0x5e80</run_address>
         <size>0x80</size>
         <input_file_ref idref="fl-7"/>
      </object_component>
      <object_component id="oc-bb">
         <name>SpiaRegsFile</name>
         <uninitialized>true</uninitialized>
         <run_address>0x6100</run_address>
         <size>0x10</size>
         <input_file_ref idref="fl-7"/>
      </object_component>
      <object_component id="oc-bc">
         <name>SpibRegsFile</name>
         <uninitialized>true</uninitialized>
         <run_address>0x6110</run_address>
         <size>0x10</size>
         <input_file_ref idref="fl-7"/>
      </object_component>
      <object_component id="oc-bd">
         <name>SpicRegsFile</name>
         <uninitialized>true</uninitialized>
         <run_address>0x6120</run_address>
         <size>0x10</size>
         <input_file_ref idref="fl-7"/>
      </object_component>
      <object_component id="oc-104">
         <name>DevCfgRegsFile</name>
         <uninitialized>true</uninitialized>
         <run_address>0x5d000</run_address>
         <size>0x12e</size>
         <input_file_ref idref="fl-7"/>
      </object_component>
      <object_component id="oc-e5">
         <name>ClkCfgRegsFile</name>
         <uninitialized>true</uninitialized>
         <run_address>0x5d200</run_address>
         <size>0x32</size>
         <input_file_ref idref="fl-7"/>
      </object_component>
      <object_component id="oc-f6">
         <name>CpuSysRegsFile</name>
         <uninitialized>true</uninitialized>
         <run_address>0x5d300</run_address>
         <size>0x82</size>
         <input_file_ref idref="fl-7"/>
      </object_component>
      <object_component id="oc-ac">
         <name>SyncSocRegsFile</name>
         <uninitialized>true</uninitialized>
         <run_address>0x7940</run_address>
         <size>0x6</size>
         <input_file_ref idref="fl-7"/>
      </object_component>
      <object_component id="oc-e3">
         <name>WdRegsFile</name>
         <uninitialized>true</uninitialized>
         <run_address>0x7000</run_address>
         <size>0x2b</size>
         <input_file_ref idref="fl-7"/>
      </object_component>
      <object_component id="oc-b6">
         <name>XintRegsFile</name>
         <uninitialized>true</uninitialized>
         <run_address>0x7070</run_address>
         <size>0xb</size>
         <input_file_ref idref="fl-7"/>
      </object_component>
      <object_component id="oc-89">
         <name>.debug_info</name>
         <load_address>0x0</load_address>
         <run_address>0x0</run_address>
         <size>0xa086</size>
         <input_file_ref idref="fl-2"/>
      </object_component>
      <object_component id="oc-8e">
         <name>.debug_info</name>
         <load_address>0xa086</load_address>
         <run_address>0xa086</run_address>
         <size>0x47c5</size>
[...]
         <object_component_ref idref="oc-12b"/>
      </symbol>
      <symbol id="sm-73b">
         <name>_EnableFlag</name>
         <value>0x12013</value>
         <object_component_ref idref="oc-12b"/>
      </symbol>
      <symbol id="sm-73c">
         <name>_RLS_Start_Flag</name>
         <value>0x1200d</value>
         <object_component_ref idref="oc-12b"/>
      </symbol>
      <symbol id="sm-73d">
         <name>_RLS_Flag</name>
         <value>0x1200c</value>
         <object_component_ref idref="oc-12b"/>
      </symbol>
      <symbol id="sm-73e">
         <name>_Kalman_e</name>
         <value>0x120e0</value>
         <object_component_ref idref="oc-12b"/>
      </symbol>
      <symbol id="sm-73f">
         <name>_Speed_Est_BW</name>
         <value>0x1203e</value>
         <object_component_ref idref="oc-12b"/>
      </symbol>
      <symbol id="sm-740">
         <name>_Inertia_Reset</name>
         <value>0x12011</value>
         <object_component_ref idref="oc-12b"/>
      </symbol>
      <symbol id="sm-741">
         <name>_adc_cal</name>
         <value>0x1202a</value>
         <object_component_ref idref="oc-12b"/>
      </symbol>
      <symbol id="sm-742">
         <name>_lsw_cnt</name>
         <value>0x12006</value>
         <object_component_ref idref="oc-12b"/>
      </symbol>
      <symbol id="sm-743">
         <name>_Id_FBK</name>
         <value>0x120d0</value>
         <object_component_ref idref="oc-12b"/>
      </symbol>
      <symbol id="sm-744">
         <name>_posArray</name>
         <value>0x127e2</value>
         <object_component_ref idref="oc-245"/>
      </symbol>
      <symbol id="sm-745">
         <name>_RLS_Inertia</name>
         <value>0x120a6</value>
         <object_component_ref idref="oc-12b"/>
      </symbol>
      <symbol id="sm-746">
         <name>_ptrMax</name>
         <value>0x12017</value>
         <object_component_ref idref="oc-12b"/>
      </symbol>
      <symbol id="sm-747">
         <name>_lsw_flag</name>
         <value>0x12007</value>
         <object_component_ref idref="oc-12b"/>
      </symbol>
      <symbol id="sm-748">
         <name>_SPIDAC_write_dac_channel</name>
         <value>0x16b74</value>
         <object_component_ref idref="oc-241"/>
      </symbol>
      <symbol id="sm-74a">
         <name>_Speed_CMD_Data</name>
         <value>0x127f2</value>
         <object_component_ref idref="oc-273"/>
      </symbol>
      <symbol id="sm-74b">
         <name>_GPIO_TogglePin</name>
         <value>0x1643c</value>
         <object_component_ref idref="oc-241"/>
      </symbol>
      <symbol id="sm-74d">
         <name>_RLS_Inertia_max</name>
         <value>0x12044</value>
         <object_component_ref idref="oc-12b"/>
      </symbol>
      <symbol id="sm-74e">
         <name>_SpeedCmd</name>
         <value>0x1263a</value>
         <object_component_ref idref="oc-275"/>
      </symbol>
      <symbol id="sm-74f">
         <name>_Kalman3X3_TL</name>
         <value>0x1247c</value>
         <object_component_ref idref="oc-278"/>
      </symbol>
      <symbol id="sm-750">
         <name>_SerialCommsTimer</name>
         <value>0x12000</value>
         <object_component_ref idref="oc-12b"/>
      </symbol>
      <symbol id="sm-751">
         <name>_IdRef_run</name>
         <value>0x12070</value>
         <object_component_ref idref="oc-12b"/>
      </symbol>
      <symbol id="sm-752">
         <name>_DMC1_Protection</name>
         <value>0x1640a</value>
         <object_component_ref idref="oc-241"/>
      </symbol>
      <symbol id="sm-754">
         <name>_DAC_Gain_C</name>
         <value>0x1200a</value>
         <object_component_ref idref="oc-12b"/>
      </symbol>
      <symbol id="sm-755">
         <name>_DAC_Gain_B</name>
         <value>0x12009</value>
         <object_component_ref idref="oc-12b"/>
      </symbol>
      <symbol id="sm-756">
         <name>_DAC_Gain_A</name>
         <value>0x12008</value>
         <object_component_ref idref="oc-12b"/>
      </symbol>
      <symbol id="sm-757">
         <name>_DAC_Gain_D</name>
         <value>0x1200b</value>
         <object_component_ref idref="oc-12b"/>
      </symbol>
      <symbol id="sm-758">
         <name>_SPIDAC_xmit_u16</name>
         <value>0x16b5e</value>
         <object_component_ref idref="oc-241"/>
      </symbol>
      <symbol id="sm-75a">
         <name>_Speed_err_threshold</name>
         <value>0x1204e</value>
         <object_component_ref idref="oc-12b"/>
      </symbol>
      <symbol id="sm-75b">
         <name>_Kalman_Ini_3X3</name>
         <value>0x17f81</value>
         <object_component_ref idref="oc-241"/>
      </symbol>
      <symbol id="sm-75d">
         <name>_Speed_Ki_Gain</name>
         <value>0x1203a</value>
         <object_component_ref idref="oc-12b"/>
      </symbol>
      <symbol id="sm-75e">
         <name>_DBUFF_4CH1</name>
         <value>0x12480</value>
         <object_component_ref idref="oc-26f"/>
      </symbol>
      <symbol id="sm-75f">
         <name>_DBUFF_4CH2</name>
         <value>0x12640</value>
         <object_component_ref idref="oc-270"/>
      </symbol>
      <symbol id="sm-760">
         <name>_DBUFF_4CH3</name>
         <value>0x12800</value>
         <object_component_ref idref="oc-271"/>
      </symbol>
      <symbol id="sm-761">
         <name>_DBUFF_4CH4</name>
         <value>0x129c0</value>
         <object_component_ref idref="oc-272"/>
      </symbol>
      <symbol id="sm-762">
         <name>_Hybrid_flag</name>
         <value>0x1200e</value>
         <object_component_ref idref="oc-12b"/>
      </symbol>
      <symbol id="sm-763">
         <name>_Speed_Kp_Gain</name>
         <value>0x12038</value>
         <object_component_ref idref="oc-12b"/>
      </symbol>
      <symbol id="sm-764">
         <name>_rc_SpeedCmd_Trapezoidal</name>
         <value>0x12110</value>
         <object_component_ref idref="oc-12b"/>
      </symbol>
      <symbol id="sm-765">
         <name>_ramper_speed</name>
         <value>0x16059</value>
         <object_component_ref idref="oc-241"/>
      </symbol>
      <symbol id="sm-773">
         <name>_PWM_1ch_UpDwnCnt_CNF</name>
         <value>0xb5bf</value>
         <object_component_ref idref="oc-269"/>
      </symbol>
      <symbol id="sm-775">
         <name>_ConfigureADC</name>
         <value>0xb72d</value>
         <object_component_ref idref="oc-269"/>
      </symbol>
      <symbol id="sm-777">
         <name>_InitMotor1_DRV_Gpio</name>
         <value>0xb680</value>
         <object_component_ref idref="oc-269"/>
      </symbol>
      <symbol id="sm-779">
         <name>_InitMotor1EPwmGpio</name>
         <value>0xb6e5</value>
         <object_component_ref idref="oc-269"/>
      </symbol>
      <symbol id="sm-77b">
         <name>_InitSysCtrl1</name>
         <value>0xb607</value>
         <object_component_ref idref="oc-269"/>
      </symbol>
      <symbol id="sm-77d">
         <name>_InitMotor1EPwmDACGpio</name>
         <value>0xb704</value>
         <object_component_ref idref="oc-269"/>
      </symbol>
      <symbol id="sm-77f">
         <name>_InitSpiRegs_DRV830x</name>
         <value>0xb63e</value>
         <object_component_ref idref="oc-269"/>
      </symbol>
      <symbol id="sm-781">
         <name>_InitMotor1SpiGpio</name>
         <value>0xb69d</value>
         <object_component_ref idref="oc-269"/>
      </symbol>
      <symbol id="sm-783">
         <name>_InitMotor1EQepGpio</name>
         <value>0xb6c6</value>
         <object_component_ref idref="oc-269"/>
      </symbol>
      <symbol id="sm-785">
         <name>_InitSpiDacGpio</name>
         <value>0xb657</value>
         <object_component_ref idref="oc-269"/>
      </symbol>
      <symbol id="sm-787">
         <name>_PWM_1ch_UpDwnCnt_CNF_noDB</name>
         <value>0xb585</value>
         <object_component_ref idref="oc-269"/>
      </symbol>
      <symbol id="sm-7a2">
         <name>_InitDRV8305Regs</name>
         <value>0x892b</value>
         <object_component_ref idref="oc-264"/>
      </symbol>
      <symbol id="sm-7a4">
         <name>_DRV8305_diagnostics</name>
         <value>0x8a24</value>
         <object_component_ref idref="oc-264"/>
      </symbol>
      <symbol id="sm-7a6">
         <name>_InitDRV8305</name>
         <value>0x8974</value>
         <object_component_ref idref="oc-264"/>
      </symbol>
      <symbol id="sm-7b5">
         <name>_DLOG_4CH_F_FUNC</name>
         <value>0x8d98</value>
         <object_component_ref idref="oc-26e"/>
      </symbol>
      <symbol id="sm-7b7">
         <name>_DLOG_4CH_F_init</name>
         <value>0x8d71</value>
         <object_component_ref idref="oc-26e"/>
      </symbol>
      <symbol id="sm-7c5">
         <name>_abs_SP_CV</name>
         <value>0x90ea</value>
         <object_component_ref idref="oc-145"/>
      </symbol>
      <symbol id="sm-7d2">
         <name>_abs_SP_CV_2</name>
         <value>0x8e76</value>
         <object_component_ref idref="oc-14a"/>
      </symbol>
      <symbol id="sm-7e5">
         <name>_abs_SP_CV_TMU0</name>
         <value>0x8cde</value>
         <object_component_ref idref="oc-14f"/>
      </symbol>
      <symbol id="sm-7f2">
         <name>_add_SP_CSxCV</name>
         <value>0x9296</value>
         <object_component_ref idref="oc-154"/>
      </symbol>
      <symbol id="sm-7ff">
         <name>_add_SP_CVxCV</name>
         <value>0x9236</value>
         <object_component_ref idref="oc-159"/>
      </symbol>
      <symbol id="sm-80c">
         <name>_iabs_SP_CV</name>
         <value>0x911c</value>
         <object_component_ref idref="oc-15e"/>
      </symbol>
      <symbol id="sm-819">
         <name>_iabs_SP_CV_2</name>
         <value>0x3ae</value>
         <object_component_ref idref="oc-163"/>
      </symbol>
      <symbol id="sm-82c">
         <name>_iabs_SP_CV_TMU0</name>
         <value>0x8c28</value>
         <object_component_ref idref="oc-168"/>
      </symbol>
      <symbol id="sm-839">
         <name>_mac_SP_CVxCV</name>
         <value>0x9046</value>
         <object_component_ref idref="oc-16d"/>
      </symbol>
      <symbol id="sm-847">
         <name>_mac_SP_RVxCV</name>
         <value>0x9006</value>
         <object_component_ref idref="oc-172"/>
      </symbol>
      <symbol id="sm-855">
         <name>_mac_SP_i16RVxCV</name>
         <value>0x8fc4</value>
         <object_component_ref idref="oc-177"/>
      </symbol>
      <symbol id="sm-862">
         <name>_maxidx_SP_RV_2</name>
         <value>0x932a</value>
         <object_component_ref idref="oc-17c"/>
      </symbol>
      <symbol id="sm-86f">
         <name>_mean_SP_CV_2</name>
         <value>0x9080</value>
         <object_component_ref idref="oc-181"/>
      </symbol>
      <symbol id="sm-88d">
         <name>_mpy_SP_CSxCS</name>
         <value>0x9391</value>
         <object_component_ref idref="oc-190"/>
      </symbol>
      <symbol id="sm-89a">
         <name>_mpy_SP_CVxCV</name>
         <value>0x92f0</value>
         <object_component_ref idref="oc-195"/>
      </symbol>
      <symbol id="sm-8a7">
         <name>_mpy_SP_CVxCVC</name>
         <value>0x9256</value>
         <object_component_ref idref="oc-19a"/>
      </symbol>
      <symbol id="sm-8b6">
         <name>_mpy_SP_RMxRM</name>
         <value>0x90b8</value>
         <object_component_ref idref="oc-19f"/>
      </symbol>
      <symbol id="sm-8c5">
         <name>_mpy_SP_RMxRM_2</name>
         <value>0x8f80</value>
         <object_component_ref idref="oc-1a4"/>
      </symbol>
      <symbol id="sm-8d2">
         <name>_mpy_SP_RSxRV_2</name>
         <value>0x9363</value>
         <object_component_ref idref="oc-1a9"/>
      </symbol>
      <symbol id="sm-8df">
         <name>_mpy_SP_RSxRVxRV_2</name>
         <value>0x9148</value>
         <object_component_ref idref="oc-1ae"/>
      </symbol>
      <symbol id="sm-8ec">
         <name>_mpy_SP_RVxCV</name>
         <value>0x9346</value>
         <object_component_ref idref="oc-1b3"/>
      </symbol>
      <symbol id="sm-8f9">
         <name>_mpy_SP_RVxRV_2</name>
         <value>0x9214</value>
         <object_component_ref idref="oc-1b8"/>
      </symbol>
      <symbol id="sm-90f">
         <name>_rnd_SP_RS</name>
         <value>0x93a8</value>
         <object_component_ref idref="oc-1c2"/>
      </symbol>
      <symbol id="sm-91c">
         <name>_sub_SP_CSxCV</name>
         <value>0x92d2</value>
         <object_component_ref idref="oc-1c7"/>
      </symbol>
      <symbol id="sm-929">
         <name>_sub_SP_CVxCV</name>
         <value>0x9276</value>
         <object_component_ref idref="oc-1cc"/>
      </symbol>
      <symbol id="sm-94d">
         <name>_fmax</name>
         <value>0x86b6</value>
         <object_component_ref idref="oc-277"/>
      </symbol>
      <symbol id="sm-94f">
         <name>_fmaxf</name>
         <value>0x86b6</value>
         <object_component_ref idref="oc-277"/>
      </symbol>
      <symbol id="sm-950">
         <name>_fmaxl</name>
         <value>0x8619</value>
         <object_component_ref idref="oc-277"/>
      </symbol>
      <symbol id="sm-952">
         <name>_fminf</name>
         <value>0x85e0</value>
         <object_component_ref idref="oc-277"/>
      </symbol>
      <symbol id="sm-953">
         <name>_fminl</name>
         <value>0x8543</value>
         <object_component_ref idref="oc-277"/>
      </symbol>
      <symbol id="sm-955">
         <name>_fmin</name>
         <value>0x85e0</value>
         <object_component_ref idref="oc-277"/>
      </symbol>
      <symbol id="sm-984">
         <name>_exp</name>
         <value>0x86ef</value>
         <object_component_ref idref="oc-26d"/>
      </symbol>
      <symbol id="sm-985">
         <name>_expf</name>
         <value>0x86ef</value>
         <object_component_ref idref="oc-26d"/>
      </symbol>
      <symbol id="sm-9ac">
         <name>_logf</name>
         <value>0x8800</value>
         <object_component_ref idref="oc-27a"/>
      </symbol>
      <symbol id="sm-9ae">
         <name>_log</name>
         <value>0x8800</value>
         <object_component_ref idref="oc-27a"/>
      </symbol>
      <symbol id="sm-9c4">
         <name>_floorf</name>
         <value>0x8ed1</value>
         <object_component_ref idref="oc-240"/>
      </symbol>
      <symbol id="sm-9c6">
         <name>_floor</name>
         <value>0x8ed1</value>
         <object_component_ref idref="oc-240"/>
      </symbol>
      <symbol id="sm-9e1">
         <name>_c_int00</name>
         <value>0x8f2a</value>
         <object_component_ref idref="oc-88"/>
      </symbol>
      <symbol id="sm-9e2">
         <name>__stack</name>
         <value>0x400</value>
         <object_component_ref idref="oc-1e8"/>
      </symbol>
      <symbol id="sm-9f2">
         <name>FD$$CMP</name>
         <value>0x9174</value>
         <object_component_ref idref="oc-1ee"/>
      </symbol>
      <symbol id="sm-a03">
         <name>FS$$DIV</name>
         <value>0xb770</value>
         <object_component_ref idref="oc-1f3"/>
      </symbol>
      <symbol id="sm-a11">
         <name>ULL$$CMP</name>
         <value>0x92c6</value>
         <object_component_ref idref="oc-1f8"/>
      </symbol>
      <symbol id="sm-a12">
         <name>LL$$CMP</name>
         <value>0x92b4</value>
         <object_component_ref idref="oc-1f8"/>
      </symbol>
      <symbol id="sm-a21">
         <name>_copy_in</name>
         <value>0x91ef</value>
         <object_component_ref idref="oc-234"/>
      </symbol>
      <symbol id="sm-a33">
         <name>_memcpy</name>
         <value>0x930d</value>
         <object_component_ref idref="oc-242"/>
      </symbol>
      <symbol id="sm-a40">
         <name>__system_pre_init</name>
         <value>0x93eb</value>
         <object_component_ref idref="oc-233"/>
      </symbol>
      <symbol id="sm-a4e">
         <name>__system_post_cinit</name>
         <value>0x3ff</value>
         <object_component_ref idref="oc-235"/>
      </symbol>
      <symbol id="sm-a63">
         <name>C$$EXIT</name>
         <value>0x919e</value>
         <object_component_ref idref="oc-237"/>
      </symbol>
      <symbol id="sm-a64">
         <name>_exit</name>
         <value>0x91a0</value>
         <object_component_ref idref="oc-237"/>
      </symbol>
      <symbol id="sm-a66">
         <name>___TI_cleanup_ptr</name>
         <value>0x12636</value>
         <object_component_ref idref="oc-213"/>
      </symbol>
      <symbol id="sm-a67">
         <name>___TI_enable_exit_profile_output</name>
         <value>0x12634</value>
         <object_component_ref idref="oc-213"/>
      </symbol>
      <symbol id="sm-a68">
         <name>_abort</name>
         <value>0x919e</value>
         <object_component_ref idref="oc-237"/>
      </symbol>
      <symbol id="sm-a6a">
         <name>___TI_dtors_ptr</name>
         <value>0x12638</value>
         <object_component_ref idref="oc-213"/>
      </symbol>
      <symbol id="sm-a7e">
         <name>__unlock</name>
         <value>0x127fe</value>
         <object_component_ref idref="oc-299"/>
      </symbol>
      <symbol id="sm-a7f">
         <name>__lock</name>
         <value>0x1263e</value>
         <object_component_ref idref="oc-243"/>
      </symbol>
      <symbol id="sm-a80">
         <name>__register_lock</name>
         <value>0x93e6</value>
         <object_component_ref idref="oc-297"/>
      </symbol>
      <symbol id="sm-a82">
         <name>__nop</name>
         <value>0x93ea</value>
         <object_component_ref idref="oc-297"/>
      </symbol>
      <symbol id="sm-a84">
         <name>__register_unlock</name>
         <value>0x93e2</value>
         <object_component_ref idref="oc-297"/>
      </symbol>
      <symbol id="sm-a94">
         <name>__args_main</name>
         <value>0x93d0</value>
         <object_component_ref idref="oc-236"/>
      </symbol>
      <symbol id="sm-af2">
         <name>__sys_memory</name>
         <value>0xa000</value>
         <object_component_ref idref="oc-225"/>
      </symbol>
      <symbol id="sm-af3">
         <name>___TI_heap_total_available</name>
         <value>0x372</value>
         <object_component_ref idref="oc-247"/>
      </symbol>
      <symbol id="sm-af5">
         <name>_realloc</name>
         <value>0x217</value>
         <object_component_ref idref="oc-247"/>
      </symbol>
      <symbol id="sm-af7">
         <name>___TI_heap_check</name>
         <value>0x3ac</value>
         <object_component_ref idref="oc-247"/>
      </symbol>
      <symbol id="sm-af9">
         <name>_free</name>
         <value>0x14d</value>
         <object_component_ref idref="oc-247"/>
      </symbol>
      <symbol id="sm-afb">
         <name>_memalign</name>
         <value>0x2cc</value>
         <object_component_ref idref="oc-247"/>
      </symbol>
      <symbol id="sm-afc">
         <name>_calloc</name>
         <value>0x29f</value>
         <object_component_ref idref="oc-247"/>
      </symbol>
      <symbol id="sm-afe">
         <name>_malloc</name>
         <value>0x122</value>
         <object_component_ref idref="oc-247"/>
      </symbol>
      <symbol id="sm-b00">
         <name>_aligned_alloc</name>
         <value>0x2cc</value>
         <object_component_ref idref="oc-247"/>
      </symbol>
      <symbol id="sm-b02">
         <name>_minit</name>
         <value>0x29b</value>
         <object_component_ref idref="oc-247"/>
      </symbol>
      <symbol id="sm-b04">
         <name>___TI_heap_largest_available</name>
         <value>0x38f</value>
         <object_component_ref idref="oc-247"/>
      </symbol>
      <symbol id="sm-b13">
         <name>_memset</name>
         <value>0xb7f8</value>
         <object_component_ref idref="oc-29a"/>
      </symbol>
      <symbol id="sm-b1e">
         <name>_errno</name>
         <value>0x1299b</value>
         <object_component_ref idref="oc-231"/>
      </symbol>
   </symbol_table>
   <title>Link successful</title>
</link_info>
