******************************************************************************
             TMS320C2000 Linker PC v20.2.5                     
******************************************************************************
>> Linked Mon Apr 10 14:53:09 2023

OUTPUT FILE NAME:   <MonoMtrServo_379D.out>
ENTRY POINT SYMBOL: "_c_int00"  address: 00008f22


MEMORY CONFIGURATION

         name            origin    length      used     unused   attr    fill
----------------------  --------  ---------  --------  --------  ----  --------
PAGE 0:
  BEGIN                 00000000   00000002  00000002  00000000  RWIX
  RAMM0                 00000122   000002de  000002de  00000000  RWIX
  RAMLS0                00008000   00000800  00000800  00000000  RWIX
  RAMLS1_LS2            00008800   00001000  00000be5  0000041b  RWIX
  RAMLS3                00009800   00000800  00000000  00000800  RWIX
  RAMD0                 0000b000   00000800  000007ff  00000001  RWIX
  RAMGS9                00015000   00001000  00000000  00001000  RWIX
  RAMGS10_GS11_GS12     00016000   00003000  0000246e  00000b92  RWIX
  RAMGS13               00019000   00001000  00000000  00001000  RWIX
  RAMGS14               0001a000   00001000  00000000  00001000  RWIX
  RAMGS15               0001b000   00001000  00000439  00000bc7  RWIX
  RESET                 003fffc0   00000002  00000000  00000002  RWIX

PAGE 1:
  BOOT_RSVD             00000002   00000120  00000000  00000120  RWIX
  RAMM1                 00000400   00000400  00000380  00000080  RWIX
  ADCA_RESULT           00000b00   00000020  00000018  00000008  RWIX
  ADCB_RESULT           00000b20   00000020  00000018  00000008  RWIX
  ADCC_RESULT           00000b40   00000020  00000018  00000008  RWIX
  ADCD_RESULT           00000b60   00000020  00000018  00000008  RWIX
  CPU_TIMER0            00000c00   00000008  00000008  00000000  RWIX
  CPU_TIMER1            00000c08   00000008  00000008  00000000  RWIX
  CPU_TIMER2            00000c10   00000008  00000008  00000000  RWIX
  PIE_CTRL              00000ce0   00000020  0000001a  00000006  RWIX
  PIE_VECT              00000d00   00000200  000001c0  00000040  RWIX
  DMA                   00001000   00000200  000000e0  00000120  RWIX
  CLA1                  00001400   00000040  0000003e  00000002  RWIX
  EPWM1                 00004000   00000100  00000100  00000000  RWIX
  EPWM2                 00004100   00000100  00000100  00000000  RWIX
  EPWM3                 00004200   00000100  00000100  00000000  RWIX
  EPWM4                 00004300   00000100  00000100  00000000  RWIX
  EPWM5                 00004400   00000100  00000100  00000000  RWIX
  EPWM6                 00004500   00000100  00000100  00000000  RWIX
  EPWM7                 00004600   00000100  00000100  00000000  RWIX
  EPWM8                 00004700   00000100  00000100  00000000  RWIX
  EPWM9                 00004800   00000100  00000100  00000000  RWIX
  EPWM10                00004900   00000100  00000100  00000000  RWIX
  EPWM11                00004a00   00000100  00000100  00000000  RWIX
  EPWM12                00004b00   00000100  00000100  00000000  RWIX
  ECAP1                 00005000   00000020  00000020  00000000  RWIX
  ECAP2                 00005020   00000020  00000020  00000000  RWIX
  ECAP3                 00005040   00000020  00000020  00000000  RWIX
  ECAP4                 00005060   00000020  00000020  00000000  RWIX
  ECAP5                 00005080   00000020  00000020  00000000  RWIX
  ECAP6                 000050a0   00000020  00000020  00000000  RWIX
  EQEP1                 00005100   00000040  00000022  0000001e  RWIX
  EQEP2                 00005140   00000040  00000022  0000001e  RWIX
  EQEP3                 00005180   00000040  00000022  0000001e  RWIX
  DACA                  00005c00   00000010  00000008  00000008  RWIX
  DACB                  00005c10   00000010  00000008  00000008  RWIX
  DACC                  00005c20   00000010  00000008  00000008  RWIX
  CMPSS1                00005c80   00000020  00000020  00000000  RWIX
  CMPSS2                00005ca0   00000020  00000020  00000000  RWIX
  CMPSS3                00005cc0   00000020  00000020  00000000  RWIX
  CMPSS4                00005ce0   00000020  00000020  00000000  RWIX
  CMPSS5                00005d00   00000020  00000020  00000000  RWIX
  CMPSS6                00005d20   00000020  00000020  00000000  RWIX
  CMPSS7                00005d40   00000020  00000020  00000000  RWIX
  CMPSS8                00005d60   00000020  00000020  00000000  RWIX
  SDFM1                 00005e00   00000080  00000080  00000000  RWIX
  SDFM2                 00005e80   00000080  00000080  00000000  RWIX
  MCBSPA                00006000   00000040  00000024  0000001c  RWIX
  MCBSPB                00006040   00000040  00000024  0000001c  RWIX
  SPIA                  00006100   00000010  00000010  00000000  RWIX
  SPIB                  00006110   00000010  00000010  00000000  RWIX
  SPIC                  00006120   00000010  00000010  00000000  RWIX
  SPID                  00006130   00000010  00000000  00000010  RWIX
  UPP                   00006200   00000100  00000048  000000b8  RWIX
  WD                    00007000   00000040  0000002b  00000015  RWIX
  NMIINTRUPT            00007060   00000010  00000007  00000009  RWIX
  XINT                  00007070   00000010  0000000b  00000005  RWIX
  SCIA                  00007200   00000010  00000010  00000000  RWIX
  SCIB                  00007210   00000010  00000010  00000000  RWIX
  SCIC                  00007220   00000010  00000010  00000000  RWIX
  SCID                  00007230   00000010  00000010  00000000  RWIX
  I2CA                  00007300   00000040  00000022  0000001e  RWIX
  I2CB                  00007340   00000040  00000022  0000001e  RWIX
  ADCA                  00007400   00000080  00000080  00000000  RWIX
  ADCB                  00007480   00000080  00000080  00000000  RWIX
  ADCC                  00007500   00000080  00000080  00000000  RWIX
  ADCD                  00007580   00000080  00000080  00000000  RWIX
  INPUT_XBAR            00007900   00000020  00000020  00000000  RWIX
  XBAR                  00007920   00000020  00000020  00000000  RWIX
  SYNC_SOC              00007940   00000010  00000006  0000000a  RWIX
  DMACLASRCSEL          00007980   00000040  0000001a  00000026  RWIX
  EPWM_XBAR             00007a00   00000040  00000040  00000000  RWIX
  CLB_XBAR              00007a40   00000040  00000000  00000040  RWIX
  OUTPUT_XBAR           00007a80   00000040  00000040  00000000  RWIX
  GPIOCTRL              00007c00   00000180  00000180  00000000  RWIX
  GPIODAT               00007f00   00000030  00000030  00000000  RWIX
  RAMLS4                0000a000   00000800  00000800  00000000  RWIX
  RAMLS5                0000a800   00000800  0000030a  000004f6  RWIX
  RAMD1                 0000b800   00000800  00000000  00000800  RWIX
  RAMGS0                0000c000   00001000  00000000  00001000  RWIX
  RAMGS1                0000d000   00001000  00000000  00001000  RWIX
  RAMGS2                0000e000   00001000  00000000  00001000  RWIX
  RAMGS3                0000f000   00001000  00000000  00001000  RWIX
  RAMGS4                00010000   00001000  00000000  00001000  RWIX
  RAMGS5                00011000   00001000  00000000  00001000  RWIX
  RAMGS6                00012000   00001000  00000b10  000004f0  RWIX
  RAMGS7                00013000   00001000  00000000  00001000  RWIX
  RAMGS8                00014000   00001000  00000000  00001000  RWIX
  CPU2TOCPU1RAM         0003f800   00000400  00000000  00000400  RWIX
  CPU1TOCPU2RAM         0003fc00   00000400  00000000  00000400  RWIX
  EMIF1                 00047000   00000800  00000070  00000790  RWIX
  EMIF2                 00047800   00000800  00000070  00000790  RWIX
  CANA                  00048000   00000800  00000164  0000069c  RWIX
  CANA_MSG_RAM          00049000   00000800  00000000  00000800  RWIX
  CANB                  0004a000   00000800  00000164  0000069c  RWIX
  CANB_MSG_RAM          0004b000   00000800  00000000  00000800  RWIX
  IPC                   00050000   00000024  00000024  00000000  RWIX
  FLASHPUMPSEMAPHORE    00050024   00000002  00000002  00000000  RWIX
  DEV_CFG               0005d000   00000180  0000012e  00000052  RWIX
  ANALOG_SUBSYS         0005d180   00000080  00000048  00000038  RWIX
  CLK_CFG               0005d200   00000100  00000032  000000ce  RWIX
  CPU_SYS               0005d300   00000100  00000082  0000007e  RWIX
  ROMPREFETCH           0005e608   00000002  00000002  00000000  RWIX
  DCSM_Z1               0005f000   00000030  00000024  0000000c  RWIX
  DCSM_Z2               0005f040   00000030  00000024  0000000c  RWIX
  DCSM_COMMON           0005f070   00000010  00000008  00000008  RWIX
  MEMCFG                0005f400   00000080  00000080  00000000  RWIX
  EMIF1CONFIG           0005f480   00000020  00000020  00000000  RWIX
  EMIF2CONFIG           0005f4a0   00000020  00000020  00000000  RWIX
  ACCESSPROTECTION      0005f4c0   00000040  00000040  00000000  RWIX
  MEMORYERROR           0005f500   00000040  00000040  00000000  RWIX
  ROMWAITSTATE          0005f540   00000002  00000002  00000000  RWIX
  FLASH0_CTRL           0005f800   00000300  00000182  0000017e  RWIX
  FLASH0_ECC            0005fb00   00000040  00000028  00000018  RWIX
  DCSM_Z1_OTP           00078000   00000020  00000020  00000000  RWIX
  DCSM_Z2_OTP           00078200   00000020  00000020  00000000  RWIX


SECTION ALLOCATION MAP

 output                                  attributes/
section   page    origin      length       input sections
--------  ----  ----------  ----------   ----------------
codestart 
*          0    00000000    00000002     
                  00000000    00000002     F2837xD_CodeStartBranch.obj (codestart)

.cinit     0    0001b000    00000435     
                  0001b000    000003ac     MonoMtrServo.obj (.cinit)
                  0001b3ac    00000015     MonoMtrServo.obj (.cinit:_tt1)
                  0001b3c1    00000015     MonoMtrServo.obj (.cinit:_tt2)
                  0001b3d6    0000000e     rts2800_fpu32.lib : exit.c.obj (.cinit)
                  0001b3e4    0000000c     F2837xD_Dac_setting.obj (.cinit)
                  0001b3f0    0000000b     F2837xD_Dac_setting.obj (.cinit:_DAC_PTR)
                  0001b3fb    0000000b     MonoMtrServo.obj (.cinit:_posArray)
                  0001b406    00000007     MonoMtrServo.obj (.cinit:_Speed_CMD_Data)
                  0001b40d    00000005     MonoMtrServo.obj (.cinit:_Kalman2X2_TL)
                  0001b412    00000005     MonoMtrServo.obj (.cinit:_Kalman3X3_TL)
                  0001b417    00000005     MonoMtrServo.obj (.cinit:_SpeedCmd)
                  0001b41c    00000005     rts2800_fpu32.lib : _lock.c.obj (.cinit:__lock)
                  0001b421    00000005                       : _lock.c.obj (.cinit:__unlock)
                  0001b426    00000005     MonoMtrServo.obj (.cinit:_tt3)
                  0001b42b    00000004     rts2800_fpu32.lib : errno.c.obj (.cinit)
                  0001b42f    00000004                       : memory.c.obj (.cinit)
                  0001b433    00000002     --HOLE-- [fill = 0]

.pinit     0    00000122    00000000     UNINITIALIZED

.reset     0    003fffc0    00000002     DSECT
                  003fffc0    00000002     rts2800_fpu32.lib : boot28.asm.obj (.reset)

.stack     1    00000400    00000380     UNINITIALIZED
                  00000400    00000380     --HOLE--

AdcaResultFile 
*          1    00000b00    00000018     UNINITIALIZED
                  00000b00    00000018     F2837xD_GlobalVariableDefs.obj (AdcaResultFile)

AdcbResultFile 
*          1    00000b20    00000018     UNINITIALIZED
                  00000b20    00000018     F2837xD_GlobalVariableDefs.obj (AdcbResultFile)

AdccResultFile 
*          1    00000b40    00000018     UNINITIALIZED
                  00000b40    00000018     F2837xD_GlobalVariableDefs.obj (AdccResultFile)

AdcdResultFile 
*          1    00000b60    00000018     UNINITIALIZED
                  00000b60    00000018     F2837xD_GlobalVariableDefs.obj (AdcdResultFile)

Cla1RegsFile 
*          1    00001400    0000003e     UNINITIALIZED
                  00001400    0000003e     F2837xD_GlobalVariableDefs.obj (Cla1RegsFile)

.esysmem   1    0000a000    00000800     UNINITIALIZED
                  0000a000    00000004     rts2800_fpu32.lib : memory.c.obj (.esysmem)
                  0000a004    000007fc     --HOLE--

.econst    1    0000a800    0000030a     
                  0000a800    000001c0     F2837xD_PieVect.obj (.econst:_PieVectTableInit)
                  0000a9c0    00000012     MonoMtrServo.obj (.econst:_$P$T14$18)
                  0000a9d2    00000012     MonoMtrServo.obj (.econst:_$P$T18$22)
                  0000a9e4    00000012     MonoMtrServo.obj (.econst:_$P$T21$25)
                  0000a9f6    00000012     MonoMtrServo.obj (.econst:_$P$T22$26)
                  0000aa08    00000012     MonoMtrServo.obj (.econst:_$P$T26$30)
                  0000aa1a    00000012     MonoMtrServo.obj (.econst:_$P$T27$31)
                  0000aa2c    00000010     rts2800_fpu32.lib : e_expf.c.obj (.econst)
                  0000aa3c    00000010                       : e_logf.c.obj (.econst)
                  0000aa4c    00000008     MonoMtrServo.obj (.econst:_$P$T0$4)
                  0000aa54    00000008     MonoMtrServo.obj (.econst:_$P$T12$16)
                  0000aa5c    00000008     MonoMtrServo.obj (.econst:_$P$T13$17)
                  0000aa64    00000008     MonoMtrServo.obj (.econst:_$P$T30$34)
                  0000aa6c    00000008     MonoMtrServo.obj (.econst:_$P$T32$36)
                  0000aa74    00000008     MonoMtrServo.obj (.econst:_$P$T36$40)
                  0000aa7c    00000008     MonoMtrServo.obj (.econst:_$P$T37$41)
                  0000aa84    00000008     MonoMtrServo.obj (.econst:_$P$T4$8)
                  0000aa8c    00000008     MonoMtrServo.obj (.econst:_$P$T7$11)
                  0000aa94    00000008     MonoMtrServo.obj (.econst:_$P$T8$12)
                  0000aa9c    00000006     MonoMtrServo.obj (.econst:_$P$T15$19)
                  0000aaa2    00000006     MonoMtrServo.obj (.econst:_$P$T16$20)
                  0000aaa8    00000006     MonoMtrServo.obj (.econst:_$P$T17$21)
                  0000aaae    00000006     MonoMtrServo.obj (.econst:_$P$T19$23)
                  0000aab4    00000006     MonoMtrServo.obj (.econst:_$P$T20$24)
                  0000aaba    00000006     MonoMtrServo.obj (.econst:_$P$T23$27)
                  0000aac0    00000006     MonoMtrServo.obj (.econst:_$P$T24$28)
                  0000aac6    00000004     MonoMtrServo.obj (.econst:_$P$T1$5)
                  0000aaca    00000004     MonoMtrServo.obj (.econst:_$P$T10$14)
                  0000aace    00000004     MonoMtrServo.obj (.econst:_$P$T2$6)
                  0000aad2    00000004     MonoMtrServo.obj (.econst:_$P$T28$32)
                  0000aad6    00000004     MonoMtrServo.obj (.econst:_$P$T29$33)
                  0000aada    00000004     MonoMtrServo.obj (.econst:_$P$T3$7)
                  0000aade    00000004     MonoMtrServo.obj (.econst:_$P$T31$35)
                  0000aae2    00000004     MonoMtrServo.obj (.econst:_$P$T33$37)
                  0000aae6    00000004     MonoMtrServo.obj (.econst:_$P$T34$38)
                  0000aaea    00000004     MonoMtrServo.obj (.econst:_$P$T5$9)
                  0000aaee    00000004     MonoMtrServo.obj (.econst:_$P$T6$10)
                  0000aaf2    00000004     MonoMtrServo.obj (.econst:_$P$T9$13)
                  0000aaf6    00000004     rts2800_fpu32.lib : e_expf.c.obj (.econst:_halF)
                  0000aafa    00000004                       : e_expf.c.obj (.econst:_ln2HI)
                  0000aafe    00000004                       : e_expf.c.obj (.econst:_ln2LO)
                  0000ab02    00000002     MonoMtrServo.obj (.econst:_$P$T11$15)
                  0000ab04    00000002     MonoMtrServo.obj (.econst:_$P$T25$29)
                  0000ab06    00000002     MonoMtrServo.obj (.econst:_$P$T35$39)
                  0000ab08    00000002     rts2800_fpu32.lib : s_floorf.c.obj (.econst)

.ebss      1    00012000    00000b10     UNINITIALIZED
                  00012000    00000434     MonoMtrServo.obj (.ebss)
                  00012434    00000008     F2837xD_Dac_setting.obj (.ebss:_DAC_PTR)
                  0001243c    00000004     MonoMtrServo.obj (.ebss:_Kalman2X2_TL)
                  00012440    00000190     MonoMtrServo.obj (.ebss:_DBUFF_4CH1)
                  000125d0    00000012     MonoMtrServo.obj (.ebss:_tt1)
                  000125e2    00000012     MonoMtrServo.obj (.ebss:_tt2)
                  000125f4    00000006     rts2800_fpu32.lib : exit.c.obj (.ebss)
                  000125fa    00000004     MonoMtrServo.obj (.ebss:_Kalman3X3_TL)
                  000125fe    00000002     rts2800_fpu32.lib : _lock.c.obj (.ebss:__lock)
                  00012600    00000190     MonoMtrServo.obj (.ebss:_DBUFF_4CH2)
                  00012790    00000012     MonoMtrServo.obj (.ebss:_tt3)
                  000127a2    00000010     MonoMtrServo.obj (.ebss:_posArray)
                  000127b2    00000004     MonoMtrServo.obj (.ebss:_SpeedCmd)
                  000127b6    00000004     MonoMtrServo.obj (.ebss:_Speed_CMD_Data)
                  000127ba    00000004     MonoMtrServo.obj (.ebss:_VTimer0)
                  000127be    00000002     rts2800_fpu32.lib : _lock.c.obj (.ebss:__unlock)
                  000127c0    00000190     MonoMtrServo.obj (.ebss:_DBUFF_4CH3)
                  00012950    00000004     MonoMtrServo.obj (.ebss:_VTimer1)
                  00012954    00000004     MonoMtrServo.obj (.ebss:_VTimer2)
                  00012958    00000004     rts2800_fpu32.lib : memory.c.obj (.ebss)
                  0001295c    00000003     F2837xD_Dac_setting.obj (.ebss)
                  0001295f    00000001     rts2800_fpu32.lib : errno.c.obj (.ebss)
                  00012960    00000020     --HOLE--
                  00012980    00000190     MonoMtrServo.obj (.ebss:_DBUFF_4CH4)

.TI.ramfunc 
*          0    0001b435    00000004     
                  0001b435    00000004     F2837xD_usDelay.obj (.TI.ramfunc)

GETBUFFER 
*          0    0003f800    00000000     DSECT

GETWRITEIDX 
*          0    0003f800    00000000     DSECT

PUTREADIDX 
*          0    0003f800    00000000     DSECT

CpuTimer0RegsFile 
*          1    00000c00    00000008     UNINITIALIZED
                  00000c00    00000008     F2837xD_GlobalVariableDefs.obj (CpuTimer0RegsFile)

CpuTimer1RegsFile 
*          1    00000c08    00000008     UNINITIALIZED
                  00000c08    00000008     F2837xD_GlobalVariableDefs.obj (CpuTimer1RegsFile)

CpuTimer2RegsFile 
*          1    00000c10    00000008     UNINITIALIZED
                  00000c10    00000008     F2837xD_GlobalVariableDefs.obj (CpuTimer2RegsFile)

PieCtrlRegsFile 
*          1    00000ce0    0000001a     UNINITIALIZED
                  00000ce0    0000001a     F2837xD_GlobalVariableDefs.obj (PieCtrlRegsFile)

PieVectTableFile 
*          1    00000d00    000001c0     UNINITIALIZED
                  00000d00    000001c0     F2837xD_GlobalVariableDefs.obj (PieVectTableFile)

EmuKeyVar 
*          1    00000d00    00000001     UNINITIALIZED
                  00000d00    00000001     F2837xD_GlobalVariableDefs.obj (EmuKeyVar)

EmuBModeVar 
*          1    00000d01    00000001     UNINITIALIZED
                  00000d01    00000001     F2837xD_GlobalVariableDefs.obj (EmuBModeVar)

FlashCallbackVar 
*          1    00000d02    00000000     UNINITIALIZED

FlashScalingVar 
*          1    00000d02    00000000     UNINITIALIZED

DmaRegsFile 
*          1    00001000    000000e0     UNINITIALIZED
                  00001000    000000e0     F2837xD_GlobalVariableDefs.obj (DmaRegsFile)

EPwm1RegsFile 
*          1    00004000    00000100     UNINITIALIZED
                  00004000    00000100     F2837xD_GlobalVariableDefs.obj (EPwm1RegsFile)

EPwm2RegsFile 
*          1    00004100    00000100     UNINITIALIZED
                  00004100    00000100     F2837xD_GlobalVariableDefs.obj (EPwm2RegsFile)

EPwm3RegsFile 
*          1    00004200    00000100     UNINITIALIZED
                  00004200    00000100     F2837xD_GlobalVariableDefs.obj (EPwm3RegsFile)

EPwm4RegsFile 
*          1    00004300    00000100     UNINITIALIZED
                  00004300    00000100     F2837xD_GlobalVariableDefs.obj (EPwm4RegsFile)

EPwm5RegsFile 
*          1    00004400    00000100     UNINITIALIZED
                  00004400    00000100     F2837xD_GlobalVariableDefs.obj (EPwm5RegsFile)

EPwm6RegsFile 
*          1    00004500    00000100     UNINITIALIZED
                  00004500    00000100     F2837xD_GlobalVariableDefs.obj (EPwm6RegsFile)

EPwm7RegsFile 
*          1    00004600    00000100     UNINITIALIZED
                  00004600    00000100     F2837xD_GlobalVariableDefs.obj (EPwm7RegsFile)

EPwm8RegsFile 
*          1    00004700    00000100     UNINITIALIZED
                  00004700    00000100     F2837xD_GlobalVariableDefs.obj (EPwm8RegsFile)

EPwm9RegsFile 
*          1    00004800    00000100     UNINITIALIZED
                  00004800    00000100     F2837xD_GlobalVariableDefs.obj (EPwm9RegsFile)

EPwm10RegsFile 
*          1    00004900    00000100     UNINITIALIZED
                  00004900    00000100     F2837xD_GlobalVariableDefs.obj (EPwm10RegsFile)

EPwm11RegsFile 
*          1    00004a00    00000100     UNINITIALIZED
                  00004a00    00000100     F2837xD_GlobalVariableDefs.obj (EPwm11RegsFile)

EPwm12RegsFile 
*          1    00004b00    00000100     UNINITIALIZED
                  00004b00    00000100     F2837xD_GlobalVariableDefs.obj (EPwm12RegsFile)

ECap1RegsFile 
*          1    00005000    00000020     UNINITIALIZED
                  00005000    00000020     F2837xD_GlobalVariableDefs.obj (ECap1RegsFile)

ECap2RegsFile 
*          1    00005020    00000020     UNINITIALIZED
                  00005020    00000020     F2837xD_GlobalVariableDefs.obj (ECap2RegsFile)

ECap3RegsFile 
*          1    00005040    00000020     UNINITIALIZED
                  00005040    00000020     F2837xD_GlobalVariableDefs.obj (ECap3RegsFile)

ECap4RegsFile 
*          1    00005060    00000020     UNINITIALIZED
                  00005060    00000020     F2837xD_GlobalVariableDefs.obj (ECap4RegsFile)

ECap5RegsFile 
*          1    00005080    00000020     UNINITIALIZED
                  00005080    00000020     F2837xD_GlobalVariableDefs.obj (ECap5RegsFile)

ECap6RegsFile 
*          1    000050a0    00000020     UNINITIALIZED
                  000050a0    00000020     F2837xD_GlobalVariableDefs.obj (ECap6RegsFile)

EQep1RegsFile 
*          1    00005100    00000022     UNINITIALIZED
                  00005100    00000022     F2837xD_GlobalVariableDefs.obj (EQep1RegsFile)

EQep2RegsFile 
*          1    00005140    00000022     UNINITIALIZED
                  00005140    00000022     F2837xD_GlobalVariableDefs.obj (EQep2RegsFile)

EQep3RegsFile 
*          1    00005180    00000022     UNINITIALIZED
                  00005180    00000022     F2837xD_GlobalVariableDefs.obj (EQep3RegsFile)

DacaRegsFile 
*          1    00005c00    00000008     UNINITIALIZED
                  00005c00    00000008     F2837xD_GlobalVariableDefs.obj (DacaRegsFile)

DacbRegsFile 
*          1    00005c10    00000008     UNINITIALIZED
                  00005c10    00000008     F2837xD_GlobalVariableDefs.obj (DacbRegsFile)

DaccRegsFile 
*          1    00005c20    00000008     UNINITIALIZED
                  00005c20    00000008     F2837xD_GlobalVariableDefs.obj (DaccRegsFile)

I2caRegsFile 
*          1    00007300    00000022     UNINITIALIZED
                  00007300    00000022     F2837xD_GlobalVariableDefs.obj (I2caRegsFile)

I2cbRegsFile 
*          1    00007340    00000022     UNINITIALIZED
                  00007340    00000022     F2837xD_GlobalVariableDefs.obj (I2cbRegsFile)

AdcaRegsFile 
*          1    00007400    00000080     UNINITIALIZED
                  00007400    00000080     F2837xD_GlobalVariableDefs.obj (AdcaRegsFile)

AdcbRegsFile 
*          1    00007480    00000080     UNINITIALIZED
                  00007480    00000080     F2837xD_GlobalVariableDefs.obj (AdcbRegsFile)

AdccRegsFile 
*          1    00007500    00000080     UNINITIALIZED
                  00007500    00000080     F2837xD_GlobalVariableDefs.obj (AdccRegsFile)

AdcdRegsFile 
*          1    00007580    00000080     UNINITIALIZED
                  00007580    00000080     F2837xD_GlobalVariableDefs.obj (AdcdRegsFile)

CanaRegsFile 
*          1    00048000    00000164     UNINITIALIZED
                  00048000    00000164     F2837xD_GlobalVariableDefs.obj (CanaRegsFile)

CanbRegsFile 
*          1    0004a000    00000164     UNINITIALIZED
                  0004a000    00000164     F2837xD_GlobalVariableDefs.obj (CanbRegsFile)

AnalogSubsysRegsFile 
*          1    0005d180    00000048     UNINITIALIZED
                  0005d180    00000048     F2837xD_GlobalVariableDefs.obj (AnalogSubsysRegsFile)

Cla1SoftIntRegsFile 
*          1    00000ce0    00000004     DSECT
                  00000ce0    00000004     F2837xD_GlobalVariableDefs.obj (Cla1SoftIntRegsFile)

Cmpss1RegsFile 
*          1    00005c80    00000020     UNINITIALIZED
                  00005c80    00000020     F2837xD_GlobalVariableDefs.obj (Cmpss1RegsFile)

Cmpss2RegsFile 
*          1    00005ca0    00000020     UNINITIALIZED
                  00005ca0    00000020     F2837xD_GlobalVariableDefs.obj (Cmpss2RegsFile)

Cmpss3RegsFile 
*          1    00005cc0    00000020     UNINITIALIZED
                  00005cc0    00000020     F2837xD_GlobalVariableDefs.obj (Cmpss3RegsFile)

Cmpss4RegsFile 
*          1    00005ce0    00000020     UNINITIALIZED
                  00005ce0    00000020     F2837xD_GlobalVariableDefs.obj (Cmpss4RegsFile)

Cmpss5RegsFile 
*          1    00005d00    00000020     UNINITIALIZED
                  00005d00    00000020     F2837xD_GlobalVariableDefs.obj (Cmpss5RegsFile)

Cmpss6RegsFile 
*          1    00005d20    00000020     UNINITIALIZED
                  00005d20    00000020     F2837xD_GlobalVariableDefs.obj (Cmpss6RegsFile)

Cmpss7RegsFile 
*          1    00005d40    00000020     UNINITIALIZED
                  00005d40    00000020     F2837xD_GlobalVariableDefs.obj (Cmpss7RegsFile)

Cmpss8RegsFile 
*          1    00005d60    00000020     UNINITIALIZED
                  00005d60    00000020     F2837xD_GlobalVariableDefs.obj (Cmpss8RegsFile)

Sdfm1RegsFile 
*          1    00005e00    00000080     UNINITIALIZED
                  00005e00    00000080     F2837xD_GlobalVariableDefs.obj (Sdfm1RegsFile)

Sdfm2RegsFile 
*          1    00005e80    00000080     UNINITIALIZED
                  00005e80    00000080     F2837xD_GlobalVariableDefs.obj (Sdfm2RegsFile)

McbspaRegsFile 
*          1    00006000    00000024     UNINITIALIZED
                  00006000    00000024     F2837xD_GlobalVariableDefs.obj (McbspaRegsFile)

McbspbRegsFile 
*          1    00006040    00000024     UNINITIALIZED
                  00006040    00000024     F2837xD_GlobalVariableDefs.obj (McbspbRegsFile)

SpiaRegsFile 
*          1    00006100    00000010     UNINITIALIZED
                  00006100    00000010     F2837xD_GlobalVariableDefs.obj (SpiaRegsFile)

SpibRegsFile 
*          1    00006110    00000010     UNINITIALIZED
                  00006110    00000010     F2837xD_GlobalVariableDefs.obj (SpibRegsFile)

SpicRegsFile 
*          1    00006120    00000010     UNINITIALIZED
                  00006120    00000010     F2837xD_GlobalVariableDefs.obj (SpicRegsFile)

UppRegsFile 
*          1    00006200    00000048     UNINITIALIZED
                  00006200    00000048     F2837xD_GlobalVariableDefs.obj (UppRegsFile)

WdRegsFile 
*          1    00007000    0000002b     UNINITIALIZED
                  00007000    0000002b     F2837xD_GlobalVariableDefs.obj (WdRegsFile)

NmiIntruptRegsFile 
*          1    00007060    00000007     UNINITIALIZED
                  00007060    00000007     F2837xD_GlobalVariableDefs.obj (NmiIntruptRegsFile)

XintRegsFile 
*          1    00007070    0000000b     UNINITIALIZED
                  00007070    0000000b     F2837xD_GlobalVariableDefs.obj (XintRegsFile)

SciaRegsFile 
*          1    00007200    00000010     UNINITIALIZED
                  00007200    00000010     F2837xD_GlobalVariableDefs.obj (SciaRegsFile)

ScibRegsFile 
*          1    00007210    00000010     UNINITIALIZED
                  00007210    00000010     F2837xD_GlobalVariableDefs.obj (ScibRegsFile)

ScicRegsFile 
*          1    00007220    00000010     UNINITIALIZED
                  00007220    00000010     F2837xD_GlobalVariableDefs.obj (ScicRegsFile)

ScidRegsFile 
*          1    00007230    00000010     UNINITIALIZED
                  00007230    00000010     F2837xD_GlobalVariableDefs.obj (ScidRegsFile)

InputXbarRegsFile 
*          1    00007900    00000020     UNINITIALIZED
                  00007900    00000020     F2837xD_GlobalVariableDefs.obj (InputXbarRegsFile)

XbarRegsFile 
*          1    00007920    00000020     UNINITIALIZED
                  00007920    00000020     F2837xD_GlobalVariableDefs.obj (XbarRegsFile)

SyncSocRegsFile 
*          1    00007940    00000006     UNINITIALIZED
                  00007940    00000006     F2837xD_GlobalVariableDefs.obj (SyncSocRegsFile)

DmaClaSrcSelRegsFile 
*          1    00007980    0000001a     UNINITIALIZED
                  00007980    0000001a     F2837xD_GlobalVariableDefs.obj (DmaClaSrcSelRegsFile)

EPwmXbarRegsFile 
*          1    00007a00    00000040     UNINITIALIZED
                  00007a00    00000040     F2837xD_GlobalVariableDefs.obj (EPwmXbarRegsFile)

OutputXbarRegsFile 
*          1    00007a80    00000040     UNINITIALIZED
                  00007a80    00000040     F2837xD_GlobalVariableDefs.obj (OutputXbarRegsFile)

GpioCtrlRegsFile 
*          1    00007c00    00000180     UNINITIALIZED
                  00007c00    00000180     F2837xD_GlobalVariableDefs.obj (GpioCtrlRegsFile)

GpioDataRegsFile 
*          1    00007f00    00000030     UNINITIALIZED
                  00007f00    00000030     F2837xD_GlobalVariableDefs.obj (GpioDataRegsFile)

Emif1RegsFile 
*          1    00047000    00000070     UNINITIALIZED
                  00047000    00000070     F2837xD_GlobalVariableDefs.obj (Emif1RegsFile)

Emif2RegsFile 
*          1    00047800    00000070     UNINITIALIZED
                  00047800    00000070     F2837xD_GlobalVariableDefs.obj (Emif2RegsFile)

IpcRegsFile 
*          1    00050000    00000024     UNINITIALIZED
                  00050000    00000024     F2837xD_GlobalVariableDefs.obj (IpcRegsFile)

FlashPumpSemaphoreRegsFile 
*          1    00050024    00000002     UNINITIALIZED
                  00050024    00000002     F2837xD_GlobalVariableDefs.obj (FlashPumpSemaphoreRegsFile)

RomPrefetchRegsFile 
*          1    0005e608    00000002     UNINITIALIZED
                  0005e608    00000002     F2837xD_GlobalVariableDefs.obj (RomPrefetchRegsFile)

DcsmZ1RegsFile 
*          1    0005f000    00000024     UNINITIALIZED
                  0005f000    00000024     F2837xD_GlobalVariableDefs.obj (DcsmZ1RegsFile)

DcsmZ2RegsFile 
*          1    0005f040    00000024     UNINITIALIZED
                  0005f040    00000024     F2837xD_GlobalVariableDefs.obj (DcsmZ2RegsFile)

DcsmCommonRegsFile 
*          1    0005f070    00000008     UNINITIALIZED
                  0005f070    00000008     F2837xD_GlobalVariableDefs.obj (DcsmCommonRegsFile)

MemCfgRegsFile 
*          1    0005f400    00000080     UNINITIALIZED
                  0005f400    00000080     F2837xD_GlobalVariableDefs.obj (MemCfgRegsFile)

Emif1ConfigRegsFile 
*          1    0005f480    00000020     UNINITIALIZED
                  0005f480    00000020     F2837xD_GlobalVariableDefs.obj (Emif1ConfigRegsFile)

Emif2ConfigRegsFile 
*          1    0005f4a0    00000020     UNINITIALIZED
                  0005f4a0    00000020     F2837xD_GlobalVariableDefs.obj (Emif2ConfigRegsFile)

AccessProtectionRegsFile 
*          1    0005f4c0    00000040     UNINITIALIZED
                  0005f4c0    00000040     F2837xD_GlobalVariableDefs.obj (AccessProtectionRegsFile)

MemoryErrorRegsFile 
*          1    0005f500    00000040     UNINITIALIZED
                  0005f500    00000040     F2837xD_GlobalVariableDefs.obj (MemoryErrorRegsFile)

RomWaitStateRegsFile 
*          1    0005f540    00000002     UNINITIALIZED
                  0005f540    00000002     F2837xD_GlobalVariableDefs.obj (RomWaitStateRegsFile)

Flash0CtrlRegsFile 
*          1    0005f800    00000182     UNINITIALIZED
                  0005f800    00000182     F2837xD_GlobalVariableDefs.obj (Flash0CtrlRegsFile)

Flash0EccRegsFile 
*          1    0005fb00    00000028     UNINITIALIZED
                  0005fb00    00000028     F2837xD_GlobalVariableDefs.obj (Flash0EccRegsFile)

DcsmZ1OtpFile 
*          1    00078000    00000020     NOLOAD SECTION
                  00078000    00000020     F2837xD_GlobalVariableDefs.obj (DcsmZ1OtpFile)

DcsmZ2OtpFile 
*          1    00078200    00000020     NOLOAD SECTION
                  00078200    00000020     F2837xD_GlobalVariableDefs.obj (DcsmZ2OtpFile)

DevCfgRegsFile 
*          1    0005d000    0000012e     UNINITIALIZED
                  0005d000    0000012e     F2837xD_GlobalVariableDefs.obj (DevCfgRegsFile)

ClkCfgRegsFile 
*          1    0005d200    00000032     UNINITIALIZED
                  0005d200    00000032     F2837xD_GlobalVariableDefs.obj (ClkCfgRegsFile)

CpuSysRegsFile 
*          1    0005d300    00000082     UNINITIALIZED
                  0005d300    00000082     F2837xD_GlobalVariableDefs.obj (CpuSysRegsFile)

.text.1    0    00000122    000002de     
                  00000122    0000028c     rts2800_fpu32.lib : memory.c.obj (.text)
                  000003ae    00000051     iabs_SP_CV_2.obj (.text)
                  000003ff    00000001     rts2800_fpu32.lib : startup.c.obj (.text)

.text.2    0    00008000    00000800     
                  00008000    00000376     F2837xD_SysCtrl.obj (.text)
                  00008376    000001cd     F2837xD_Gpio.obj (.text)
                  00008543    000001ac     rts2800_fpu32.lib : ti_fmax.c.obj (.text)
                  000086ef    00000111                       : e_expf.c.obj (.text)

.text.3    0    00008800    00000be5     
                  00008800    0000012b     rts2800_fpu32.lib : e_logf.c.obj (.text)
                  0000892b    00000120     drv8305.obj (.text)
                  00008a4b    000000ec     MonoMtrServo.obj (.text:retain)
                  00008b37    000000e8     F2837xD_Adc.obj (.text)
                  00008c1f    00000001     --HOLE-- [fill = 0]
                  00008c20    000000b6     iabs_SP_CV_TMU0.obj (.text)
                  00008cd6    00000093     abs_SP_CV_TMU0.obj (.text)
                  00008d69    00000087     DLOG_4CH_F.obj (.text)
                  00008df0    0000007e     DRV830x_SPI.obj (.text)
                  00008e6e    0000005b     abs_SP_CV_2.obj (.text)
                  00008ec9    00000059     rts2800_fpu32.lib : s_floorf.c.obj (.text)
                  00008f22    00000056                       : boot28.asm.obj (.text)
                  00008f78    00000043     mpy_SP_RMxRM_2.obj (.text)
                  00008fbb    00000001     --HOLE-- [fill = 0]
                  00008fbc    00000042     mac_SP_i16RVxCV.obj (.text)
                  00008ffe    0000003f     mac_SP_RVxCV.obj (.text)
                  0000903d    00000001     --HOLE-- [fill = 0]
                  0000903e    00000039     mac_SP_CVxCV.obj (.text)
                  00009077    00000001     --HOLE-- [fill = 0]
                  00009078    00000038     mean_SP_CV_2.obj (.text)
                  000090b0    00000032     mpy_SP_RMxRM.obj (.text)
                  000090e2    00000031     abs_SP_CV.obj (.text)
                  00009113    00000001     --HOLE-- [fill = 0]
                  00009114    0000002c     iabs_SP_CV.obj (.text)
                  00009140    0000002c     mpy_SP_RSxRVxRV_2.obj (.text)
                  0000916c    0000002a     rts2800_fpu32.lib : fd_cmp28.asm.obj (.text)
                  00009196    00000029                       : exit.c.obj (.text)
                  000091bf    00000028     F2837xD_PieCtrl.obj (.text)
                  000091e7    00000024     rts2800_fpu32.lib : cpy_tbl.c.obj (.text)
                  0000920b    00000001     --HOLE-- [fill = 0]
                  0000920c    00000021     mpy_SP_RVxRV_2.obj (.text)
                  0000922d    00000001     --HOLE-- [fill = 0]
                  0000922e    0000001f     add_SP_CVxCV.obj (.text)
                  0000924d    00000001     --HOLE-- [fill = 0]
                  0000924e    0000001f     mpy_SP_CVxCVC.obj (.text)
                  0000926d    00000001     --HOLE-- [fill = 0]
                  0000926e    0000001f     sub_SP_CVxCV.obj (.text)
                  0000928d    00000001     --HOLE-- [fill = 0]
                  0000928e    0000001e     add_SP_CSxCV.obj (.text)
                  000092ac    0000001e     rts2800_fpu32.lib : ll_cmp28.asm.obj (.text)
                  000092ca    0000001e     sub_SP_CSxCV.obj (.text)
                  000092e8    0000001d     mpy_SP_CVxCV.obj (.text)
                  00009305    0000001d     rts2800_fpu32.lib : memcpy.c.obj (.text)
                  00009322    0000001c     maxidx_SP_RV_2.obj (.text)
                  0000933e    0000001b     mpy_SP_RVxCV.obj (.text)
                  00009359    00000001     --HOLE-- [fill = 0]
                  0000935a    00000018     mpy_SP_RSxRV_2.obj (.text)
                  00009372    00000017     F2837xD_Dac_setting.obj (.text)
                  00009389    00000017     mpy_SP_CSxCS.obj (.text)
                  000093a0    00000016     rnd_SP_RS.obj (.text)
                  000093b6    00000012     F2837xD_PieVect.obj (.text)
                  000093c8    00000012     rts2800_fpu32.lib : args_main.c.obj (.text)
                  000093da    00000009                       : _lock.c.obj (.text)
                  000093e3    00000002                       : pre_init.c.obj (.text)

.text.4    0    0000b000    000007ff     
                  0000b000    00000585     F2837xD_DefaultISR.obj (.text:retain)
                  0000b585    000001eb     config.obj (.text)
                  0000b770    00000088     rts2800_fpu32.lib : fs_div28.asm.obj (.text)
                  0000b7f8    00000007                       : memset.c.obj (.text)

.text.5    0    00016000    0000246e     
                  00016000    0000246e     MonoMtrServo.obj (.text)

MODULE SUMMARY

       Module                           code    initialized data   uninitialized data
       ------                           ----    ----------------   ------------------
    .\
       MonoMtrServo.obj                 9562    1304               2774              
       F2837xD_GlobalVariableDefs.obj   0       0                  8759              
       F2837xD_DefaultISR.obj           1413    0                  0                 
       F2837xD_SysCtrl.obj              886     0                  0                 
       config.obj                       491     0                  0                 
       F2837xD_PieVect.obj              18      448                0                 
       F2837xD_Gpio.obj                 461     0                  0                 
       drv8305.obj                      288     0                  0                 
       F2837xD_Adc.obj                  232     0                  0                 
       DRV830x_SPI.obj                  126     0                  0                 
       F2837xD_Dac_setting.obj          23      23                 11                
       F2837xD_PieCtrl.obj              40      0                  0                 
       F2837xD_usDelay.obj              4       0                  0                 
       F2837xD_CodeStartBranch.obj      2       0                  0                 
    +--+--------------------------------+-------+------------------+--------------------+
       Total:                           13546   1775               11544             
                                                                                     
    .\utility Src Files\
       DLOG_4CH_F.obj                   135     0                  0                 
    +--+--------------------------------+-------+------------------+--------------------+
       Total:                           135     0                  0                 
                                                                                     
    .\vector\
       iabs_SP_CV_TMU0.obj              182     0                  0                 
       abs_SP_CV_TMU0.obj               147     0                  0                 
       abs_SP_CV_2.obj                  91      0                  0                 
       iabs_SP_CV_2.obj                 81      0                  0                 
       mpy_SP_RMxRM_2.obj               67      0                  0                 
       mac_SP_i16RVxCV.obj              66      0                  0                 
       mac_SP_RVxCV.obj                 63      0                  0                 
       mac_SP_CVxCV.obj                 57      0                  0                 
       mean_SP_CV_2.obj                 56      0                  0                 
       mpy_SP_RMxRM.obj                 50      0                  0                 
       abs_SP_CV.obj                    49      0                  0                 
       iabs_SP_CV.obj                   44      0                  0                 
       mpy_SP_RSxRVxRV_2.obj            44      0                  0                 
       mpy_SP_RVxRV_2.obj               33      0                  0                 
       add_SP_CVxCV.obj                 31      0                  0                 
       mpy_SP_CVxCVC.obj                31      0                  0                 
       sub_SP_CVxCV.obj                 31      0                  0                 
       add_SP_CSxCV.obj                 30      0                  0                 
       sub_SP_CSxCV.obj                 30      0                  0                 
       mpy_SP_CVxCV.obj                 29      0                  0                 
       maxidx_SP_RV_2.obj               28      0                  0                 
       mpy_SP_RVxCV.obj                 27      0                  0                 
       mpy_SP_RSxRV_2.obj               24      0                  0                 
       mpy_SP_CSxCS.obj                 23      0                  0                 
       rnd_SP_RS.obj                    22      0                  0                 
    +--+--------------------------------+-------+------------------+--------------------+
       Total:                           1336    0                  0                 
                                                                                     
    C:\ti\ccs1040\ccs\tools\compiler\ti-cgt-c2000_20.2.5.LTS\lib\rts2800_fpu32.lib
       memory.c.obj                     652     4                  4                 
       ti_fmax.c.obj                    428     0                  0                 
       e_logf.c.obj                     299     16                 0                 
       e_expf.c.obj                     273     28                 0                 
       fs_div28.asm.obj                 136     0                  0                 
       s_floorf.c.obj                   89      2                  0                 
       boot28.asm.obj                   86      0                  0                 
       exit.c.obj                       41      14                 6                 
       fd_cmp28.asm.obj                 42      0                  0                 
       cpy_tbl.c.obj                    36      0                  0                 
       ll_cmp28.asm.obj                 30      0                  0                 
       memcpy.c.obj                     29      0                  0                 
       _lock.c.obj                      9       10                 4                 
       args_main.c.obj                  18      0                  0                 
       memset.c.obj                     7       0                  0                 
       errno.c.obj                      0       4                  1                 
       pre_init.c.obj                   2       0                  0                 
       startup.c.obj                    1       0                  0                 
    +--+--------------------------------+-------+------------------+--------------------+
       Total:                           2178    78                 15                
                                                                                     
       Heap:                            0       0                  2048              
       Stack:                           0       0                  896               
    +--+--------------------------------+-------+------------------+--------------------+
       Grand Total:                     17195   1853               14503             


GLOBAL DATA SYMBOLS: SORTED BY DATA PAGE

address     data page           name
--------    ----------------    ----
00000400      10 (00000400)     __stack

00000b00      2c (00000b00)     _AdcaResultRegs
00000b20      2c (00000b00)     _AdcbResultRegs

00000b40      2d (00000b40)     _AdccResultRegs
00000b60      2d (00000b40)     _AdcdResultRegs

00000c00      30 (00000c00)     _CpuTimer0Regs
00000c08      30 (00000c00)     _CpuTimer1Regs
00000c10      30 (00000c00)     _CpuTimer2Regs

00000ce0      33 (00000cc0)     _Cla1SoftIntRegs
00000ce0      33 (00000cc0)     _PieCtrlRegs

00000d00      34 (00000d00)     _EmuKey
00000d00      34 (00000d00)     _PieVectTable
00000d01      34 (00000d00)     _EmuBMode

00001000      40 (00001000)     _DmaRegs

00001400      50 (00001400)     _Cla1Regs

00004000     100 (00004000)     _EPwm1Regs

00004100     104 (00004100)     _EPwm2Regs

00004200     108 (00004200)     _EPwm3Regs

00004300     10c (00004300)     _EPwm4Regs

00004400     110 (00004400)     _EPwm5Regs

00004500     114 (00004500)     _EPwm6Regs

00004600     118 (00004600)     _EPwm7Regs

00004700     11c (00004700)     _EPwm8Regs

00004800     120 (00004800)     _EPwm9Regs

00004900     124 (00004900)     _EPwm10Regs

00004a00     128 (00004a00)     _EPwm11Regs

00004b00     12c (00004b00)     _EPwm12Regs

00005000     140 (00005000)     _ECap1Regs
00005020     140 (00005000)     _ECap2Regs

00005040     141 (00005040)     _ECap3Regs
00005060     141 (00005040)     _ECap4Regs

00005080     142 (00005080)     _ECap5Regs
000050a0     142 (00005080)     _ECap6Regs

00005100     144 (00005100)     _EQep1Regs

00005140     145 (00005140)     _EQep2Regs

00005180     146 (00005180)     _EQep3Regs

00005c00     170 (00005c00)     _DacaRegs
00005c10     170 (00005c00)     _DacbRegs
00005c20     170 (00005c00)     _DaccRegs

00005c80     172 (00005c80)     _Cmpss1Regs
00005ca0     172 (00005c80)     _Cmpss2Regs

00005cc0     173 (00005cc0)     _Cmpss3Regs
00005ce0     173 (00005cc0)     _Cmpss4Regs

00005d00     174 (00005d00)     _Cmpss5Regs
00005d20     174 (00005d00)     _Cmpss6Regs

00005d40     175 (00005d40)     _Cmpss7Regs
00005d60     175 (00005d40)     _Cmpss8Regs

00005e00     178 (00005e00)     _Sdfm1Regs

00005e80     17a (00005e80)     _Sdfm2Regs

00006000     180 (00006000)     _McbspaRegs

00006040     181 (00006040)     _McbspbRegs

00006100     184 (00006100)     _SpiaRegs
00006110     184 (00006100)     _SpibRegs
00006120     184 (00006100)     _SpicRegs

00006200     188 (00006200)     _UppRegs

00007000     1c0 (00007000)     _WdRegs

00007060     1c1 (00007040)     _NmiIntruptRegs
00007070     1c1 (00007040)     _XintRegs

00007200     1c8 (00007200)     _SciaRegs
00007210     1c8 (00007200)     _ScibRegs
00007220     1c8 (00007200)     _ScicRegs
00007230     1c8 (00007200)     _ScidRegs

00007300     1cc (00007300)     _I2caRegs

00007340     1cd (00007340)     _I2cbRegs

00007400     1d0 (00007400)     _AdcaRegs

00007480     1d2 (00007480)     _AdcbRegs

00007500     1d4 (00007500)     _AdccRegs

00007580     1d6 (00007580)     _AdcdRegs

00007900     1e4 (00007900)     _InputXbarRegs
00007920     1e4 (00007900)     _XbarRegs

00007940     1e5 (00007940)     _SyncSocRegs

00007980     1e6 (00007980)     _DmaClaSrcSelRegs

00007a00     1e8 (00007a00)     _EPwmXbarRegs

00007a80     1ea (00007a80)     _OutputXbarRegs

00007c00     1f0 (00007c00)     _GpioCtrlRegs

00007f00     1fc (00007f00)     _GpioDataRegs

0000a000     280 (0000a000)     __sys_memory

0000a800     2a0 (0000a800)     _PieVectTableInit

00012000     480 (00012000)     _SerialCommsTimer
00012001     480 (00012000)     _Speed_CMD_Switch
00012002     480 (00012000)     _DAC_Switch
00012003     480 (00012000)     _Angle_Switch
00012004     480 (00012000)     _Speed_CMD_Index
00012005     480 (00012000)     _Initial_Cnt
00012006     480 (00012000)     _lsw_cnt
00012007     480 (00012000)     _lsw_flag
00012008     480 (00012000)     _DAC_Gain_A
00012009     480 (00012000)     _DAC_Gain_B
0001200a     480 (00012000)     _DAC_Gain_C
0001200b     480 (00012000)     _DAC_Gain_D
0001200c     480 (00012000)     _RLS_Flag
0001200d     480 (00012000)     _RLS_Start_Flag
0001200e     480 (00012000)     _Hybrid_flag
0001200f     480 (00012000)     _RLS_cnt
00012010     480 (00012000)     _RLS_prescaler
00012011     480 (00012000)     _Adaptive_On
00012012     480 (00012000)     _EnableFlag
00012013     480 (00012000)     _BackTicker
00012014     480 (00012000)     _LedCnt
00012015     480 (00012000)     _OffsetCalCounter
00012016     480 (00012000)     _ptrMax
00012017     480 (00012000)     _ptr1
00012018     480 (00012000)     _DRV_RESET
00012019     480 (00012000)     _PwmDacCh1
0001201a     480 (00012000)     _PwmDacCh2
0001201b     480 (00012000)     _PwmDacCh3
0001201c     480 (00012000)     _PwmDacCh4
0001201e     480 (00012000)     _TmpD
00012020     480 (00012000)     _Alpha_State_Ptr
00012022     480 (00012000)     _A_Task_Ptr
00012024     480 (00012000)     _B_Task_Ptr
00012026     480 (00012000)     _C_Task_Ptr
00012028     480 (00012000)     _adc_cal
0001202a     480 (00012000)     _Vq_Decoupling
0001202c     480 (00012000)     _Vd_Decoupling
0001202e     480 (00012000)     _Speed_CMD_Cnt
00012030     480 (00012000)     _Trapezoidal_Width
00012032     480 (00012000)     _Speed_CMD
00012034     480 (00012000)     _SpeedFBK_Cnt
00012036     480 (00012000)     _Speed_Kp_Gain
00012038     480 (00012000)     _Speed_Ki_Gain
0001203a     480 (00012000)     _test
0001203c     480 (00012000)     _Speed_Est_BW
0001203e     480 (00012000)     _Acc_Est_BW

00012040     481 (00012040)     _SpeedCmd0_1
00012042     481 (00012040)     _RLS_Gain
00012044     481 (00012040)     _RLS_To_Kalman_J
00012046     481 (00012040)     _Speed_err_threshold
00012048     481 (00012040)     _test1
0001204a     481 (00012040)     _test2
0001204c     481 (00012040)     _test3
0001204e     481 (00012040)     _Te
00012050     481 (00012040)     _Te_TL_Fbk
00012052     481 (00012040)     _Te_TL_Cmd
00012054     481 (00012040)     _Acc_Threshold
00012056     481 (00012040)     _fp1
00012058     481 (00012040)     _fp2
0001205a     481 (00012040)     _fp3
0001205c     481 (00012040)     _SpeedCmd_Sin_Frequency_pu
0001205e     481 (00012040)     _SpeedCmd_Sin_Magnitude_pu
00012060     481 (00012040)     _IsrTicker
00012062     481 (00012040)     _K1
00012064     481 (00012040)     _K2
00012066     481 (00012040)     _IdRef_start
00012068     481 (00012040)     _IdRef_run
0001206a     481 (00012040)     _cntr1
0001206c     481 (00012040)     _posSlewRate
0001206e     481 (00012040)     _DlogCh1
00012070     481 (00012040)     _DlogCh2
00012072     481 (00012040)     _DlogCh3
00012074     481 (00012040)     _DlogCh4
00012076     481 (00012040)     _pwmdac1

00012080     482 (00012080)     _rg_SpeedCmd_Generate_Sin
0001208c     482 (00012080)     _Estimated_Acc
0001209c     482 (00012080)     _RLS_Inertia
000120ac     482 (00012080)     _Iq_FBK

000120c0     483 (000120c0)     _Id_FBK
000120d0     483 (000120c0)     _Kalman_e
000120e0     483 (000120c0)     _Iq_test_Kt
000120f0     483 (000120c0)     _rc_SpeedCmd_SinFrequency_Variation_Rate

00012100     484 (00012100)     _rc_SpeedCmd_Trapezoidal
00012110     484 (00012100)     _dlog_4ch1

00012140     485 (00012140)     _Kalman3X3_Handler

00012180     486 (00012180)     _Kalman2X2_Handler

000121c0     487 (000121c0)     _RLS_Handler

00012240     489 (00012240)     _motor1

00012434     490 (00012400)     _DAC_PTR
0001243c     490 (00012400)     _Kalman2X2_TL

00012440     491 (00012440)     _DBUFF_4CH1

000125d0     497 (000125c0)     _tt1
000125e2     497 (000125c0)     _tt2
000125f4     497 (000125c0)     ___TI_enable_exit_profile_output
000125f6     497 (000125c0)     ___TI_cleanup_ptr
000125f8     497 (000125c0)     ___TI_dtors_ptr
000125fa     497 (000125c0)     _Kalman3X3_TL
000125fe     497 (000125c0)     __lock

00012600     498 (00012600)     _DBUFF_4CH2

00012790     49e (00012780)     _tt3
000127a2     49e (00012780)     _posArray
000127b2     49e (00012780)     _SpeedCmd
000127b6     49e (00012780)     _Speed_CMD_Data
000127ba     49e (00012780)     _VTimer0
000127be     49e (00012780)     __unlock

000127c0     49f (000127c0)     _DBUFF_4CH3

00012950     4a5 (00012940)     _VTimer1
00012954     4a5 (00012940)     _VTimer2
0001295c     4a5 (00012940)     _dacAval
0001295d     4a5 (00012940)     _dacBval
0001295e     4a5 (00012940)     _dacCval
0001295f     4a5 (00012940)     _errno

00012980     4a6 (00012980)     _DBUFF_4CH4

00047000    11c0 (00047000)     _Emif1Regs

00047800    11e0 (00047800)     _Emif2Regs

00048000    1200 (00048000)     _CanaRegs

0004a000    1280 (0004a000)     _CanbRegs

00050000    1400 (00050000)     _IpcRegs
00050024    1400 (00050000)     _FlashPumpSemaphoreRegs

0005d000    1740 (0005d000)     _DevCfgRegs

0005d180    1746 (0005d180)     _AnalogSubsysRegs

0005d200    1748 (0005d200)     _ClkCfgRegs

0005d300    174c (0005d300)     _CpuSysRegs

0005e608    1798 (0005e600)     _RomPrefetchRegs

0005f000    17c0 (0005f000)     _DcsmZ1Regs

0005f040    17c1 (0005f040)     _DcsmZ2Regs
0005f070    17c1 (0005f040)     _DcsmCommonRegs

0005f400    17d0 (0005f400)     _MemCfgRegs

0005f480    17d2 (0005f480)     _Emif1ConfigRegs
0005f4a0    17d2 (0005f480)     _Emif2ConfigRegs

0005f4c0    17d3 (0005f4c0)     _AccessProtectionRegs

0005f500    17d4 (0005f500)     _MemoryErrorRegs

0005f540    17d5 (0005f540)     _RomWaitStateRegs

0005f800    17e0 (0005f800)     _Flash0CtrlRegs

0005fb00    17ec (0005fb00)     _Flash0EccRegs

00078000    1e00 (00078000)     _DcsmZ1Otp

00078200    1e08 (00078200)     _DcsmZ2Otp


GLOBAL SYMBOLS: SORTED ALPHABETICALLY BY Name 

page  address   name                                    
----  -------   ----                                    
abs   ffffffff  .text                                   
0     00009196  C$$EXIT                                 
0     0000916c  FD$$CMP                                 
0     0000b770  FS$$DIV                                 
0     000092ac  LL$$CMP                                 
0     000092be  ULL$$CMP                                
0     000167d6  _A0                                     
0     000167a0  _A1                                     
0     00016776  _A2                                     
0     00016770  _A3                                     
0     0000b57b  _ADCA1_ISR                              
0     0000b571  _ADCA2_ISR                              
0     0000b567  _ADCA3_ISR                              
0     0000b55d  _ADCA4_ISR                              
0     0000b553  _ADCA_EVT_ISR                           
0     0000b549  _ADCB1_ISR                              
0     0000b53f  _ADCB2_ISR                              
0     0000b535  _ADCB3_ISR                              
0     0000b52b  _ADCB4_ISR                              
0     0000b521  _ADCB_EVT_ISR                           
0     0000b517  _ADCC1_ISR                              
0     0000b50d  _ADCC2_ISR                              
0     0000b503  _ADCC3_ISR                              
0     0000b4f9  _ADCC4_ISR                              
0     0000b4ef  _ADCC_EVT_ISR                           
0     0000b4e5  _ADCD1_ISR                              
0     0000b4db  _ADCD2_ISR                              
0     0000b4d1  _ADCD3_ISR                              
0     0000b4c7  _ADCD4_ISR                              
0     0000b4bd  _ADCD_EVT_ISR                           
0     0000b4b3  _AUX_PLL_SLIP_ISR                       
1     00012022  _A_Task_Ptr                             
1     0001203e  _Acc_Est_BW                             
1     00012054  _Acc_Threshold                          
1     0005f4c0  _AccessProtectionRegs                   
1     00012011  _Adaptive_On                            
0     00008b6f  _AdcSetMode                             
1     00007400  _AdcaRegs                               
1     00000b00  _AdcaResultRegs                         
1     00007480  _AdcbRegs                               
1     00000b20  _AdcbResultRegs                         
1     00007500  _AdccRegs                               
1     00000b40  _AdccResultRegs                         
1     00007580  _AdcdRegs                               
1     00000b60  _AdcdResultRegs                         
1     00012020  _Alpha_State_Ptr                        
1     0005d180  _AnalogSubsysRegs                       
1     00012003  _Angle_Switch                           
0     00008209  _AuxAuxClkSel                           
0     00008224  _AuxIntOsc2Sel                          
0     00008213  _AuxXtalOscSel                          
0     000167ee  _B0                                     
0     0001679a  _B1                                     
0     0001676a  _B2                                     
0     00016764  _B3                                     
1     00012024  _B_Task_Ptr                             
1     00012013  _BackTicker                             
0     00016803  _C0                                     
0     0001677c  _C1                                     
0     0001675a  _C2                                     
0     0001674c  _C3                                     
0     0000b4a9  _CANA0_ISR                              
0     0000b49f  _CANA1_ISR                              
0     0000b495  _CANB0_ISR                              
0     0000b48b  _CANB1_ISR                              
0     0000b481  _CLA1_1_ISR                             
0     0000b477  _CLA1_2_ISR                             
0     0000b46d  _CLA1_3_ISR                             
0     0000b463  _CLA1_4_ISR                             
0     0000b459  _CLA1_5_ISR                             
0     0000b44f  _CLA1_6_ISR                             
0     0000b445  _CLA1_7_ISR                             
0     0000b43b  _CLA1_8_ISR                             
0     0000b431  _CLA_OVERFLOW_ISR                       
0     0000b427  _CLA_UNDERFLOW_ISR                      
1     00012026  _C_Task_Ptr                             
0     00008b37  _CalAdcINL                              
1     00048000  _CanaRegs                               
1     0004a000  _CanbRegs                               
1     00001400  _Cla1Regs                               
0     00000ce0  _Cla1SoftIntRegs                        
1     0005d200  _ClkCfgRegs                             
1     00005c80  _Cmpss1Regs                             
1     00005ca0  _Cmpss2Regs                             
1     00005cc0  _Cmpss3Regs                             
1     00005ce0  _Cmpss4Regs                             
1     00005d00  _Cmpss5Regs                             
1     00005d20  _Cmpss6Regs                             
1     00005d40  _Cmpss7Regs                             
1     00005d60  _Cmpss8Regs                             
0     0000b72d  _ConfigureADC                           
1     0005d300  _CpuSysRegs                             
1     00000c00  _CpuTimer0Regs                          
1     00000c08  _CpuTimer1Regs                          
1     00000c10  _CpuTimer2Regs                          
0     00008355  _CsmUnlock                              
1     00012008  _DAC_Gain_A                             
1     00012009  _DAC_Gain_B                             
1     0001200a  _DAC_Gain_C                             
1     0001200b  _DAC_Gain_D                             
1     00012434  _DAC_PTR                                
1     00012002  _DAC_Switch                             
0     0000b41d  _DATALOG_ISR                            
1     00012440  _DBUFF_4CH1                             
1     00012600  _DBUFF_4CH2                             
1     000127c0  _DBUFF_4CH3                             
1     00012980  _DBUFF_4CH4                             
0     00008d90  _DLOG_4CH_F_FUNC                        
0     00008d69  _DLOG_4CH_F_init                        
0     0000b413  _DMA_CH1_ISR                            
0     0000b409  _DMA_CH2_ISR                            
0     0000b3ff  _DMA_CH3_ISR                            
0     0000b3f5  _DMA_CH4_ISR                            
0     0000b3eb  _DMA_CH5_ISR                            
0     0000b3e1  _DMA_CH6_ISR                            
0     00016706  _DMC1_Protection                        
0     00008e50  _DRV8301_SPI_Read                       
0     00008e34  _DRV8301_SPI_Write                      
0     00008e24  _DRV8305_SPI_Read                       
0     00008e08  _DRV8305_SPI_Write                      
0     00008a24  _DRV8305_diagnostics                    
1     00012018  _DRV_RESET                              
1     00005c00  _DacaRegs                               
1     00005c10  _DacbRegs                               
1     00005c20  _DaccRegs                               
1     0005f070  _DcsmCommonRegs                         
1     00078000  _DcsmZ1Otp                              
1     0005f000  _DcsmZ1Regs                             
1     00078200  _DcsmZ2Otp                              
1     0005f040  _DcsmZ2Regs                             
1     0005d000  _DevCfgRegs                             
0     00008114  _DisableDog                             
0     000082ff  _DisablePeripheralClocks                
1     0001206e  _DlogCh1                                
1     00012070  _DlogCh2                                
1     00012072  _DlogCh3                                
1     00012074  _DlogCh4                                
1     00007980  _DmaClaSrcSelRegs                       
1     00001000  _DmaRegs                                
0     0000b3d7  _ECAP1_ISR                              
0     0000b3cd  _ECAP2_ISR                              
0     0000b3c3  _ECAP3_ISR                              
0     0000b3b9  _ECAP4_ISR                              
0     0000b3af  _ECAP5_ISR                              
0     0000b3a5  _ECAP6_ISR                              
1     00005000  _ECap1Regs                              
1     00005020  _ECap2Regs                              
1     00005040  _ECap3Regs                              
1     00005060  _ECap4Regs                              
1     00005080  _ECap5Regs                              
1     000050a0  _ECap6Regs                              
0     0000b39b  _EMIF_ERROR_ISR                         
0     0000b38e  _EMPTY_ISR                              
0     0000b384  _EMU_ISR                                
0     0000b37a  _EPWM10_ISR                             
0     0000b370  _EPWM10_TZ_ISR                          
0     0000b366  _EPWM11_ISR                             
0     0000b35c  _EPWM11_TZ_ISR                          
0     0000b352  _EPWM12_ISR                             
0     0000b348  _EPWM12_TZ_ISR                          
0     0000b33e  _EPWM1_ISR                              
0     0000b334  _EPWM1_TZ_ISR                           
0     0000b32a  _EPWM2_ISR                              
0     0000b320  _EPWM2_TZ_ISR                           
0     0000b316  _EPWM3_ISR                              
0     0000b30c  _EPWM3_TZ_ISR                           
0     0000b302  _EPWM4_ISR                              
0     0000b2f8  _EPWM4_TZ_ISR                           
0     0000b2ee  _EPWM5_ISR                              
0     0000b2e4  _EPWM5_TZ_ISR                           
0     0000b2da  _EPWM6_ISR                              
0     0000b2d0  _EPWM6_TZ_ISR                           
0     0000b2c6  _EPWM7_ISR                              
0     0000b2bc  _EPWM7_TZ_ISR                           
0     0000b2b2  _EPWM8_ISR                              
0     0000b2a8  _EPWM8_TZ_ISR                           
0     0000b29e  _EPWM9_ISR                              
0     0000b294  _EPWM9_TZ_ISR                           
1     00004900  _EPwm10Regs                             
1     00004a00  _EPwm11Regs                             
1     00004b00  _EPwm12Regs                             
1     00004000  _EPwm1Regs                              
1     00004100  _EPwm2Regs                              
1     00004200  _EPwm3Regs                              
1     00004300  _EPwm4Regs                              
1     00004400  _EPwm5Regs                              
1     00004500  _EPwm6Regs                              
1     00004600  _EPwm7Regs                              
1     00004700  _EPwm8Regs                              
1     00004800  _EPwm9Regs                              
1     00007a00  _EPwmXbarRegs                           
0     0000b28a  _EQEP1_ISR                              
0     0000b280  _EQEP2_ISR                              
0     0000b276  _EQEP3_ISR                              
1     00005100  _EQep1Regs                              
1     00005140  _EQep2Regs                              
1     00005180  _EQep3Regs                              
1     0005f480  _Emif1ConfigRegs                        
1     00047000  _Emif1Regs                              
1     0005f4a0  _Emif2ConfigRegs                        
1     00047800  _Emif2Regs                              
1     00000d01  _EmuBMode                               
1     00000d00  _EmuKey                                 
1     00012012  _EnableFlag                             
0     000091de  _EnableInterrupts                       
1     0001208c  _Estimated_Acc                          
0     0001b435  _F28x_usDelay                           
0     0000b26c  _FLASH_CORRECTABLE_ERROR_ISR            
0     0000b262  _FPU_OVERFLOW_ISR                       
0     0000b258  _FPU_UNDERFLOW_ISR                      
1     0005f800  _Flash0CtrlRegs                         
1     0005fb00  _Flash0EccRegs                          
1     00050024  _FlashPumpSemaphoreRegs                 
0     00008533  _GPIO_EnableUnbondedIOPullups           
0     0000850e  _GPIO_EnableUnbondedIOPullupsFor100Pin  
0     000084f5  _GPIO_EnableUnbondedIOPullupsFor176Pin  
0     000084e1  _GPIO_ReadPin                           
0     000084c0  _GPIO_SetupLock                         
0     0000846b  _GPIO_SetupPinMux                       
0     000083ee  _GPIO_SetupPinOptions                   
0     000083e7  _GPIO_SetupXINT1Gpio                    
0     000083e0  _GPIO_SetupXINT2Gpio                    
0     000083d9  _GPIO_SetupXINT3Gpio                    
0     000083d2  _GPIO_SetupXINT4Gpio                    
0     000083cb  _GPIO_SetupXINT5Gpio                    
0     00016738  _GPIO_TogglePin                         
0     000083b1  _GPIO_WritePin                          
1     00007c00  _GpioCtrlRegs                           
1     00007f00  _GpioDataRegs                           
0     0000833c  _HALT                                   
0     0000831d  _HIB                                    
1     0001200e  _Hybrid_flag                            
0     0000b24e  _I2CA_FIFO_ISR                          
0     0000b244  _I2CA_ISR                               
0     0000b23a  _I2CB_FIFO_ISR                          
0     0000b230  _I2CB_ISR                               
1     00007300  _I2caRegs                               
1     00007340  _I2cbRegs                               
0     000082f6  _IDLE                                   
0     0000b226  _ILLEGAL_ISR                            
0     0000b21c  _IPC0_ISR                               
0     0000b212  _IPC1_ISR                               
0     0000b208  _IPC2_ISR                               
0     0000b1fe  _IPC3_ISR                               
1     00012068  _IdRef_run                              
1     00012066  _IdRef_start                            
1     000120c0  _Id_FBK                                 
0     00008231  _InitAuxPll                             
0     00008974  _InitDRV8305                            
0     0000892b  _InitDRV8305Regs                        
0     00008376  _InitGpio                               
0     0000b704  _InitMotor1EPwmDACGpio                  
0     0000b6e5  _InitMotor1EPwmGpio                     
0     0000b6c6  _InitMotor1EQepGpio                     
0     0000b69d  _InitMotor1SpiGpio                      
0     0000b680  _InitMotor1_DRV_Gpio                    
0     00008121  _InitPeripheralClocks                   
0     000091bf  _InitPieCtrl                            
0     000093b6  _InitPieVectTable                       
0     0000b657  _InitSpiDacGpio                         
0     0000b63e  _InitSpiRegs_DRV830x                    
0     000081d2  _InitSysCtrl                            
0     0000b607  _InitSysCtrl1                           
0     00008055  _InitSysPll                             
1     00012005  _Initial_Cnt                            
1     00007900  _InputXbarRegs                          
1     00050000  _IpcRegs                                
1     000120ac  _Iq_FBK                                 
1     000120e0  _Iq_test_Kt                             
1     00012060  _IsrTicker                              
1     00012062  _K1                                     
1     00012064  _K2                                     
1     00012180  _Kalman2X2_Handler                      
1     0001243c  _Kalman2X2_TL                           
1     00012140  _Kalman3X3_Handler                      
1     000125fa  _Kalman3X3_TL                           
0     000162df  _Kalman_Ini_2X2                         
0     000160ba  _Kalman_Ini_3X3                         
1     000120d0  _Kalman_e                               
1     00012014  _LedCnt                                 
0     0000b1f4  _MCBSPA_RX_ISR                          
0     0000b1ea  _MCBSPA_TX_ISR                          
0     0000b1e0  _MCBSPB_RX_ISR                          
0     0000b1d6  _MCBSPB_TX_ISR                          
1     00006000  _McbspaRegs                             
1     00006040  _McbspbRegs                             
1     0005f400  _MemCfgRegs                             
1     0005f500  _MemoryErrorRegs                        
0     00008a4b  _MotorControlISR                        
0     0000b1cc  _NMI_ISR                                
0     0000b1c2  _NOTUSED_ISR                            
1     00007060  _NmiIntruptRegs                         
1     00012015  _OffsetCalCounter                       
1     00007a80  _OutputXbarRegs                         
0     0000b1b8  _PIE_RESERVED_ISR                       
0     0000b5bf  _PWM_1ch_UpDwnCnt_CNF                   
0     0000b585  _PWM_1ch_UpDwnCnt_CNF_noDB              
1     00000ce0  _PieCtrlRegs                            
1     00000d00  _PieVectTable                           
1     0000a800  _PieVectTableInit                       
1     00012019  _PwmDacCh1                              
1     0001201a  _PwmDacCh2                              
1     0001201b  _PwmDacCh3                              
1     0001201c  _PwmDacCh4                              
0     000166c9  _PwmTripConfig                          
0     0000b1ae  _RAM_ACCESS_VIOLATION_ISR               
0     0000b1a4  _RAM_CORRECTABLE_ERROR_ISR              
1     0001200c  _RLS_Flag                               
1     00012042  _RLS_Gain                               
1     000121c0  _RLS_Handler                            
1     0001209c  _RLS_Inertia                            
0     000164e6  _RLS_Ini                                
1     0001200d  _RLS_Start_Flag                         
1     00012044  _RLS_To_Kalman_J                        
1     0001200f  _RLS_cnt                                
1     00012010  _RLS_prescaler                          
0     0000b19a  _RTOS_ISR                               
0     0000804b  _ReleaseFlashPump                       
1     0005e608  _RomPrefetchRegs                        
1     0005f540  _RomWaitStateRegs                       
0     0000b190  _SCIA_RX_ISR                            
0     0000b186  _SCIA_TX_ISR                            
0     0000b17c  _SCIB_RX_ISR                            
0     0000b172  _SCIB_TX_ISR                            
0     0000b168  _SCIC_RX_ISR                            
0     0000b15e  _SCIC_TX_ISR                            
0     0000b154  _SCID_RX_ISR                            
0     0000b14a  _SCID_TX_ISR                            
0     0000b140  _SD1_ISR                                
0     0000b136  _SD2_ISR                                
0     0000b12c  _SPIA_RX_ISR                            
0     0000b122  _SPIA_TX_ISR                            
0     0000b118  _SPIB_RX_ISR                            
0     0000b10e  _SPIB_TX_ISR                            
0     0000b104  _SPIC_RX_ISR                            
0     0000b0fa  _SPIC_TX_ISR                            
0     0001607a  _SPIDAC_setup                           
0     00016e80  _SPIDAC_update_all                      
0     00016e74  _SPIDAC_write_dac_channel               
0     00016e5e  _SPIDAC_xmit_u16                        
0     00008df0  _SPI_Driver                             
0     00008040  _STANDBY                                
0     0000b0f0  _SYS_PLL_SLIP_ISR                       
1     00007200  _SciaRegs                               
1     00007210  _ScibRegs                               
1     00007220  _ScicRegs                               
1     00007230  _ScidRegs                               
1     00005e00  _Sdfm1Regs                              
1     00005e80  _Sdfm2Regs                              
0     0000802e  _SeizeFlashPump                         
1     00012000  _SerialCommsTimer                       
0     00008020  _ServiceDog                             
1     000127b2  _SpeedCmd                               
1     00012040  _SpeedCmd0_1                            
1     0001205c  _SpeedCmd_Sin_Frequency_pu              
1     0001205e  _SpeedCmd_Sin_Magnitude_pu              
1     00012034  _SpeedFBK_Cnt                           
1     00012032  _Speed_CMD                              
1     0001202e  _Speed_CMD_Cnt                          
1     000127b6  _Speed_CMD_Data                         
1     00012004  _Speed_CMD_Index                        
1     00012001  _Speed_CMD_Switch                       
1     0001203c  _Speed_Est_BW                           
1     00012038  _Speed_Ki_Gain                          
1     00012036  _Speed_Kp_Gain                          
1     00012046  _Speed_err_threshold                    
1     00006100  _SpiaRegs                               
1     00006110  _SpibRegs                               
1     00006120  _SpicRegs                               
1     00007940  _SyncSocRegs                            
0     00008016  _SysIntOsc1Sel                          
0     0000800c  _SysIntOsc2Sel                          
0     00008000  _SysXtalOscSel                          
0     0000b0e6  _TIMER0_ISR                             
0     0000b0dc  _TIMER1_ISR                             
0     0000b0d2  _TIMER2_ISR                             
1     0001204e  _Te                                     
1     00012052  _Te_TL_Cmd                              
1     00012050  _Te_TL_Fbk                              
1     0001201e  _TmpD                                   
1     00012030  _Trapezoidal_Width                      
0     0000b0c8  _UPPA_ISR                               
0     0000b0be  _USBA_ISR                               
0     0000b0b4  _USER10_ISR                             
0     0000b0aa  _USER11_ISR                             
0     0000b0a0  _USER12_ISR                             
0     0000b096  _USER1_ISR                              
0     0000b08c  _USER2_ISR                              
0     0000b082  _USER3_ISR                              
0     0000b078  _USER4_ISR                              
0     0000b06e  _USER5_ISR                              
0     0000b064  _USER6_ISR                              
0     0000b05a  _USER7_ISR                              
0     0000b050  _USER8_ISR                              
0     0000b046  _USER9_ISR                              
1     00006200  _UppRegs                                
0     0000b03c  _VCU_ISR                                
1     000127ba  _VTimer0                                
1     00012950  _VTimer1                                
1     00012954  _VTimer2                                
1     0001202c  _Vd_Decoupling                          
1     0001202a  _Vq_Decoupling                          
0     0000b032  _WAKE_ISR                               
1     00007000  _WdRegs                                 
0     0000b028  _XINT1_ISR                              
0     0000b01e  _XINT2_ISR                              
0     0000b014  _XINT3_ISR                              
0     0000b00a  _XINT4_ISR                              
0     0000b000  _XINT5_ISR                              
1     00007920  _XbarRegs                               
1     00007070  _XintRegs                               
1     00000780  __STACK_END                             
abs   00000380  __STACK_SIZE                            
abs   00000800  __SYSMEM_SIZE                           
1     000125f6  ___TI_cleanup_ptr                       
1     000125f8  ___TI_dtors_ptr                         
1     000125f4  ___TI_enable_exit_profile_output        
0     000003ac  ___TI_heap_check                        
0     0000038f  ___TI_heap_largest_available            
0     00000372  ___TI_heap_total_available              
abs   ffffffff  ___TI_pprof_out_hndl                    
abs   ffffffff  ___TI_prof_data_size                    
abs   ffffffff  ___TI_prof_data_start                   
abs   ffffffff  ___binit__                              
abs   ffffffff  ___c_args__                             
0     0001b000  ___cinit__                              
abs   ffffffff  ___etext__                              
[...]
0     0000b26c  _FLASH_CORRECTABLE_ERROR_ISR            
0     0000b276  _EQEP3_ISR                              
0     0000b280  _EQEP2_ISR                              
0     0000b28a  _EQEP1_ISR                              
0     0000b294  _EPWM9_TZ_ISR                           
0     0000b29e  _EPWM9_ISR                              
0     0000b2a8  _EPWM8_TZ_ISR                           
0     0000b2b2  _EPWM8_ISR                              
0     0000b2bc  _EPWM7_TZ_ISR                           
0     0000b2c6  _EPWM7_ISR                              
0     0000b2d0  _EPWM6_TZ_ISR                           
0     0000b2da  _EPWM6_ISR                              
0     0000b2e4  _EPWM5_TZ_ISR                           
0     0000b2ee  _EPWM5_ISR                              
0     0000b2f8  _EPWM4_TZ_ISR                           
0     0000b302  _EPWM4_ISR                              
0     0000b30c  _EPWM3_TZ_ISR                           
0     0000b316  _EPWM3_ISR                              
0     0000b320  _EPWM2_TZ_ISR                           
0     0000b32a  _EPWM2_ISR                              
0     0000b334  _EPWM1_TZ_ISR                           
0     0000b33e  _EPWM1_ISR                              
0     0000b348  _EPWM12_TZ_ISR                          
0     0000b352  _EPWM12_ISR                             
0     0000b35c  _EPWM11_TZ_ISR                          
0     0000b366  _EPWM11_ISR                             
0     0000b370  _EPWM10_TZ_ISR                          
0     0000b37a  _EPWM10_ISR                             
0     0000b384  _EMU_ISR                                
0     0000b38e  _EMPTY_ISR                              
0     0000b39b  _EMIF_ERROR_ISR                         
0     0000b3a5  _ECAP6_ISR                              
0     0000b3af  _ECAP5_ISR                              
0     0000b3b9  _ECAP4_ISR                              
0     0000b3c3  _ECAP3_ISR                              
0     0000b3cd  _ECAP2_ISR                              
0     0000b3d7  _ECAP1_ISR                              
0     0000b3e1  _DMA_CH6_ISR                            
0     0000b3eb  _DMA_CH5_ISR                            
0     0000b3f5  _DMA_CH4_ISR                            
0     0000b3ff  _DMA_CH3_ISR                            
0     0000b409  _DMA_CH2_ISR                            
0     0000b413  _DMA_CH1_ISR                            
0     0000b41d  _DATALOG_ISR                            
0     0000b427  _CLA_UNDERFLOW_ISR                      
0     0000b431  _CLA_OVERFLOW_ISR                       
0     0000b43b  _CLA1_8_ISR                             
0     0000b445  _CLA1_7_ISR                             
0     0000b44f  _CLA1_6_ISR                             
0     0000b459  _CLA1_5_ISR                             
0     0000b463  _CLA1_4_ISR                             
0     0000b46d  _CLA1_3_ISR                             
0     0000b477  _CLA1_2_ISR                             
0     0000b481  _CLA1_1_ISR                             
0     0000b48b  _CANB1_ISR                              
0     0000b495  _CANB0_ISR                              
0     0000b49f  _CANA1_ISR                              
0     0000b4a9  _CANA0_ISR                              
0     0000b4b3  _AUX_PLL_SLIP_ISR                       
0     0000b4bd  _ADCD_EVT_ISR                           
0     0000b4c7  _ADCD4_ISR                              
0     0000b4d1  _ADCD3_ISR                              
0     0000b4db  _ADCD2_ISR                              
0     0000b4e5  _ADCD1_ISR                              
0     0000b4ef  _ADCC_EVT_ISR                           
0     0000b4f9  _ADCC4_ISR                              
0     0000b503  _ADCC3_ISR                              
0     0000b50d  _ADCC2_ISR                              
0     0000b517  _ADCC1_ISR                              
0     0000b521  _ADCB_EVT_ISR                           
0     0000b52b  _ADCB4_ISR                              
0     0000b535  _ADCB3_ISR                              
0     0000b53f  _ADCB2_ISR                              
0     0000b549  _ADCB1_ISR                              
0     0000b553  _ADCA_EVT_ISR                           
0     0000b55d  _ADCA4_ISR                              
0     0000b567  _ADCA3_ISR                              
0     0000b571  _ADCA2_ISR                              
0     0000b57b  _ADCA1_ISR                              
0     0000b585  _PWM_1ch_UpDwnCnt_CNF_noDB              
0     0000b5bf  _PWM_1ch_UpDwnCnt_CNF                   
0     0000b607  _InitSysCtrl1                           
0     0000b63e  _InitSpiRegs_DRV830x                    
0     0000b657  _InitSpiDacGpio                         
0     0000b680  _InitMotor1_DRV_Gpio                    
0     0000b69d  _InitMotor1SpiGpio                      
0     0000b6c6  _InitMotor1EQepGpio                     
0     0000b6e5  _InitMotor1EPwmGpio                     
0     0000b704  _InitMotor1EPwmDACGpio                  
0     0000b72d  _ConfigureADC                           
0     0000b770  FS$$DIV                                 
0     0000b7f8  _memset                                 
0     00016000  _ramper                                 
0     0001601c  _refPosGen                              
0     00016059  _ramper_speed                           
0     0001607a  _SPIDAC_setup                           
0     000160ba  _Kalman_Ini_3X3                         
0     000162df  _Kalman_Ini_2X2                         
0     000164e6  _RLS_Ini                                
0     000166c9  _PwmTripConfig                          
0     00016706  _DMC1_Protection                        
0     00016738  _GPIO_TogglePin                         
0     0001674c  _C3                                     
0     0001675a  _C2                                     
0     00016764  _B3                                     
0     0001676a  _B2                                     
0     00016770  _A3                                     
0     00016776  _A2                                     
0     0001677c  _C1                                     
0     0001679a  _B1                                     
0     000167a0  _A1                                     
0     000167d6  _A0                                     
0     000167ee  _B0                                     
0     00016803  _C0                                     
0     00016818  _main                                   
0     00016e5e  _SPIDAC_xmit_u16                        
0     00016e74  _SPIDAC_write_dac_channel               
0     00016e80  _SPIDAC_update_all                      
0     0001b000  ___cinit__                              
0     0001b000  cinit                                   
0     0001b435  _F28x_usDelay                           
1     00000400  __stack                                 
1     00000780  __STACK_END                             
1     00000b00  _AdcaResultRegs                         
1     00000b20  _AdcbResultRegs                         
1     00000b40  _AdccResultRegs                         
1     00000b60  _AdcdResultRegs                         
1     00000c00  _CpuTimer0Regs                          
1     00000c08  _CpuTimer1Regs                          
1     00000c10  _CpuTimer2Regs                          
1     00000ce0  _PieCtrlRegs                            
1     00000d00  _EmuKey                                 
1     00000d00  _PieVectTable                           
1     00000d01  _EmuBMode                               
1     00001000  _DmaRegs                                
1     00001400  _Cla1Regs                               
1     00004000  _EPwm1Regs                              
1     00004100  _EPwm2Regs                              
1     00004200  _EPwm3Regs                              
1     00004300  _EPwm4Regs                              
1     00004400  _EPwm5Regs                              
1     00004500  _EPwm6Regs                              
1     00004600  _EPwm7Regs                              
1     00004700  _EPwm8Regs                              
1     00004800  _EPwm9Regs                              
1     00004900  _EPwm10Regs                             
1     00004a00  _EPwm11Regs                             
1     00004b00  _EPwm12Regs                             
1     00005000  _ECap1Regs                              
1     00005020  _ECap2Regs                              
1     00005040  _ECap3Regs                              
1     00005060  _ECap4Regs                              
1     00005080  _ECap5Regs                              
1     000050a0  _ECap6Regs                              
1     00005100  _EQep1Regs                              
1     00005140  _EQep2Regs                              
1     00005180  _EQep3Regs                              
1     00005c00  _DacaRegs                               
1     00005c10  _DacbRegs                               
1     00005c20  _DaccRegs                               
1     00005c80  _Cmpss1Regs                             
1     00005ca0  _Cmpss2Regs                             
1     00005cc0  _Cmpss3Regs                             
1     00005ce0  _Cmpss4Regs                             
1     00005d00  _Cmpss5Regs                             
1     00005d20  _Cmpss6Regs                             
1     00005d40  _Cmpss7Regs                             
1     00005d60  _Cmpss8Regs                             
1     00005e00  _Sdfm1Regs                              
1     00005e80  _Sdfm2Regs                              
1     00006000  _McbspaRegs                             
1     00006040  _McbspbRegs                             
1     00006100  _SpiaRegs                               
1     00006110  _SpibRegs                               
1     00006120  _SpicRegs                               
1     00006200  _UppRegs                                
1     00007000  _WdRegs                                 
1     00007060  _NmiIntruptRegs                         
1     00007070  _XintRegs                               
1     00007200  _SciaRegs                               
1     00007210  _ScibRegs                               
1     00007220  _ScicRegs                               
1     00007230  _ScidRegs                               
1     00007300  _I2caRegs                               
1     00007340  _I2cbRegs                               
1     00007400  _AdcaRegs                               
1     00007480  _AdcbRegs                               
1     00007500  _AdccRegs                               
1     00007580  _AdcdRegs                               
1     00007900  _InputXbarRegs                          
1     00007920  _XbarRegs                               
1     00007940  _SyncSocRegs                            
1     00007980  _DmaClaSrcSelRegs                       
1     00007a00  _EPwmXbarRegs                           
1     00007a80  _OutputXbarRegs                         
1     00007c00  _GpioCtrlRegs                           
1     00007f00  _GpioDataRegs                           
1     0000a000  __sys_memory                            
1     0000a800  _PieVectTableInit                       
1     00012000  _SerialCommsTimer                       
1     00012001  _Speed_CMD_Switch                       
1     00012002  _DAC_Switch                             
1     00012003  _Angle_Switch                           
1     00012004  _Speed_CMD_Index                        
1     00012005  _Initial_Cnt                            
1     00012006  _lsw_cnt                                
1     00012007  _lsw_flag                               
1     00012008  _DAC_Gain_A                             
1     00012009  _DAC_Gain_B                             
1     0001200a  _DAC_Gain_C                             
1     0001200b  _DAC_Gain_D                             
1     0001200c  _RLS_Flag                               
1     0001200d  _RLS_Start_Flag                         
1     0001200e  _Hybrid_flag                            
1     0001200f  _RLS_cnt                                
1     00012010  _RLS_prescaler                          
1     00012011  _Adaptive_On                            
1     00012012  _EnableFlag                             
1     00012013  _BackTicker                             
1     00012014  _LedCnt                                 
1     00012015  _OffsetCalCounter                       
1     00012016  _ptrMax                                 
1     00012017  _ptr1                                   
1     00012018  _DRV_RESET                              
1     00012019  _PwmDacCh1                              
1     0001201a  _PwmDacCh2                              
1     0001201b  _PwmDacCh3                              
1     0001201c  _PwmDacCh4                              
1     0001201e  _TmpD                                   
1     00012020  _Alpha_State_Ptr                        
1     00012022  _A_Task_Ptr                             
1     00012024  _B_Task_Ptr                             
1     00012026  _C_Task_Ptr                             
1     00012028  _adc_cal                                
1     0001202a  _Vq_Decoupling                          
1     0001202c  _Vd_Decoupling                          
1     0001202e  _Speed_CMD_Cnt                          
1     00012030  _Trapezoidal_Width                      
1     00012032  _Speed_CMD                              
1     00012034  _SpeedFBK_Cnt                           
1     00012036  _Speed_Kp_Gain                          
1     00012038  _Speed_Ki_Gain                          
1     0001203a  _test                                   
1     0001203c  _Speed_Est_BW                           
1     0001203e  _Acc_Est_BW                             
1     00012040  _SpeedCmd0_1                            
1     00012042  _RLS_Gain                               
1     00012044  _RLS_To_Kalman_J                        
1     00012046  _Speed_err_threshold                    
1     00012048  _test1                                  
1     0001204a  _test2                                  
1     0001204c  _test3                                  
1     0001204e  _Te                                     
1     00012050  _Te_TL_Fbk                              
1     00012052  _Te_TL_Cmd                              
1     00012054  _Acc_Threshold                          
1     00012056  _fp1                                    
1     00012058  _fp2                                    
1     0001205a  _fp3                                    
1     0001205c  _SpeedCmd_Sin_Frequency_pu              
1     0001205e  _SpeedCmd_Sin_Magnitude_pu              
1     00012060  _IsrTicker                              
1     00012062  _K1                                     
1     00012064  _K2                                     
1     00012066  _IdRef_start                            
1     00012068  _IdRef_run                              
1     0001206a  _cntr1                                  
1     0001206c  _posSlewRate                            
1     0001206e  _DlogCh1                                
1     00012070  _DlogCh2                                
1     00012072  _DlogCh3                                
1     00012074  _DlogCh4                                
1     00012076  _pwmdac1                                
1     00012080  _rg_SpeedCmd_Generate_Sin               
1     0001208c  _Estimated_Acc                          
1     0001209c  _RLS_Inertia                            
1     000120ac  _Iq_FBK                                 
1     000120c0  _Id_FBK                                 
1     000120d0  _Kalman_e                               
1     000120e0  _Iq_test_Kt                             
1     000120f0  _rc_SpeedCmd_SinFrequency_Variation_Rate
1     00012100  _rc_SpeedCmd_Trapezoidal                
1     00012110  _dlog_4ch1                              
1     00012140  _Kalman3X3_Handler                      
1     00012180  _Kalman2X2_Handler                      
1     000121c0  _RLS_Handler                            
1     00012240  _motor1                                 
1     00012434  _DAC_PTR                                
1     0001243c  _Kalman2X2_TL                           
1     00012440  _DBUFF_4CH1                             
1     000125d0  _tt1                                    
1     000125e2  _tt2                                    
1     000125f4  ___TI_enable_exit_profile_output        
1     000125f6  ___TI_cleanup_ptr                       
1     000125f8  ___TI_dtors_ptr                         
1     000125fa  _Kalman3X3_TL                           
1     000125fe  __lock                                  
1     00012600  _DBUFF_4CH2                             
1     00012790  _tt3                                    
1     000127a2  _posArray                               
1     000127b2  _SpeedCmd                               
1     000127b6  _Speed_CMD_Data                         
1     000127ba  _VTimer0                                
1     000127be  __unlock                                
1     000127c0  _DBUFF_4CH3                             
1     00012950  _VTimer1                                
1     00012954  _VTimer2                                
1     0001295c  _dacAval                                
1     0001295d  _dacBval                                
1     0001295e  _dacCval                                
1     0001295f  _errno                                  
1     00012980  _DBUFF_4CH4                             
1     00047000  _Emif1Regs                              
1     00047800  _Emif2Regs                              
1     00048000  _CanaRegs                               
1     0004a000  _CanbRegs                               
1     00050000  _IpcRegs                                
1     00050024  _FlashPumpSemaphoreRegs                 
1     0005d000  _DevCfgRegs                             
1     0005d180  _AnalogSubsysRegs                       
1     0005d200  _ClkCfgRegs                             
1     0005d300  _CpuSysRegs                             
1     0005e608  _RomPrefetchRegs                        
1     0005f000  _DcsmZ1Regs                             
1     0005f040  _DcsmZ2Regs                             
1     0005f070  _DcsmCommonRegs                         
1     0005f400  _MemCfgRegs                             
1     0005f480  _Emif1ConfigRegs                        
1     0005f4a0  _Emif2ConfigRegs                        
1     0005f4c0  _AccessProtectionRegs                   
1     0005f500  _MemoryErrorRegs                        
1     0005f540  _RomWaitStateRegs                       
1     0005f800  _Flash0CtrlRegs                         
1     0005fb00  _Flash0EccRegs                          
1     00078000  _DcsmZ1Otp                              
1     00078200  _DcsmZ2Otp                              
abs   00000380  __STACK_SIZE                            
abs   00000800  __SYSMEM_SIZE                           
abs   ffffffff  .text                                   
abs   ffffffff  ___TI_pprof_out_hndl                    
abs   ffffffff  ___TI_prof_data_size                    
abs   ffffffff  ___TI_prof_data_start                   
abs   ffffffff  ___binit__                              
abs   ffffffff  ___c_args__                             
abs   ffffffff  ___etext__                              
abs   ffffffff  ___pinit__                              
abs   ffffffff  ___text__                               
abs   ffffffff  binit                                   
abs   ffffffff  etext                                   
abs   ffffffff  pinit                                   

[527 symbols]
