******************************************************************************
             TMS320C2000 Linker PC v20.2.5                     
******************************************************************************
>> Linked Fri Jan  6 17:23:30 2023

OUTPUT FILE NAME:   <MonoMtrServo_379D.out>
ENTRY POINT SYMBOL: "_c_int00"  address: 00009751


MEMORY CONFIGURATION

         name            origin    length      used     unused   attr    fill
----------------------  --------  ---------  --------  --------  ----  --------
PAGE 0:
  BEGIN                 00000000   00000002  00000002  00000000  RWIX
  RAMM0                 00000122   000002de  000002de  00000000  RWIX
  RAMLS0                00008000   00000800  000007fc  00000004  RWIX
  RAMLS1_LS2            00008800   00001000  00000ff3  0000000d  RWIX
  RAMLS3                00009800   00000800  0000003b  000007c5  RWIX
  RAMLS4                0000a000   00000800  00000000  00000800  RWIX
  RAMD0                 0000b000   00000800  000007fb  00000005  RWIX
  RESET                 003fffc0   00000002  00000000  00000002  RWIX

PAGE 1:
  BOOT_RSVD             00000002   00000120  00000000  00000120  RWIX
  RAMM1                 00000400   00000400  00000380  00000080  RWIX
  ADCA_RESULT           00000b00   00000020  00000018  00000008  RWIX
  ADCB_RESULT           00000b20   00000020  00000018  00000008  RWIX
  ADCC_RESULT           00000b40   00000020  00000018  00000008  RWIX
  ADCD_RESULT           00000b60   00000020  00000018  00000008  RWIX
  CPU_TIMER0            00000c00   00000008  00000008  00000000  RWIX
  CPU_TIMER1            00000c08   00000008  00000008  00000000  RWIX
  CPU_TIMER2            00000c10   00000008  00000008  00000000  RWIX
  PIE_CTRL              00000ce0   00000020  0000001a  00000006  RWIX
  PIE_VECT              00000d00   00000200  000001c0  00000040  RWIX
  DMA                   00001000   00000200  000000e0  00000120  RWIX
  CLA1                  00001400   00000040  0000003e  00000002  RWIX
  EPWM1                 00004000   00000100  00000100  00000000  RWIX
  EPWM2                 00004100   00000100  00000100  00000000  RWIX
  EPWM3                 00004200   00000100  00000100  00000000  RWIX
  EPWM4                 00004300   00000100  00000100  00000000  RWIX
  EPWM5                 00004400   00000100  00000100  00000000  RWIX
  EPWM6                 00004500   00000100  00000100  00000000  RWIX
  EPWM7                 00004600   00000100  00000100  00000000  RWIX
  EPWM8                 00004700   00000100  00000100  00000000  RWIX
  EPWM9                 00004800   00000100  00000100  00000000  RWIX
  EPWM10                00004900   00000100  00000100  00000000  RWIX
  EPWM11                00004a00   00000100  00000100  00000000  RWIX
  EPWM12                00004b00   00000100  00000100  00000000  RWIX
  ECAP1                 00005000   00000020  00000020  00000000  RWIX
  ECAP2                 00005020   00000020  00000020  00000000  RWIX
  ECAP3                 00005040   00000020  00000020  00000000  RWIX
  ECAP4                 00005060   00000020  00000020  00000000  RWIX
  ECAP5                 00005080   00000020  00000020  00000000  RWIX
  ECAP6                 000050a0   00000020  00000020  00000000  RWIX
  EQEP1                 00005100   00000040  00000022  0000001e  RWIX
  EQEP2                 00005140   00000040  00000022  0000001e  RWIX
  EQEP3                 00005180   00000040  00000022  0000001e  RWIX
  DACA                  00005c00   00000010  00000008  00000008  RWIX
  DACB                  00005c10   00000010  00000008  00000008  RWIX
  DACC                  00005c20   00000010  00000008  00000008  RWIX
  CMPSS1                00005c80   00000020  00000020  00000000  RWIX
  CMPSS2                00005ca0   00000020  00000020  00000000  RWIX
  CMPSS3                00005cc0   00000020  00000020  00000000  RWIX
  CMPSS4                00005ce0   00000020  00000020  00000000  RWIX
  CMPSS5                00005d00   00000020  00000020  00000000  RWIX
  CMPSS6                00005d20   00000020  00000020  00000000  RWIX
  CMPSS7                00005d40   00000020  00000020  00000000  RWIX
  CMPSS8                00005d60   00000020  00000020  00000000  RWIX
  SDFM1                 00005e00   00000080  00000080  00000000  RWIX
  SDFM2                 00005e80   00000080  00000080  00000000  RWIX
  MCBSPA                00006000   00000040  00000024  0000001c  RWIX
  MCBSPB                00006040   00000040  00000024  0000001c  RWIX
  SPIA                  00006100   00000010  00000010  00000000  RWIX
  SPIB                  00006110   00000010  00000010  00000000  RWIX
  SPIC                  00006120   00000010  00000010  00000000  RWIX
  SPID                  00006130   00000010  00000000  00000010  RWIX
  UPP                   00006200   00000100  00000048  000000b8  RWIX
  WD                    00007000   00000040  0000002b  00000015  RWIX
  NMIINTRUPT            00007060   00000010  00000007  00000009  RWIX
  XINT                  00007070   00000010  0000000b  00000005  RWIX
  SCIA                  00007200   00000010  00000010  00000000  RWIX
  SCIB                  00007210   00000010  00000010  00000000  RWIX
  SCIC                  00007220   00000010  00000010  00000000  RWIX
  SCID                  00007230   00000010  00000010  00000000  RWIX
  I2CA                  00007300   00000040  00000022  0000001e  RWIX
  I2CB                  00007340   00000040  00000022  0000001e  RWIX
  ADCA                  00007400   00000080  00000080  00000000  RWIX
  ADCB                  00007480   00000080  00000080  00000000  RWIX
  ADCC                  00007500   00000080  00000080  00000000  RWIX
  ADCD                  00007580   00000080  00000080  00000000  RWIX
  INPUT_XBAR            00007900   00000020  00000020  00000000  RWIX
  XBAR                  00007920   00000020  00000020  00000000  RWIX
  SYNC_SOC              00007940   00000010  00000006  0000000a  RWIX
  DMACLASRCSEL          00007980   00000040  0000001a  00000026  RWIX
  EPWM_XBAR             00007a00   00000040  00000040  00000000  RWIX
  CLB_XBAR              00007a40   00000040  00000000  00000040  RWIX
  OUTPUT_XBAR           00007a80   00000040  00000040  00000000  RWIX
  GPIOCTRL              00007c00   00000180  00000180  00000000  RWIX
  GPIODAT               00007f00   00000030  00000030  00000000  RWIX
  RAMLS5                0000a800   00000800  000001de  00000622  RWIX
  RAMD1                 0000b800   00000800  00000000  00000800  RWIX
  RAMGS0                0000c000   00001000  00000000  00001000  RWIX
  RAMGS1                0000d000   00001000  00000000  00001000  RWIX
  RAMGS2                0000e000   00001000  00000000  00001000  RWIX
  RAMGS3                0000f000   00001000  00000000  00001000  RWIX
  RAMGS4                00010000   00001000  00000000  00001000  RWIX
  RAMGS5                00011000   00001000  00000000  00001000  RWIX
  RAMGS6                00012000   00001000  00000950  000006b0  RWIX
  RAMGS7                00013000   00001000  00000000  00001000  RWIX
  RAMGS8                00014000   00001000  00000000  00001000  RWIX
  RAMGS9                00015000   00001000  00000000  00001000  RWIX
  RAMGS10               00016000   00001000  00000000  00001000  RWIX
  RAMGS11               00017000   00001000  00000000  00001000  RWIX
  RAMGS12               00018000   00001000  00000000  00001000  RWIX
  RAMGS13               00019000   00001000  00000000  00001000  RWIX
  RAMGS14               0001a000   00001000  00000000  00001000  RWIX
  RAMGS15               0001b000   00001000  00000000  00001000  RWIX
  CPU2TOCPU1RAM         0003f800   00000400  00000000  00000400  RWIX
  CPU1TOCPU2RAM         0003fc00   00000400  00000000  00000400  RWIX
  EMIF1                 00047000   00000800  00000070  00000790  RWIX
  EMIF2                 00047800   00000800  00000070  00000790  RWIX
  CANA                  00048000   00000800  00000164  0000069c  RWIX
  CANA_MSG_RAM          00049000   00000800  00000000  00000800  RWIX
  CANB                  0004a000   00000800  00000164  0000069c  RWIX
  CANB_MSG_RAM          0004b000   00000800  00000000  00000800  RWIX
  IPC                   00050000   00000024  00000024  00000000  RWIX
  FLASHPUMPSEMAPHORE    00050024   00000002  00000002  00000000  RWIX
  DEV_CFG               0005d000   00000180  0000012e  00000052  RWIX
  ANALOG_SUBSYS         0005d180   00000080  00000048  00000038  RWIX
  CLK_CFG               0005d200   00000100  00000032  000000ce  RWIX
  CPU_SYS               0005d300   00000100  00000082  0000007e  RWIX
  ROMPREFETCH           0005e608   00000002  00000002  00000000  RWIX
  DCSM_Z1               0005f000   00000030  00000024  0000000c  RWIX
  DCSM_Z2               0005f040   00000030  00000024  0000000c  RWIX
  DCSM_COMMON           0005f070   00000010  00000008  00000008  RWIX
  MEMCFG                0005f400   00000080  00000080  00000000  RWIX
  EMIF1CONFIG           0005f480   00000020  00000020  00000000  RWIX
  EMIF2CONFIG           0005f4a0   00000020  00000020  00000000  RWIX
  ACCESSPROTECTION      0005f4c0   00000040  00000040  00000000  RWIX
  MEMORYERROR           0005f500   00000040  00000040  00000000  RWIX
  ROMWAITSTATE          0005f540   00000002  00000002  00000000  RWIX
  FLASH0_CTRL           0005f800   00000300  00000182  0000017e  RWIX
  FLASH0_ECC            0005fb00   00000040  00000028  00000018  RWIX
  DCSM_Z1_OTP           00078000   00000020  00000020  00000000  RWIX
  DCSM_Z2_OTP           00078200   00000020  00000020  00000000  RWIX


SECTION ALLOCATION MAP

 output                                  attributes/
section   page    origin      length       input sections
--------  ----  ----------  ----------   ----------------
codestart 
*          0    00000000    00000002     
                  00000000    00000002     F2837xD_CodeStartBranch.obj (codestart)

.cinit     0    00000122    000002a6     
                  00000122    00000266     MonoMtrServo.obj (.cinit)
                  00000388    0000000e     rts2800_fpu32.lib : exit.c.obj (.cinit)
                  00000396    0000000c     F2837xD_Dac_setting.obj (.cinit)
                  000003a2    0000000b     F2837xD_Dac_setting.obj (.cinit:_DAC_PTR)
                  000003ad    0000000b     MonoMtrServo.obj (.cinit:_posArray)
                  000003b8    00000005     rts2800_fpu32.lib : _lock.c.obj (.cinit:__lock)
                  000003bd    00000005                       : _lock.c.obj (.cinit:__unlock)
                  000003c2    00000004                       : errno.c.obj (.cinit)
                  000003c6    00000002     --HOLE-- [fill = 0]

.pinit     0    00000122    00000000     UNINITIALIZED

.reset     0    003fffc0    00000002     DSECT
                  003fffc0    00000002     rts2800_fpu32.lib : boot28.asm.obj (.reset)

.stack     1    00000400    00000380     UNINITIALIZED
                  00000400    00000380     --HOLE--

AdcaResultFile 
*          1    00000b00    00000018     UNINITIALIZED
                  00000b00    00000018     F2837xD_GlobalVariableDefs.obj (AdcaResultFile)

AdcbResultFile 
*          1    00000b20    00000018     UNINITIALIZED
                  00000b20    00000018     F2837xD_GlobalVariableDefs.obj (AdcbResultFile)

AdccResultFile 
*          1    00000b40    00000018     UNINITIALIZED
                  00000b40    00000018     F2837xD_GlobalVariableDefs.obj (AdccResultFile)

AdcdResultFile 
*          1    00000b60    00000018     UNINITIALIZED
                  00000b60    00000018     F2837xD_GlobalVariableDefs.obj (AdcdResultFile)

Cla1RegsFile 
*          1    00001400    0000003e     UNINITIALIZED
                  00001400    0000003e     F2837xD_GlobalVariableDefs.obj (Cla1RegsFile)

.econst    1    0000a800    000001de     
                  0000a800    000001c0     F2837xD_PieVect.obj (.econst:_PieVectTableInit)
                  0000a9c0    00000010     rts2800_fpu32.lib : e_expf.c.obj (.econst)
                  0000a9d0    00000004                       : e_expf.c.obj (.econst:_halF)
                  0000a9d4    00000004                       : e_expf.c.obj (.econst:_ln2HI)
                  0000a9d8    00000004                       : e_expf.c.obj (.econst:_ln2LO)
                  0000a9dc    00000002                       : s_floorf.c.obj (.econst)

.ebss      1    00012000    00000950     UNINITIALIZED
                  00012000    00000244     MonoMtrServo.obj (.ebss)
                  00012244    00000010     MonoMtrServo.obj (.ebss:_posArray)
                  00012254    00000008     F2837xD_Dac_setting.obj (.ebss:_DAC_PTR)
                  0001225c    00000006     rts2800_fpu32.lib : exit.c.obj (.ebss)
                  00012262    00000004     MonoMtrServo.obj (.ebss:_VTimer0)
                  00012266    00000004     MonoMtrServo.obj (.ebss:_VTimer1)
                  0001226a    00000004     MonoMtrServo.obj (.ebss:_VTimer2)
                  0001226e    00000003     F2837xD_Dac_setting.obj (.ebss)
                  00012271    00000001     rts2800_fpu32.lib : errno.c.obj (.ebss)
                  00012272    00000002                       : _lock.c.obj (.ebss:__lock)
                  00012274    00000002                       : _lock.c.obj (.ebss:__unlock)
                  00012276    0000000a     --HOLE--
                  00012280    00000190     MonoMtrServo.obj (.ebss:_DBUFF_4CH1)
                  00012410    00000030     --HOLE--
                  00012440    00000190     MonoMtrServo.obj (.ebss:_DBUFF_4CH2)
                  000125d0    00000030     --HOLE--
                  00012600    00000190     MonoMtrServo.obj (.ebss:_DBUFF_4CH3)
                  00012790    00000030     --HOLE--
                  000127c0    00000190     MonoMtrServo.obj (.ebss:_DBUFF_4CH4)

.TI.ramfunc 
*          0    000003c8    00000004     
                  000003c8    00000004     F2837xD_usDelay.obj (.TI.ramfunc)

GETBUFFER 
*          0    0003f800    00000000     DSECT

GETWRITEIDX 
*          0    0003f800    00000000     DSECT

PUTREADIDX 
*          0    0003f800    00000000     DSECT

CpuTimer0RegsFile 
*          1    00000c00    00000008     UNINITIALIZED
                  00000c00    00000008     F2837xD_GlobalVariableDefs.obj (CpuTimer0RegsFile)

CpuTimer1RegsFile 
*          1    00000c08    00000008     UNINITIALIZED
                  00000c08    00000008     F2837xD_GlobalVariableDefs.obj (CpuTimer1RegsFile)

CpuTimer2RegsFile 
*          1    00000c10    00000008     UNINITIALIZED
                  00000c10    00000008     F2837xD_GlobalVariableDefs.obj (CpuTimer2RegsFile)

PieCtrlRegsFile 
*          1    00000ce0    0000001a     UNINITIALIZED
                  00000ce0    0000001a     F2837xD_GlobalVariableDefs.obj (PieCtrlRegsFile)

PieVectTableFile 
*          1    00000d00    000001c0     UNINITIALIZED
                  00000d00    000001c0     F2837xD_GlobalVariableDefs.obj (PieVectTableFile)

EmuKeyVar 
*          1    00000d00    00000001     UNINITIALIZED
                  00000d00    00000001     F2837xD_GlobalVariableDefs.obj (EmuKeyVar)

EmuBModeVar 
*          1    00000d01    00000001     UNINITIALIZED
                  00000d01    00000001     F2837xD_GlobalVariableDefs.obj (EmuBModeVar)

FlashCallbackVar 
*          1    00000d02    00000000     UNINITIALIZED

FlashScalingVar 
*          1    00000d02    00000000     UNINITIALIZED

DmaRegsFile 
*          1    00001000    000000e0     UNINITIALIZED
                  00001000    000000e0     F2837xD_GlobalVariableDefs.obj (DmaRegsFile)

EPwm1RegsFile 
*          1    00004000    00000100     UNINITIALIZED
                  00004000    00000100     F2837xD_GlobalVariableDefs.obj (EPwm1RegsFile)

EPwm2RegsFile 
*          1    00004100    00000100     UNINITIALIZED
                  00004100    00000100     F2837xD_GlobalVariableDefs.obj (EPwm2RegsFile)

EPwm3RegsFile 
*          1    00004200    00000100     UNINITIALIZED
                  00004200    00000100     F2837xD_GlobalVariableDefs.obj (EPwm3RegsFile)

EPwm4RegsFile 
*          1    00004300    00000100     UNINITIALIZED
                  00004300    00000100     F2837xD_GlobalVariableDefs.obj (EPwm4RegsFile)

EPwm5RegsFile 
*          1    00004400    00000100     UNINITIALIZED
                  00004400    00000100     F2837xD_GlobalVariableDefs.obj (EPwm5RegsFile)

EPwm6RegsFile 
*          1    00004500    00000100     UNINITIALIZED
                  00004500    00000100     F2837xD_GlobalVariableDefs.obj (EPwm6RegsFile)

EPwm7RegsFile 
*          1    00004600    00000100     UNINITIALIZED
                  00004600    00000100     F2837xD_GlobalVariableDefs.obj (EPwm7RegsFile)

EPwm8RegsFile 
*          1    00004700    00000100     UNINITIALIZED
                  00004700    00000100     F2837xD_GlobalVariableDefs.obj (EPwm8RegsFile)

EPwm9RegsFile 
*          1    00004800    00000100     UNINITIALIZED
                  00004800    00000100     F2837xD_GlobalVariableDefs.obj (EPwm9RegsFile)

EPwm10RegsFile 
*          1    00004900    00000100     UNINITIALIZED
                  00004900    00000100     F2837xD_GlobalVariableDefs.obj (EPwm10RegsFile)

EPwm11RegsFile 
*          1    00004a00    00000100     UNINITIALIZED
                  00004a00    00000100     F2837xD_GlobalVariableDefs.obj (EPwm11RegsFile)

EPwm12RegsFile 
*          1    00004b00    00000100     UNINITIALIZED
                  00004b00    00000100     F2837xD_GlobalVariableDefs.obj (EPwm12RegsFile)

ECap1RegsFile 
*          1    00005000    00000020     UNINITIALIZED
                  00005000    00000020     F2837xD_GlobalVariableDefs.obj (ECap1RegsFile)

ECap2RegsFile 
*          1    00005020    00000020     UNINITIALIZED
                  00005020    00000020     F2837xD_GlobalVariableDefs.obj (ECap2RegsFile)

ECap3RegsFile 
*          1    00005040    00000020     UNINITIALIZED
                  00005040    00000020     F2837xD_GlobalVariableDefs.obj (ECap3RegsFile)

ECap4RegsFile 
*          1    00005060    00000020     UNINITIALIZED
                  00005060    00000020     F2837xD_GlobalVariableDefs.obj (ECap4RegsFile)

ECap5RegsFile 
*          1    00005080    00000020     UNINITIALIZED
                  00005080    00000020     F2837xD_GlobalVariableDefs.obj (ECap5RegsFile)

ECap6RegsFile 
*          1    000050a0    00000020     UNINITIALIZED
                  000050a0    00000020     F2837xD_GlobalVariableDefs.obj (ECap6RegsFile)

EQep1RegsFile 
*          1    00005100    00000022     UNINITIALIZED
                  00005100    00000022     F2837xD_GlobalVariableDefs.obj (EQep1RegsFile)

EQep2RegsFile 
*          1    00005140    00000022     UNINITIALIZED
                  00005140    00000022     F2837xD_GlobalVariableDefs.obj (EQep2RegsFile)

EQep3RegsFile 
*          1    00005180    00000022     UNINITIALIZED
                  00005180    00000022     F2837xD_GlobalVariableDefs.obj (EQep3RegsFile)

DacaRegsFile 
*          1    00005c00    00000008     UNINITIALIZED
                  00005c00    00000008     F2837xD_GlobalVariableDefs.obj (DacaRegsFile)

DacbRegsFile 
*          1    00005c10    00000008     UNINITIALIZED
                  00005c10    00000008     F2837xD_GlobalVariableDefs.obj (DacbRegsFile)

DaccRegsFile 
*          1    00005c20    00000008     UNINITIALIZED
                  00005c20    00000008     F2837xD_GlobalVariableDefs.obj (DaccRegsFile)

I2caRegsFile 
*          1    00007300    00000022     UNINITIALIZED
                  00007300    00000022     F2837xD_GlobalVariableDefs.obj (I2caRegsFile)

I2cbRegsFile 
*          1    00007340    00000022     UNINITIALIZED
                  00007340    00000022     F2837xD_GlobalVariableDefs.obj (I2cbRegsFile)

AdcaRegsFile 
*          1    00007400    00000080     UNINITIALIZED
                  00007400    00000080     F2837xD_GlobalVariableDefs.obj (AdcaRegsFile)

AdcbRegsFile 
*          1    00007480    00000080     UNINITIALIZED
                  00007480    00000080     F2837xD_GlobalVariableDefs.obj (AdcbRegsFile)

AdccRegsFile 
*          1    00007500    00000080     UNINITIALIZED
                  00007500    00000080     F2837xD_GlobalVariableDefs.obj (AdccRegsFile)

AdcdRegsFile 
*          1    00007580    00000080     UNINITIALIZED
                  00007580    00000080     F2837xD_GlobalVariableDefs.obj (AdcdRegsFile)

CanaRegsFile 
*          1    00048000    00000164     UNINITIALIZED
                  00048000    00000164     F2837xD_GlobalVariableDefs.obj (CanaRegsFile)

CanbRegsFile 
*          1    0004a000    00000164     UNINITIALIZED
                  0004a000    00000164     F2837xD_GlobalVariableDefs.obj (CanbRegsFile)

AnalogSubsysRegsFile 
*          1    0005d180    00000048     UNINITIALIZED
                  0005d180    00000048     F2837xD_GlobalVariableDefs.obj (AnalogSubsysRegsFile)

Cla1SoftIntRegsFile 
*          1    00000ce0    00000004     DSECT
                  00000ce0    00000004     F2837xD_GlobalVariableDefs.obj (Cla1SoftIntRegsFile)

Cmpss1RegsFile 
*          1    00005c80    00000020     UNINITIALIZED
                  00005c80    00000020     F2837xD_GlobalVariableDefs.obj (Cmpss1RegsFile)

Cmpss2RegsFile 
*          1    00005ca0    00000020     UNINITIALIZED
                  00005ca0    00000020     F2837xD_GlobalVariableDefs.obj (Cmpss2RegsFile)

Cmpss3RegsFile 
*          1    00005cc0    00000020     UNINITIALIZED
                  00005cc0    00000020     F2837xD_GlobalVariableDefs.obj (Cmpss3RegsFile)

Cmpss4RegsFile 
*          1    00005ce0    00000020     UNINITIALIZED
                  00005ce0    00000020     F2837xD_GlobalVariableDefs.obj (Cmpss4RegsFile)

Cmpss5RegsFile 
*          1    00005d00    00000020     UNINITIALIZED
                  00005d00    00000020     F2837xD_GlobalVariableDefs.obj (Cmpss5RegsFile)

Cmpss6RegsFile 
*          1    00005d20    00000020     UNINITIALIZED
                  00005d20    00000020     F2837xD_GlobalVariableDefs.obj (Cmpss6RegsFile)

Cmpss7RegsFile 
*          1    00005d40    00000020     UNINITIALIZED
                  00005d40    00000020     F2837xD_GlobalVariableDefs.obj (Cmpss7RegsFile)

Cmpss8RegsFile 
*          1    00005d60    00000020     UNINITIALIZED
                  00005d60    00000020     F2837xD_GlobalVariableDefs.obj (Cmpss8RegsFile)

Sdfm1RegsFile 
*          1    00005e00    00000080     UNINITIALIZED
                  00005e00    00000080     F2837xD_GlobalVariableDefs.obj (Sdfm1RegsFile)

Sdfm2RegsFile 
*          1    00005e80    00000080     UNINITIALIZED
                  00005e80    00000080     F2837xD_GlobalVariableDefs.obj (Sdfm2RegsFile)

McbspaRegsFile 
*          1    00006000    00000024     UNINITIALIZED
                  00006000    00000024     F2837xD_GlobalVariableDefs.obj (McbspaRegsFile)

McbspbRegsFile 
*          1    00006040    00000024     UNINITIALIZED
                  00006040    00000024     F2837xD_GlobalVariableDefs.obj (McbspbRegsFile)

SpiaRegsFile 
*          1    00006100    00000010     UNINITIALIZED
                  00006100    00000010     F2837xD_GlobalVariableDefs.obj (SpiaRegsFile)

SpibRegsFile 
*          1    00006110    00000010     UNINITIALIZED
                  00006110    00000010     F2837xD_GlobalVariableDefs.obj (SpibRegsFile)

SpicRegsFile 
*          1    00006120    00000010     UNINITIALIZED
                  00006120    00000010     F2837xD_GlobalVariableDefs.obj (SpicRegsFile)

UppRegsFile 
*          1    00006200    00000048     UNINITIALIZED
                  00006200    00000048     F2837xD_GlobalVariableDefs.obj (UppRegsFile)

WdRegsFile 
*          1    00007000    0000002b     UNINITIALIZED
                  00007000    0000002b     F2837xD_GlobalVariableDefs.obj (WdRegsFile)

NmiIntruptRegsFile 
*          1    00007060    00000007     UNINITIALIZED
                  00007060    00000007     F2837xD_GlobalVariableDefs.obj (NmiIntruptRegsFile)

XintRegsFile 
*          1    00007070    0000000b     UNINITIALIZED
                  00007070    0000000b     F2837xD_GlobalVariableDefs.obj (XintRegsFile)

SciaRegsFile 
*          1    00007200    00000010     UNINITIALIZED
                  00007200    00000010     F2837xD_GlobalVariableDefs.obj (SciaRegsFile)

ScibRegsFile 
*          1    00007210    00000010     UNINITIALIZED
                  00007210    00000010     F2837xD_GlobalVariableDefs.obj (ScibRegsFile)

ScicRegsFile 
*          1    00007220    00000010     UNINITIALIZED
                  00007220    00000010     F2837xD_GlobalVariableDefs.obj (ScicRegsFile)

ScidRegsFile 
*          1    00007230    00000010     UNINITIALIZED
                  00007230    00000010     F2837xD_GlobalVariableDefs.obj (ScidRegsFile)

InputXbarRegsFile 
*          1    00007900    00000020     UNINITIALIZED
                  00007900    00000020     F2837xD_GlobalVariableDefs.obj (InputXbarRegsFile)

XbarRegsFile 
*          1    00007920    00000020     UNINITIALIZED
                  00007920    00000020     F2837xD_GlobalVariableDefs.obj (XbarRegsFile)

SyncSocRegsFile 
*          1    00007940    00000006     UNINITIALIZED
                  00007940    00000006     F2837xD_GlobalVariableDefs.obj (SyncSocRegsFile)

DmaClaSrcSelRegsFile 
*          1    00007980    0000001a     UNINITIALIZED
                  00007980    0000001a     F2837xD_GlobalVariableDefs.obj (DmaClaSrcSelRegsFile)

EPwmXbarRegsFile 
*          1    00007a00    00000040     UNINITIALIZED
                  00007a00    00000040     F2837xD_GlobalVariableDefs.obj (EPwmXbarRegsFile)

OutputXbarRegsFile 
*          1    00007a80    00000040     UNINITIALIZED
                  00007a80    00000040     F2837xD_GlobalVariableDefs.obj (OutputXbarRegsFile)

GpioCtrlRegsFile 
*          1    00007c00    00000180     UNINITIALIZED
                  00007c00    00000180     F2837xD_GlobalVariableDefs.obj (GpioCtrlRegsFile)

GpioDataRegsFile 
*          1    00007f00    00000030     UNINITIALIZED
                  00007f00    00000030     F2837xD_GlobalVariableDefs.obj (GpioDataRegsFile)

Emif1RegsFile 
*          1    00047000    00000070     UNINITIALIZED
                  00047000    00000070     F2837xD_GlobalVariableDefs.obj (Emif1RegsFile)

Emif2RegsFile 
*          1    00047800    00000070     UNINITIALIZED
                  00047800    00000070     F2837xD_GlobalVariableDefs.obj (Emif2RegsFile)

IpcRegsFile 
*          1    00050000    00000024     UNINITIALIZED
                  00050000    00000024     F2837xD_GlobalVariableDefs.obj (IpcRegsFile)

FlashPumpSemaphoreRegsFile 
*          1    00050024    00000002     UNINITIALIZED
                  00050024    00000002     F2837xD_GlobalVariableDefs.obj (FlashPumpSemaphoreRegsFile)

RomPrefetchRegsFile 
*          1    0005e608    00000002     UNINITIALIZED
                  0005e608    00000002     F2837xD_GlobalVariableDefs.obj (RomPrefetchRegsFile)

DcsmZ1RegsFile 
*          1    0005f000    00000024     UNINITIALIZED
                  0005f000    00000024     F2837xD_GlobalVariableDefs.obj (DcsmZ1RegsFile)

DcsmZ2RegsFile 
*          1    0005f040    00000024     UNINITIALIZED
                  0005f040    00000024     F2837xD_GlobalVariableDefs.obj (DcsmZ2RegsFile)

DcsmCommonRegsFile 
*          1    0005f070    00000008     UNINITIALIZED
                  0005f070    00000008     F2837xD_GlobalVariableDefs.obj (DcsmCommonRegsFile)

MemCfgRegsFile 
*          1    0005f400    00000080     UNINITIALIZED
                  0005f400    00000080     F2837xD_GlobalVariableDefs.obj (MemCfgRegsFile)

Emif1ConfigRegsFile 
*          1    0005f480    00000020     UNINITIALIZED
                  0005f480    00000020     F2837xD_GlobalVariableDefs.obj (Emif1ConfigRegsFile)

Emif2ConfigRegsFile 
*          1    0005f4a0    00000020     UNINITIALIZED
                  0005f4a0    00000020     F2837xD_GlobalVariableDefs.obj (Emif2ConfigRegsFile)

AccessProtectionRegsFile 
*          1    0005f4c0    00000040     UNINITIALIZED
                  0005f4c0    00000040     F2837xD_GlobalVariableDefs.obj (AccessProtectionRegsFile)

MemoryErrorRegsFile 
*          1    0005f500    00000040     UNINITIALIZED
                  0005f500    00000040     F2837xD_GlobalVariableDefs.obj (MemoryErrorRegsFile)

RomWaitStateRegsFile 
*          1    0005f540    00000002     UNINITIALIZED
                  0005f540    00000002     F2837xD_GlobalVariableDefs.obj (RomWaitStateRegsFile)

Flash0CtrlRegsFile 
*          1    0005f800    00000182     UNINITIALIZED
                  0005f800    00000182     F2837xD_GlobalVariableDefs.obj (Flash0CtrlRegsFile)

Flash0EccRegsFile 
*          1    0005fb00    00000028     UNINITIALIZED
                  0005fb00    00000028     F2837xD_GlobalVariableDefs.obj (Flash0EccRegsFile)

DcsmZ1OtpFile 
*          1    00078000    00000020     NOLOAD SECTION
                  00078000    00000020     F2837xD_GlobalVariableDefs.obj (DcsmZ1OtpFile)

DcsmZ2OtpFile 
*          1    00078200    00000020     NOLOAD SECTION
                  00078200    00000020     F2837xD_GlobalVariableDefs.obj (DcsmZ2OtpFile)

DevCfgRegsFile 
*          1    0005d000    0000012e     UNINITIALIZED
                  0005d000    0000012e     F2837xD_GlobalVariableDefs.obj (DevCfgRegsFile)

ClkCfgRegsFile 
*          1    0005d200    00000032     UNINITIALIZED
                  0005d200    00000032     F2837xD_GlobalVariableDefs.obj (ClkCfgRegsFile)

CpuSysRegsFile 
*          1    0005d300    00000082     UNINITIALIZED
                  0005d300    00000082     F2837xD_GlobalVariableDefs.obj (CpuSysRegsFile)

.text.1    0    000003cc    00000034     
                  000003cc    00000029     rts2800_fpu32.lib : exit.c.obj (.text)
                  000003f5    00000009                       : _lock.c.obj (.text)
                  000003fe    00000002                       : pre_init.c.obj (.text)

.text.2    0    00008000    000007fc     
                  00008000    00000683     MonoMtrServo.obj (.text:retain)
                  00008683    00000120     drv8305.obj (.text)
                  000087a3    00000059     rts2800_fpu32.lib : s_floorf.c.obj (.text)

.text.3    0    00008800    00000ff3     
                  00008800    00000585     F2837xD_DefaultISR.obj (.text:retain)
                  00008d85    00000376     F2837xD_SysCtrl.obj (.text)
                  000090fb    000001eb     config.obj (.text)
                  000092e6    000001cd     F2837xD_Gpio.obj (.text)
                  000094b3    00000111     rts2800_fpu32.lib : e_expf.c.obj (.text)
                  000095c4    00000088                       : fs_div28.asm.obj (.text)
                  0000964c    00000087     DLOG_4CH_F.obj (.text)
                  000096d3    0000007e     DRV830x_SPI.obj (.text)
                  00009751    00000056     rts2800_fpu32.lib : boot28.asm.obj (.text)
                  000097a7    00000028     F2837xD_PieCtrl.obj (.text)
                  000097cf    00000024     rts2800_fpu32.lib : cpy_tbl.c.obj (.text)

.text.4    0    00009800    0000003b     
                  00009800    00000017     F2837xD_Dac_setting.obj (.text)
                  00009817    00000012     F2837xD_PieVect.obj (.text)
                  00009829    00000012     rts2800_fpu32.lib : args_main.c.obj (.text)

.text.5    0    0000b000    000007fb     
                  0000b000    000006f5     MonoMtrServo.obj (.text)
                  0000b6f5    000000e8     F2837xD_Adc.obj (.text)
                  0000b7dd    0000001d     rts2800_fpu32.lib : memcpy.c.obj (.text)
                  0000b7fa    00000001                       : startup.c.obj (.text)

MODULE SUMMARY

       Module                           code   initialized data   uninitialized data
       ------                           ----   ----------------   ------------------
    .\
       F2837xD_GlobalVariableDefs.obj   0      0                  8759              
       MonoMtrServo.obj                 3448   625                2208              
       F2837xD_DefaultISR.obj           1413   0                  0                 
       F2837xD_SysCtrl.obj              886    0                  0                 
       config.obj                       491    0                  0                 
       F2837xD_PieVect.obj              18     448                0                 
       F2837xD_Gpio.obj                 461    0                  0                 
       drv8305.obj                      288    0                  0                 
       F2837xD_Adc.obj                  232    0                  0                 
       DRV830x_SPI.obj                  126    0                  0                 
       F2837xD_Dac_setting.obj          23     23                 11                
       F2837xD_PieCtrl.obj              40     0                  0                 
       F2837xD_usDelay.obj              4      0                  0                 
       F2837xD_CodeStartBranch.obj      2      0                  0                 
    +--+--------------------------------+------+------------------+--------------------+
       Total:                           7432   1096               10978             
                                                                                    
    .\utility Src Files\
       DLOG_4CH_F.obj                   135    0                  0                 
    +--+--------------------------------+------+------------------+--------------------+
       Total:                           135    0                  0                 
                                                                                    
    C:\ti\ccs1040\ccs\tools\compiler\ti-cgt-c2000_20.2.5.LTS\lib\rts2800_fpu32.lib
       e_expf.c.obj                     273    28                 0                 
       fs_div28.asm.obj                 136    0                  0                 
       s_floorf.c.obj                   89     2                  0                 
       boot28.asm.obj                   86     0                  0                 
       exit.c.obj                       41     14                 6                 
       cpy_tbl.c.obj                    36     0                  0                 
       memcpy.c.obj                     29     0                  0                 
       _lock.c.obj                      9      10                 4                 
       args_main.c.obj                  18     0                  0                 
       errno.c.obj                      0      4                  1                 
       pre_init.c.obj                   2      0                  0                 
       startup.c.obj                    1      0                  0                 
    +--+--------------------------------+------+------------------+--------------------+
       Total:                           720    58                 11                
                                                                                    
       Stack:                           0      0                  896               
    +--+--------------------------------+------+------------------+--------------------+
       Grand Total:                     8287   1154               11885             


GLOBAL DATA SYMBOLS: SORTED BY DATA PAGE

address     data page           name
--------    ----------------    ----
00000400      10 (00000400)     __stack

00000b00      2c (00000b00)     _AdcaResultRegs
00000b20      2c (00000b00)     _AdcbResultRegs

00000b40      2d (00000b40)     _AdccResultRegs
00000b60      2d (00000b40)     _AdcdResultRegs

00000c00      30 (00000c00)     _CpuTimer0Regs
00000c08      30 (00000c00)     _CpuTimer1Regs
00000c10      30 (00000c00)     _CpuTimer2Regs

00000ce0      33 (00000cc0)     _Cla1SoftIntRegs
00000ce0      33 (00000cc0)     _PieCtrlRegs

00000d00      34 (00000d00)     _EmuKey
00000d00      34 (00000d00)     _PieVectTable
00000d01      34 (00000d00)     _EmuBMode

00001000      40 (00001000)     _DmaRegs

00001400      50 (00001400)     _Cla1Regs

00004000     100 (00004000)     _EPwm1Regs

00004100     104 (00004100)     _EPwm2Regs

00004200     108 (00004200)     _EPwm3Regs

00004300     10c (00004300)     _EPwm4Regs

00004400     110 (00004400)     _EPwm5Regs

00004500     114 (00004500)     _EPwm6Regs

00004600     118 (00004600)     _EPwm7Regs

00004700     11c (00004700)     _EPwm8Regs

00004800     120 (00004800)     _EPwm9Regs

00004900     124 (00004900)     _EPwm10Regs

00004a00     128 (00004a00)     _EPwm11Regs

00004b00     12c (00004b00)     _EPwm12Regs

00005000     140 (00005000)     _ECap1Regs
00005020     140 (00005000)     _ECap2Regs

00005040     141 (00005040)     _ECap3Regs
00005060     141 (00005040)     _ECap4Regs

00005080     142 (00005080)     _ECap5Regs
000050a0     142 (00005080)     _ECap6Regs

00005100     144 (00005100)     _EQep1Regs

00005140     145 (00005140)     _EQep2Regs

00005180     146 (00005180)     _EQep3Regs

00005c00     170 (00005c00)     _DacaRegs
00005c10     170 (00005c00)     _DacbRegs
00005c20     170 (00005c00)     _DaccRegs

00005c80     172 (00005c80)     _Cmpss1Regs
00005ca0     172 (00005c80)     _Cmpss2Regs

00005cc0     173 (00005cc0)     _Cmpss3Regs
00005ce0     173 (00005cc0)     _Cmpss4Regs

00005d00     174 (00005d00)     _Cmpss5Regs
00005d20     174 (00005d00)     _Cmpss6Regs

00005d40     175 (00005d40)     _Cmpss7Regs
00005d60     175 (00005d40)     _Cmpss8Regs

00005e00     178 (00005e00)     _Sdfm1Regs

00005e80     17a (00005e80)     _Sdfm2Regs

00006000     180 (00006000)     _McbspaRegs

00006040     181 (00006040)     _McbspbRegs

00006100     184 (00006100)     _SpiaRegs
00006110     184 (00006100)     _SpibRegs
00006120     184 (00006100)     _SpicRegs

00006200     188 (00006200)     _UppRegs

00007000     1c0 (00007000)     _WdRegs

00007060     1c1 (00007040)     _NmiIntruptRegs
00007070     1c1 (00007040)     _XintRegs

00007200     1c8 (00007200)     _SciaRegs
00007210     1c8 (00007200)     _ScibRegs
00007220     1c8 (00007200)     _ScicRegs
00007230     1c8 (00007200)     _ScidRegs

00007300     1cc (00007300)     _I2caRegs

00007340     1cd (00007340)     _I2cbRegs

00007400     1d0 (00007400)     _AdcaRegs

00007480     1d2 (00007480)     _AdcbRegs

00007500     1d4 (00007500)     _AdccRegs

00007580     1d6 (00007580)     _AdcdRegs

00007900     1e4 (00007900)     _InputXbarRegs
00007920     1e4 (00007900)     _XbarRegs

00007940     1e5 (00007940)     _SyncSocRegs

00007980     1e6 (00007980)     _DmaClaSrcSelRegs

00007a00     1e8 (00007a00)     _EPwmXbarRegs

00007a80     1ea (00007a80)     _OutputXbarRegs

00007c00     1f0 (00007c00)     _GpioCtrlRegs

00007f00     1fc (00007f00)     _GpioDataRegs

0000a800     2a0 (0000a800)     _PieVectTableInit

00012000     480 (00012000)     _SerialCommsTimer
00012001     480 (00012000)     _DAC_Switch
00012002     480 (00012000)     _Angle_Switch
00012003     480 (00012000)     _Initial_Cnt
00012004     480 (00012000)     _DAC_Gain_A
00012005     480 (00012000)     _DAC_Gain_B
00012006     480 (00012000)     _DAC_Gain_C
00012007     480 (00012000)     _DAC_Gain_D
00012008     480 (00012000)     _EnableFlag
00012009     480 (00012000)     _BackTicker
0001200a     480 (00012000)     _LedCnt
0001200b     480 (00012000)     _OffsetCalCounter
0001200c     480 (00012000)     _ptrMax
0001200d     480 (00012000)     _ptr1
0001200e     480 (00012000)     _DRV_RESET
0001200f     480 (00012000)     _PwmDacCh1
00012010     480 (00012000)     _PwmDacCh2
00012011     480 (00012000)     _PwmDacCh3
00012012     480 (00012000)     _PwmDacCh4
00012014     480 (00012000)     _TmpD
00012016     480 (00012000)     _Alpha_State_Ptr
00012018     480 (00012000)     _A_Task_Ptr
0001201a     480 (00012000)     _B_Task_Ptr
0001201c     480 (00012000)     _C_Task_Ptr
0001201e     480 (00012000)     _adc_cal
00012020     480 (00012000)     _SpeedCmd_Sin_Frequency_pu
00012022     480 (00012000)     _SpeedCmd_Sin_Magnitude_pu
00012024     480 (00012000)     _IsrTicker
00012026     480 (00012000)     _K1
00012028     480 (00012000)     _K2
0001202a     480 (00012000)     _IdRef_start
0001202c     480 (00012000)     _IdRef_run
0001202e     480 (00012000)     _cntr1
00012030     480 (00012000)     _posSlewRate
00012032     480 (00012000)     _DlogCh1
00012034     480 (00012000)     _DlogCh2
00012036     480 (00012000)     _DlogCh3
00012038     480 (00012000)     _DlogCh4

00012040     481 (00012040)     _pwmdac1
0001204a     481 (00012040)     _rg_SpeedCmd_Generate_Sin
00012056     481 (00012040)     _rc_SpeedCmd_Control_Variation_Rate
00012066     481 (00012040)     _dlog_4ch1

00012080     482 (00012080)     _motor1

00012244     489 (00012240)     _posArray
00012254     489 (00012240)     _DAC_PTR
0001225c     489 (00012240)     ___TI_enable_exit_profile_output
0001225e     489 (00012240)     ___TI_cleanup_ptr
00012260     489 (00012240)     ___TI_dtors_ptr
00012262     489 (00012240)     _VTimer0
00012266     489 (00012240)     _VTimer1
0001226a     489 (00012240)     _VTimer2
0001226e     489 (00012240)     _dacAval
0001226f     489 (00012240)     _dacBval
00012270     489 (00012240)     _dacCval
00012271     489 (00012240)     _errno
00012272     489 (00012240)     __lock
00012274     489 (00012240)     __unlock

00012280     48a (00012280)     _DBUFF_4CH1

00012440     491 (00012440)     _DBUFF_4CH2

00012600     498 (00012600)     _DBUFF_4CH3

000127c0     49f (000127c0)     _DBUFF_4CH4

00047000    11c0 (00047000)     _Emif1Regs

00047800    11e0 (00047800)     _Emif2Regs

00048000    1200 (00048000)     _CanaRegs

0004a000    1280 (0004a000)     _CanbRegs

00050000    1400 (00050000)     _IpcRegs
00050024    1400 (00050000)     _FlashPumpSemaphoreRegs

0005d000    1740 (0005d000)     _DevCfgRegs

0005d180    1746 (0005d180)     _AnalogSubsysRegs

0005d200    1748 (0005d200)     _ClkCfgRegs

0005d300    174c (0005d300)     _CpuSysRegs

0005e608    1798 (0005e600)     _RomPrefetchRegs

0005f000    17c0 (0005f000)     _DcsmZ1Regs

0005f040    17c1 (0005f040)     _DcsmZ2Regs
0005f070    17c1 (0005f040)     _DcsmCommonRegs

0005f400    17d0 (0005f400)     _MemCfgRegs

0005f480    17d2 (0005f480)     _Emif1ConfigRegs
0005f4a0    17d2 (0005f480)     _Emif2ConfigRegs

0005f4c0    17d3 (0005f4c0)     _AccessProtectionRegs

0005f500    17d4 (0005f500)     _MemoryErrorRegs

0005f540    17d5 (0005f540)     _RomWaitStateRegs

0005f800    17e0 (0005f800)     _Flash0CtrlRegs

0005fb00    17ec (0005fb00)     _Flash0EccRegs

00078000    1e00 (00078000)     _DcsmZ1Otp

00078200    1e08 (00078200)     _DcsmZ2Otp


GLOBAL SYMBOLS: SORTED ALPHABETICALLY BY Name 

page  address   name                                  
----  -------   ----                                  
abs   ffffffff  .text                                 
0     000003cc  C$$EXIT                               
0     000095c4  FS$$DIV                               
0     0000b1bf  _A0                                   
0     0000b189  _A1                                   
0     0000b15f  _A2                                   
0     0000b159  _A3                                   
0     00008d7b  _ADCA1_ISR                            
0     00008d71  _ADCA2_ISR                            
0     00008d67  _ADCA3_ISR                            
0     00008d5d  _ADCA4_ISR                            
0     00008d53  _ADCA_EVT_ISR                         
0     00008d49  _ADCB1_ISR                            
0     00008d3f  _ADCB2_ISR                            
0     00008d35  _ADCB3_ISR                            
0     00008d2b  _ADCB4_ISR                            
0     00008d21  _ADCB_EVT_ISR                         
0     00008d17  _ADCC1_ISR                            
0     00008d0d  _ADCC2_ISR                            
0     00008d03  _ADCC3_ISR                            
0     00008cf9  _ADCC4_ISR                            
0     00008cef  _ADCC_EVT_ISR                         
0     00008ce5  _ADCD1_ISR                            
0     00008cdb  _ADCD2_ISR                            
0     00008cd1  _ADCD3_ISR                            
0     00008cc7  _ADCD4_ISR                            
0     00008cbd  _ADCD_EVT_ISR                         
0     00008cb3  _AUX_PLL_SLIP_ISR                     
1     00012018  _A_Task_Ptr                           
1     0005f4c0  _AccessProtectionRegs                 
0     0000b72d  _AdcSetMode                           
1     00007400  _AdcaRegs                             
1     00000b00  _AdcaResultRegs                       
1     00007480  _AdcbRegs                             
1     00000b20  _AdcbResultRegs                       
1     00007500  _AdccRegs                             
1     00000b40  _AdccResultRegs                       
1     00007580  _AdcdRegs                             
1     00000b60  _AdcdResultRegs                       
1     00012016  _Alpha_State_Ptr                      
1     0005d180  _AnalogSubsysRegs                     
1     00012002  _Angle_Switch                         
0     00008f8e  _AuxAuxClkSel                         
0     00008fa9  _AuxIntOsc2Sel                        
0     00008f98  _AuxXtalOscSel                        
0     0000b1d7  _B0                                   
0     0000b183  _B1                                   
0     0000b153  _B2                                   
0     0000b14d  _B3                                   
1     0001201a  _B_Task_Ptr                           
1     00012009  _BackTicker                           
0     0000b1ec  _C0                                   
0     0000b165  _C1                                   
0     0000b143  _C2                                   
0     0000b135  _C3                                   
0     00008ca9  _CANA0_ISR                            
0     00008c9f  _CANA1_ISR                            
0     00008c95  _CANB0_ISR                            
0     00008c8b  _CANB1_ISR                            
0     00008c81  _CLA1_1_ISR                           
0     00008c77  _CLA1_2_ISR                           
0     00008c6d  _CLA1_3_ISR                           
0     00008c63  _CLA1_4_ISR                           
0     00008c59  _CLA1_5_ISR                           
0     00008c4f  _CLA1_6_ISR                           
0     00008c45  _CLA1_7_ISR                           
0     00008c3b  _CLA1_8_ISR                           
0     00008c31  _CLA_OVERFLOW_ISR                     
0     00008c27  _CLA_UNDERFLOW_ISR                    
1     0001201c  _C_Task_Ptr                           
0     0000b6f5  _CalAdcINL                            
1     00048000  _CanaRegs                             
1     0004a000  _CanbRegs                             
1     00001400  _Cla1Regs                             
0     00000ce0  _Cla1SoftIntRegs                      
1     0005d200  _ClkCfgRegs                           
1     00005c80  _Cmpss1Regs                           
1     00005ca0  _Cmpss2Regs                           
1     00005cc0  _Cmpss3Regs                           
1     00005ce0  _Cmpss4Regs                           
1     00005d00  _Cmpss5Regs                           
1     00005d20  _Cmpss6Regs                           
1     00005d40  _Cmpss7Regs                           
1     00005d60  _Cmpss8Regs                           
0     000092a3  _ConfigureADC                         
1     0005d300  _CpuSysRegs                           
1     00000c00  _CpuTimer0Regs                        
1     00000c08  _CpuTimer1Regs                        
1     00000c10  _CpuTimer2Regs                        
0     000090da  _CsmUnlock                            
1     00012004  _DAC_Gain_A                           
1     00012005  _DAC_Gain_B                           
1     00012006  _DAC_Gain_C                           
1     00012007  _DAC_Gain_D                           
1     00012254  _DAC_PTR                              
1     00012001  _DAC_Switch                           
0     00008c1d  _DATALOG_ISR                          
1     00012280  _DBUFF_4CH1                           
1     00012440  _DBUFF_4CH2                           
1     00012600  _DBUFF_4CH3                           
1     000127c0  _DBUFF_4CH4                           
0     00009673  _DLOG_4CH_F_FUNC                      
0     0000964c  _DLOG_4CH_F_init                      
0     00008c13  _DMA_CH1_ISR                          
0     00008c09  _DMA_CH2_ISR                          
0     00008bff  _DMA_CH3_ISR                          
0     00008bf5  _DMA_CH4_ISR                          
0     00008beb  _DMA_CH5_ISR                          
0     00008be1  _DMA_CH6_ISR                          
0     0000b0ef  _DMC1_Protection                      
0     00009733  _DRV8301_SPI_Read                     
0     00009717  _DRV8301_SPI_Write                    
0     00009707  _DRV8305_SPI_Read                     
0     000096eb  _DRV8305_SPI_Write                    
0     0000877c  _DRV8305_diagnostics                  
1     0001200e  _DRV_RESET                            
1     00005c00  _DacaRegs                             
1     00005c10  _DacbRegs                             
1     00005c20  _DaccRegs                             
1     0005f070  _DcsmCommonRegs                       
1     00078000  _DcsmZ1Otp                            
1     0005f000  _DcsmZ1Regs                           
1     00078200  _DcsmZ2Otp                            
1     0005f040  _DcsmZ2Regs                           
1     0005d000  _DevCfgRegs                           
0     00008e99  _DisableDog                           
0     00009084  _DisablePeripheralClocks              
1     00012032  _DlogCh1                              
1     00012034  _DlogCh2                              
1     00012036  _DlogCh3                              
1     00012038  _DlogCh4                              
1     00007980  _DmaClaSrcSelRegs                     
1     00001000  _DmaRegs                              
0     00008bd7  _ECAP1_ISR                            
0     00008bcd  _ECAP2_ISR                            
0     00008bc3  _ECAP3_ISR                            
0     00008bb9  _ECAP4_ISR                            
0     00008baf  _ECAP5_ISR                            
0     00008ba5  _ECAP6_ISR                            
1     00005000  _ECap1Regs                            
1     00005020  _ECap2Regs                            
1     00005040  _ECap3Regs                            
1     00005060  _ECap4Regs                            
1     00005080  _ECap5Regs                            
1     000050a0  _ECap6Regs                            
0     00008b9b  _EMIF_ERROR_ISR                       
0     00008b8e  _EMPTY_ISR                            
0     00008b84  _EMU_ISR                              
0     00008b7a  _EPWM10_ISR                           
0     00008b70  _EPWM10_TZ_ISR                        
0     00008b66  _EPWM11_ISR                           
0     00008b5c  _EPWM11_TZ_ISR                        
0     00008b52  _EPWM12_ISR                           
0     00008b48  _EPWM12_TZ_ISR                        
0     00008b3e  _EPWM1_ISR                            
0     00008b34  _EPWM1_TZ_ISR                         
0     00008b2a  _EPWM2_ISR                            
0     00008b20  _EPWM2_TZ_ISR                         
0     00008b16  _EPWM3_ISR                            
0     00008b0c  _EPWM3_TZ_ISR                         
0     00008b02  _EPWM4_ISR                            
0     00008af8  _EPWM4_TZ_ISR                         
0     00008aee  _EPWM5_ISR                            
0     00008ae4  _EPWM5_TZ_ISR                         
0     00008ada  _EPWM6_ISR                            
0     00008ad0  _EPWM6_TZ_ISR                         
0     00008ac6  _EPWM7_ISR                            
0     00008abc  _EPWM7_TZ_ISR                         
0     00008ab2  _EPWM8_ISR                            
0     00008aa8  _EPWM8_TZ_ISR                         
0     00008a9e  _EPWM9_ISR                            
0     00008a94  _EPWM9_TZ_ISR                         
1     00004900  _EPwm10Regs                           
1     00004a00  _EPwm11Regs                           
1     00004b00  _EPwm12Regs                           
1     00004000  _EPwm1Regs                            
1     00004100  _EPwm2Regs                            
1     00004200  _EPwm3Regs                            
1     00004300  _EPwm4Regs                            
1     00004400  _EPwm5Regs                            
1     00004500  _EPwm6Regs                            
1     00004600  _EPwm7Regs                            
1     00004700  _EPwm8Regs                            
1     00004800  _EPwm9Regs                            
1     00007a00  _EPwmXbarRegs                         
0     00008a8a  _EQEP1_ISR                            
0     00008a80  _EQEP2_ISR                            
0     00008a76  _EQEP3_ISR                            
1     00005100  _EQep1Regs                            
1     00005140  _EQep2Regs                            
1     00005180  _EQep3Regs                            
1     0005f480  _Emif1ConfigRegs                      
1     00047000  _Emif1Regs                            
1     0005f4a0  _Emif2ConfigRegs                      
1     00047800  _Emif2Regs                            
1     00000d01  _EmuBMode                             
1     00000d00  _EmuKey                               
1     00012008  _EnableFlag                           
0     000097c6  _EnableInterrupts                     
0     000003c8  _F28x_usDelay                         
0     00008a6c  _FLASH_CORRECTABLE_ERROR_ISR          
0     00008a62  _FPU_OVERFLOW_ISR                     
0     00008a58  _FPU_UNDERFLOW_ISR                    
1     0005f800  _Flash0CtrlRegs                       
1     0005fb00  _Flash0EccRegs                        
1     00050024  _FlashPumpSemaphoreRegs               
0     000094a3  _GPIO_EnableUnbondedIOPullups         
0     0000947e  _GPIO_EnableUnbondedIOPullupsFor100Pin
0     00009465  _GPIO_EnableUnbondedIOPullupsFor176Pin
0     00009451  _GPIO_ReadPin                         
0     00009430  _GPIO_SetupLock                       
0     000093db  _GPIO_SetupPinMux                     
0     0000935e  _GPIO_SetupPinOptions                 
0     00009357  _GPIO_SetupXINT1Gpio                  
0     00009350  _GPIO_SetupXINT2Gpio                  
0     00009349  _GPIO_SetupXINT3Gpio                  
0     00009342  _GPIO_SetupXINT4Gpio                  
0     0000933b  _GPIO_SetupXINT5Gpio                  
0     0000b121  _GPIO_TogglePin                       
0     00009321  _GPIO_WritePin                        
1     00007c00  _GpioCtrlRegs                         
1     00007f00  _GpioDataRegs                         
0     000090c1  _HALT                                 
0     000090a2  _HIB                                  
0     00008a4e  _I2CA_FIFO_ISR                        
0     00008a44  _I2CA_ISR                             
0     00008a3a  _I2CB_FIFO_ISR                        
0     00008a30  _I2CB_ISR                             
1     00007300  _I2caRegs                             
1     00007340  _I2cbRegs                             
0     0000907b  _IDLE                                 
0     00008a26  _ILLEGAL_ISR                          
0     00008a1c  _IPC0_ISR                             
0     00008a12  _IPC1_ISR                             
0     00008a08  _IPC2_ISR                             
0     000089fe  _IPC3_ISR                             
1     0001202c  _IdRef_run                            
1     0001202a  _IdRef_start                          
0     00008fb6  _InitAuxPll                           
0     000086cc  _InitDRV8305                          
0     00008683  _InitDRV8305Regs                      
0     000092e6  _InitGpio                             
0     0000927a  _InitMotor1EPwmDACGpio                
0     0000925b  _InitMotor1EPwmGpio                   
0     0000923c  _InitMotor1EQepGpio                   
0     00009213  _InitMotor1SpiGpio                    
0     000091f6  _InitMotor1_DRV_Gpio                  
0     00008ea6  _InitPeripheralClocks                 
0     000097a7  _InitPieCtrl                          
0     00009817  _InitPieVectTable                     
0     000091cd  _InitSpiDacGpio                       
0     000091b4  _InitSpiRegs_DRV830x                  
0     00008f57  _InitSysCtrl                          
0     0000917d  _InitSysCtrl1                         
0     00008dda  _InitSysPll                           
1     00012003  _Initial_Cnt                          
1     00007900  _InputXbarRegs                        
1     00050000  _IpcRegs                              
1     00012024  _IsrTicker                            
1     00012026  _K1                                   
1     00012028  _K2                                   
1     0001200a  _LedCnt                               
0     000089f4  _MCBSPA_RX_ISR                        
0     000089ea  _MCBSPA_TX_ISR                        
0     000089e0  _MCBSPB_RX_ISR                        
0     000089d6  _MCBSPB_TX_ISR                        
1     00006000  _McbspaRegs                           
1     00006040  _McbspbRegs                           
1     0005f400  _MemCfgRegs                           
1     0005f500  _MemoryErrorRegs                      
0     00008000  _MotorControlISR                      
0     000089cc  _NMI_ISR                              
0     000089c2  _NOTUSED_ISR                          
1     00007060  _NmiIntruptRegs                       
1     0001200b  _OffsetCalCounter                     
1     00007a80  _OutputXbarRegs                       
0     000089b8  _PIE_RESERVED_ISR                     
0     00009135  _PWM_1ch_UpDwnCnt_CNF                 
0     000090fb  _PWM_1ch_UpDwnCnt_CNF_noDB            
1     00000ce0  _PieCtrlRegs                          
1     00000d00  _PieVectTable                         
1     0000a800  _PieVectTableInit                     
1     0001200f  _PwmDacCh1                            
1     00012010  _PwmDacCh2                            
1     00012011  _PwmDacCh3                            
1     00012012  _PwmDacCh4                            
0     0000b0b2  _PwmTripConfig                        
0     000089ae  _RAM_ACCESS_VIOLATION_ISR             
0     000089a4  _RAM_CORRECTABLE_ERROR_ISR            
0     0000899a  _RTOS_ISR                             
0     00008dd0  _ReleaseFlashPump                     
1     0005e608  _RomPrefetchRegs                      
1     0005f540  _RomWaitStateRegs                     
0     00008990  _SCIA_RX_ISR                          
0     00008986  _SCIA_TX_ISR                          
0     0000897c  _SCIB_RX_ISR                          
0     00008972  _SCIB_TX_ISR                          
0     00008968  _SCIC_RX_ISR                          
0     0000895e  _SCIC_TX_ISR                          
0     00008954  _SCID_RX_ISR                          
0     0000894a  _SCID_TX_ISR                          
0     00008940  _SD1_ISR                              
0     00008936  _SD2_ISR                              
0     0000892c  _SPIA_RX_ISR                          
0     00008922  _SPIA_TX_ISR                          
0     00008918  _SPIB_RX_ISR                          
0     0000890e  _SPIB_TX_ISR                          
0     00008904  _SPIC_RX_ISR                          
0     000088fa  _SPIC_TX_ISR                          
0     0000b072  _SPIDAC_setup                         
0     0000b6eb  _SPIDAC_update_all                    
0     0000b6df  _SPIDAC_write_dac_channel             
0     0000b6c9  _SPIDAC_xmit_u16                      
0     000096d3  _SPI_Driver                           
0     00008dc5  _STANDBY                              
0     000088f0  _SYS_PLL_SLIP_ISR                     
1     00007200  _SciaRegs                             
1     00007210  _ScibRegs                             
1     00007220  _ScicRegs                             
1     00007230  _ScidRegs                             
1     00005e00  _Sdfm1Regs                            
1     00005e80  _Sdfm2Regs                            
0     00008db3  _SeizeFlashPump                       
1     00012000  _SerialCommsTimer                     
0     00008da5  _ServiceDog                           
1     00012020  _SpeedCmd_Sin_Frequency_pu            
1     00012022  _SpeedCmd_Sin_Magnitude_pu            
1     00006100  _SpiaRegs                             
1     00006110  _SpibRegs                             
1     00006120  _SpicRegs                             
1     00007940  _SyncSocRegs                          
0     00008d9b  _SysIntOsc1Sel                        
0     00008d91  _SysIntOsc2Sel                        
0     00008d85  _SysXtalOscSel                        
0     000088e6  _TIMER0_ISR                           
0     000088dc  _TIMER1_ISR                           
0     000088d2  _TIMER2_ISR                           
1     00012014  _TmpD                                 
0     000088c8  _UPPA_ISR                             
0     000088be  _USBA_ISR                             
0     000088b4  _USER10_ISR                           
0     000088aa  _USER11_ISR                           
0     000088a0  _USER12_ISR                           
0     00008896  _USER1_ISR                            
0     0000888c  _USER2_ISR                            
0     00008882  _USER3_ISR                            
0     00008878  _USER4_ISR                            
0     0000886e  _USER5_ISR                            
0     00008864  _USER6_ISR                            
0     0000885a  _USER7_ISR                            
0     00008850  _USER8_ISR                            
0     00008846  _USER9_ISR                            
1     00006200  _UppRegs                              
0     0000883c  _VCU_ISR                              
1     00012262  _VTimer0                              
1     00012266  _VTimer1                              
1     0001226a  _VTimer2                              
0     00008832  _WAKE_ISR                             
1     00007000  _WdRegs                               
0     00008828  _XINT1_ISR                            
0     0000881e  _XINT2_ISR                            
0     00008814  _XINT3_ISR                            
0     0000880a  _XINT4_ISR                            
0     00008800  _XINT5_ISR                            
1     00007920  _XbarRegs                             
1     00007070  _XintRegs                             
1     00000780  __STACK_END                           
abs   00000380  __STACK_SIZE                          
1     0001225e  ___TI_cleanup_ptr                     
1     00012260  ___TI_dtors_ptr                       
1     0001225c  ___TI_enable_exit_profile_output      
abs   ffffffff  ___TI_pprof_out_hndl                  
abs   ffffffff  ___TI_prof_data_size                  
abs   ffffffff  ___TI_prof_data_start                 
abs   ffffffff  ___binit__                            
abs   ffffffff  ___c_args__                           
0     00000122  ___cinit__                            
abs   ffffffff  ___etext__                            
abs   ffffffff  ___pinit__                            
abs   ffffffff  ___text__                             
0     00009829  __args_main                           
1     00012272  __lock                                
0     000003fd  __nop                                 
0     000003f9  __register_lock                       
0     000003f5  __register_unlock                     
1     00000400  __stack                               
0     0000b7fa  __system_post_cinit                   
0     000003fe  __system_pre_init                     
1     00012274  __unlock                              
0     000003cc  _abort                                
1     0001201e  _adc_cal                              
0     00009751  _c_int00                              
1     0001202e  _cntr1                                
0     00009800  _configureDAC                         
0     000097cf  _copy_in                              
1     0001226e  _dacAval                              
1     0001226f  _dacBval                              
1     00012270  _dacCval                              
1     00012066  _dlog_4ch1                            
1     00012271  _errno                                
0     000003ce  _exit                                 
0     000094b3  _exp                                  
0     000094b3  _expf                                 
0     000087a3  _floor                                
0     000087a3  _floorf                               
0     0000b201  _main                                 
0     0000b7dd  _memcpy                               
1     00012080  _motor1                               
1     00012244  _posArray                             
1     00012030  _posSlewRate                          
1     0001200d  _ptr1                                 
1     0001200c  _ptrMax                               
1     00012040  _pwmdac1                              
0     0000b000  _ramper                               
0     0000b051  _ramper_speed                         
1     00012056  _rc_SpeedCmd_Control_Variation_Rate   
0     0000b01c  _refPosGen                            
1     0001204a  _rg_SpeedCmd_Generate_Sin             
abs   ffffffff  binit                                 
0     00000122  cinit                                 
0     00000000  code_start                            
abs   ffffffff  etext                                 
abs   ffffffff  pinit                                 


GLOBAL SYMBOLS: SORTED BY Symbol Address 

page  address   name                                  
----  -------   ----                                  
0     00000000  code_start                            
0     00000122  ___cinit__                            
0     00000122  cinit                                 
0     000003c8  _F28x_usDelay                         
0     000003cc  C$$EXIT                               
0     000003cc  _abort                                
0     000003ce  _exit                                 
0     000003f5  __register_unlock                     
0     000003f9  __register_lock                       
0     000003fd  __nop                                 
0     000003fe  __system_pre_init                     
0     00000ce0  _Cla1SoftIntRegs                      
0     00008000  _MotorControlISR                      
0     00008683  _InitDRV8305Regs                      
0     000086cc  _InitDRV8305                          
0     0000877c  _DRV8305_diagnostics                  
0     000087a3  _floor                                
0     000087a3  _floorf                               
0     00008800  _XINT5_ISR                            
0     0000880a  _XINT4_ISR                            
0     00008814  _XINT3_ISR                            
0     0000881e  _XINT2_ISR                            
0     00008828  _XINT1_ISR                            
0     00008832  _WAKE_ISR                             
0     0000883c  _VCU_ISR                              
0     00008846  _USER9_ISR                            
0     00008850  _USER8_ISR                            
0     0000885a  _USER7_ISR                            
0     00008864  _USER6_ISR                            
0     0000886e  _USER5_ISR                            
0     00008878  _USER4_ISR                            
0     00008882  _USER3_ISR                            
0     0000888c  _USER2_ISR                            
0     00008896  _USER1_ISR                            
0     000088a0  _USER12_ISR                           
0     000088aa  _USER11_ISR                           
0     000088b4  _USER10_ISR                           
0     000088be  _USBA_ISR                             
0     000088c8  _UPPA_ISR                             
0     000088d2  _TIMER2_ISR                           
0     000088dc  _TIMER1_ISR                           
0     000088e6  _TIMER0_ISR                           
0     000088f0  _SYS_PLL_SLIP_ISR                     
0     000088fa  _SPIC_TX_ISR                          
0     00008904  _SPIC_RX_ISR                          
0     0000890e  _SPIB_TX_ISR                          
0     00008918  _SPIB_RX_ISR                          
0     00008922  _SPIA_TX_ISR                          
0     0000892c  _SPIA_RX_ISR                          
0     00008936  _SD2_ISR                              
0     00008940  _SD1_ISR                              
0     0000894a  _SCID_TX_ISR                          
0     00008954  _SCID_RX_ISR                          
0     0000895e  _SCIC_TX_ISR                          
0     00008968  _SCIC_RX_ISR                          
0     00008972  _SCIB_TX_ISR                          
0     0000897c  _SCIB_RX_ISR                          
0     00008986  _SCIA_TX_ISR                          
0     00008990  _SCIA_RX_ISR                          
0     0000899a  _RTOS_ISR                             
0     000089a4  _RAM_CORRECTABLE_ERROR_ISR            
0     000089ae  _RAM_ACCESS_VIOLATION_ISR             
0     000089b8  _PIE_RESERVED_ISR                     
0     000089c2  _NOTUSED_ISR                          
0     000089cc  _NMI_ISR                              
0     000089d6  _MCBSPB_TX_ISR                        
0     000089e0  _MCBSPB_RX_ISR                        
0     000089ea  _MCBSPA_TX_ISR                        
0     000089f4  _MCBSPA_RX_ISR                        
0     000089fe  _IPC3_ISR                             
0     00008a08  _IPC2_ISR                             
0     00008a12  _IPC1_ISR                             
0     00008a1c  _IPC0_ISR                             
0     00008a26  _ILLEGAL_ISR                          
0     00008a30  _I2CB_ISR                             
0     00008a3a  _I2CB_FIFO_ISR                        
0     00008a44  _I2CA_ISR                             
0     00008a4e  _I2CA_FIFO_ISR                        
0     00008a58  _FPU_UNDERFLOW_ISR                    
0     00008a62  _FPU_OVERFLOW_ISR                     
0     00008a6c  _FLASH_CORRECTABLE_ERROR_ISR          
0     00008a76  _EQEP3_ISR                            
0     00008a80  _EQEP2_ISR                            
0     00008a8a  _EQEP1_ISR                            
0     00008a94  _EPWM9_TZ_ISR                         
0     00008a9e  _EPWM9_ISR                            
0     00008aa8  _EPWM8_TZ_ISR                         
0     00008ab2  _EPWM8_ISR                            
0     00008abc  _EPWM7_TZ_ISR                         
0     00008ac6  _EPWM7_ISR                            
0     00008ad0  _EPWM6_TZ_ISR                         
0     00008ada  _EPWM6_ISR                            
0     00008ae4  _EPWM5_TZ_ISR                         
0     00008aee  _EPWM5_ISR                            
0     00008af8  _EPWM4_TZ_ISR                         
0     00008b02  _EPWM4_ISR                            
0     00008b0c  _EPWM3_TZ_ISR                         
0     00008b16  _EPWM3_ISR                            
0     00008b20  _EPWM2_TZ_ISR                         
0     00008b2a  _EPWM2_ISR                            
0     00008b34  _EPWM1_TZ_ISR                         
0     00008b3e  _EPWM1_ISR                            
0     00008b48  _EPWM12_TZ_ISR                        
0     00008b52  _EPWM12_ISR                           
0     00008b5c  _EPWM11_TZ_ISR                        
0     00008b66  _EPWM11_ISR                           
0     00008b70  _EPWM10_TZ_ISR                        
0     00008b7a  _EPWM10_ISR                           
0     00008b84  _EMU_ISR                              
0     00008b8e  _EMPTY_ISR                            
0     00008b9b  _EMIF_ERROR_ISR                       
0     00008ba5  _ECAP6_ISR                            
0     00008baf  _ECAP5_ISR                            
0     00008bb9  _ECAP4_ISR                            
0     00008bc3  _ECAP3_ISR                            
0     00008bcd  _ECAP2_ISR                            
0     00008bd7  _ECAP1_ISR                            
0     00008be1  _DMA_CH6_ISR                          
0     00008beb  _DMA_CH5_ISR                          
0     00008bf5  _DMA_CH4_ISR                          
0     00008bff  _DMA_CH3_ISR                          
0     00008c09  _DMA_CH2_ISR                          
0     00008c13  _DMA_CH1_ISR                          
0     00008c1d  _DATALOG_ISR                          
0     00008c27  _CLA_UNDERFLOW_ISR                    
0     00008c31  _CLA_OVERFLOW_ISR                     
0     00008c3b  _CLA1_8_ISR                           
0     00008c45  _CLA1_7_ISR                           
0     00008c4f  _CLA1_6_ISR                           
0     00008c59  _CLA1_5_ISR                           
0     00008c63  _CLA1_4_ISR                           
0     00008c6d  _CLA1_3_ISR                           
0     00008c77  _CLA1_2_ISR                           
0     00008c81  _CLA1_1_ISR                           
0     00008c8b  _CANB1_ISR                            
0     00008c95  _CANB0_ISR                            
0     00008c9f  _CANA1_ISR                            
0     00008ca9  _CANA0_ISR                            
0     00008cb3  _AUX_PLL_SLIP_ISR                     
0     00008cbd  _ADCD_EVT_ISR                         
0     00008cc7  _ADCD4_ISR                            
0     00008cd1  _ADCD3_ISR                            
0     00008cdb  _ADCD2_ISR                            
0     00008ce5  _ADCD1_ISR                            
0     00008cef  _ADCC_EVT_ISR                         
0     00008cf9  _ADCC4_ISR                            
0     00008d03  _ADCC3_ISR                            
0     00008d0d  _ADCC2_ISR                            
0     00008d17  _ADCC1_ISR                            
0     00008d21  _ADCB_EVT_ISR                         
0     00008d2b  _ADCB4_ISR                            
0     00008d35  _ADCB3_ISR                            
0     00008d3f  _ADCB2_ISR                            
0     00008d49  _ADCB1_ISR                            
0     00008d53  _ADCA_EVT_ISR                         
0     00008d5d  _ADCA4_ISR                            
0     00008d67  _ADCA3_ISR                            
0     00008d71  _ADCA2_ISR                            
0     00008d7b  _ADCA1_ISR                            
0     00008d85  _SysXtalOscSel                        
0     00008d91  _SysIntOsc2Sel                        
0     00008d9b  _SysIntOsc1Sel                        
0     00008da5  _ServiceDog                           
0     00008db3  _SeizeFlashPump                       
0     00008dc5  _STANDBY                              
0     00008dd0  _ReleaseFlashPump                     
0     00008dda  _InitSysPll                           
0     00008e99  _DisableDog                           
0     00008ea6  _InitPeripheralClocks                 
0     00008f57  _InitSysCtrl                          
0     00008f8e  _AuxAuxClkSel                         
0     00008f98  _AuxXtalOscSel                        
0     00008fa9  _AuxIntOsc2Sel                        
0     00008fb6  _InitAuxPll                           
0     0000907b  _IDLE                                 
0     00009084  _DisablePeripheralClocks              
0     000090a2  _HIB                                  
0     000090c1  _HALT                                 
0     000090da  _CsmUnlock                            
0     000090fb  _PWM_1ch_UpDwnCnt_CNF_noDB            
0     00009135  _PWM_1ch_UpDwnCnt_CNF                 
0     0000917d  _InitSysCtrl1                         
0     000091b4  _InitSpiRegs_DRV830x                  
0     000091cd  _InitSpiDacGpio                       
0     000091f6  _InitMotor1_DRV_Gpio                  
0     00009213  _InitMotor1SpiGpio                    
0     0000923c  _InitMotor1EQepGpio                   
0     0000925b  _InitMotor1EPwmGpio                   
0     0000927a  _InitMotor1EPwmDACGpio                
0     000092a3  _ConfigureADC                         
0     000092e6  _InitGpio                             
0     00009321  _GPIO_WritePin                        
0     0000933b  _GPIO_SetupXINT5Gpio                  
0     00009342  _GPIO_SetupXINT4Gpio                  
0     00009349  _GPIO_SetupXINT3Gpio                  
0     00009350  _GPIO_SetupXINT2Gpio                  
0     00009357  _GPIO_SetupXINT1Gpio                  
0     0000935e  _GPIO_SetupPinOptions                 
0     000093db  _GPIO_SetupPinMux                     
0     00009430  _GPIO_SetupLock                       
0     00009451  _GPIO_ReadPin                         
0     00009465  _GPIO_EnableUnbondedIOPullupsFor176Pin
0     0000947e  _GPIO_EnableUnbondedIOPullupsFor100Pin
0     000094a3  _GPIO_EnableUnbondedIOPullups         
0     000094b3  _exp                                  
0     000094b3  _expf                                 
0     000095c4  FS$$DIV                               
0     0000964c  _DLOG_4CH_F_init                      
0     00009673  _DLOG_4CH_F_FUNC                      
0     000096d3  _SPI_Driver                           
0     000096eb  _DRV8305_SPI_Write                    
0     00009707  _DRV8305_SPI_Read                     
0     00009717  _DRV8301_SPI_Write                    
0     00009733  _DRV8301_SPI_Read                     
0     00009751  _c_int00                              
0     000097a7  _InitPieCtrl                          
0     000097c6  _EnableInterrupts                     
0     000097cf  _copy_in                              
0     00009800  _configureDAC                         
0     00009817  _InitPieVectTable                     
0     00009829  __args_main                           
0     0000b000  _ramper                               
0     0000b01c  _refPosGen                            
0     0000b051  _ramper_speed                         
0     0000b072  _SPIDAC_setup                         
0     0000b0b2  _PwmTripConfig                        
0     0000b0ef  _DMC1_Protection                      
0     0000b121  _GPIO_TogglePin                       
0     0000b135  _C3                                   
0     0000b143  _C2                                   
0     0000b14d  _B3                                   
0     0000b153  _B2                                   
0     0000b159  _A3                                   
0     0000b15f  _A2                                   
0     0000b165  _C1                                   
0     0000b183  _B1                                   
0     0000b189  _A1                                   
0     0000b1bf  _A0                                   
0     0000b1d7  _B0                                   
0     0000b1ec  _C0                                   
0     0000b201  _main                                 
0     0000b6c9  _SPIDAC_xmit_u16                      
0     0000b6df  _SPIDAC_write_dac_channel             
0     0000b6eb  _SPIDAC_update_all                    
0     0000b6f5  _CalAdcINL                            
0     0000b72d  _AdcSetMode                           
0     0000b7dd  _memcpy                               
0     0000b7fa  __system_post_cinit                   
1     00000400  __stack                               
1     00000780  __STACK_END                           
1     00000b00  _AdcaResultRegs                       
1     00000b20  _AdcbResultRegs                       
1     00000b40  _AdccResultRegs                       
1     00000b60  _AdcdResultRegs                       
1     00000c00  _CpuTimer0Regs                        
1     00000c08  _CpuTimer1Regs                        
1     00000c10  _CpuTimer2Regs                        
1     00000ce0  _PieCtrlRegs                          
1     00000d00  _EmuKey                               
1     00000d00  _PieVectTable                         
1     00000d01  _EmuBMode                             
1     00001000  _DmaRegs                              
1     00001400  _Cla1Regs                             
1     00004000  _EPwm1Regs                            
1     00004100  _EPwm2Regs                            
1     00004200  _EPwm3Regs                            
1     00004300  _EPwm4Regs                            
1     00004400  _EPwm5Regs                            
1     00004500  _EPwm6Regs                            
1     00004600  _EPwm7Regs                            
1     00004700  _EPwm8Regs                            
1     00004800  _EPwm9Regs                            
1     00004900  _EPwm10Regs                           
1     00004a00  _EPwm11Regs                           
1     00004b00  _EPwm12Regs                           
1     00005000  _ECap1Regs                            
1     00005020  _ECap2Regs                            
1     00005040  _ECap3Regs                            
1     00005060  _ECap4Regs                            
1     00005080  _ECap5Regs                            
1     000050a0  _ECap6Regs                            
1     00005100  _EQep1Regs                            
1     00005140  _EQep2Regs                            
1     00005180  _EQep3Regs                            
1     00005c00  _DacaRegs                             
1     00005c10  _DacbRegs                             
1     00005c20  _DaccRegs                             
1     00005c80  _Cmpss1Regs                           
1     00005ca0  _Cmpss2Regs                           
1     00005cc0  _Cmpss3Regs                           
1     00005ce0  _Cmpss4Regs                           
1     00005d00  _Cmpss5Regs                           
1     00005d20  _Cmpss6Regs                           
1     00005d40  _Cmpss7Regs                           
1     00005d60  _Cmpss8Regs                           
1     00005e00  _Sdfm1Regs                            
1     00005e80  _Sdfm2Regs                            
1     00006000  _McbspaRegs                           
1     00006040  _McbspbRegs                           
1     00006100  _SpiaRegs                             
1     00006110  _SpibRegs                             
1     00006120  _SpicRegs                             
1     00006200  _UppRegs                              
1     00007000  _WdRegs                               
1     00007060  _NmiIntruptRegs                       
1     00007070  _XintRegs                             
1     00007200  _SciaRegs                             
1     00007210  _ScibRegs                             
1     00007220  _ScicRegs                             
1     00007230  _ScidRegs                             
1     00007300  _I2caRegs                             
1     00007340  _I2cbRegs                             
1     00007400  _AdcaRegs                             
1     00007480  _AdcbRegs                             
1     00007500  _AdccRegs                             
1     00007580  _AdcdRegs                             
1     00007900  _InputXbarRegs                        
1     00007920  _XbarRegs                             
1     00007940  _SyncSocRegs                          
1     00007980  _DmaClaSrcSelRegs                     
1     00007a00  _EPwmXbarRegs                         
1     00007a80  _OutputXbarRegs                       
1     00007c00  _GpioCtrlRegs                         
1     00007f00  _GpioDataRegs                         
1     0000a800  _PieVectTableInit                     
1     00012000  _SerialCommsTimer                     
1     00012001  _DAC_Switch                           
1     00012002  _Angle_Switch                         
1     00012003  _Initial_Cnt                          
1     00012004  _DAC_Gain_A                           
1     00012005  _DAC_Gain_B                           
1     00012006  _DAC_Gain_C                           
1     00012007  _DAC_Gain_D                           
1     00012008  _EnableFlag                           
1     00012009  _BackTicker                           
1     0001200a  _LedCnt                               
1     0001200b  _OffsetCalCounter                     
1     0001200c  _ptrMax                               
1     0001200d  _ptr1                                 
1     0001200e  _DRV_RESET                            
1     0001200f  _PwmDacCh1                            
1     00012010  _PwmDacCh2                            
1     00012011  _PwmDacCh3                            
1     00012012  _PwmDacCh4                            
1     00012014  _TmpD                                 
1     00012016  _Alpha_State_Ptr                      
1     00012018  _A_Task_Ptr                           
1     0001201a  _B_Task_Ptr                           
1     0001201c  _C_Task_Ptr                           
1     0001201e  _adc_cal                              
1     00012020  _SpeedCmd_Sin_Frequency_pu            
1     00012022  _SpeedCmd_Sin_Magnitude_pu            
1     00012024  _IsrTicker                            
1     00012026  _K1                                   
1     00012028  _K2                                   
1     0001202a  _IdRef_start                          
1     0001202c  _IdRef_run                            
1     0001202e  _cntr1                                
1     00012030  _posSlewRate                          
1     00012032  _DlogCh1                              
1     00012034  _DlogCh2                              
1     00012036  _DlogCh3                              
1     00012038  _DlogCh4                              
1     00012040  _pwmdac1                              
1     0001204a  _rg_SpeedCmd_Generate_Sin             
1     00012056  _rc_SpeedCmd_Control_Variation_Rate   
1     00012066  _dlog_4ch1                            
1     00012080  _motor1                               
1     00012244  _posArray                             
1     00012254  _DAC_PTR                              
1     0001225c  ___TI_enable_exit_profile_output      
1     0001225e  ___TI_cleanup_ptr                     
1     00012260  ___TI_dtors_ptr                       
1     00012262  _VTimer0                              
1     00012266  _VTimer1                              
1     0001226a  _VTimer2                              
1     0001226e  _dacAval                              
1     0001226f  _dacBval                              
1     00012270  _dacCval                              
1     00012271  _errno                                
1     00012272  __lock                                
1     00012274  __unlock                              
1     00012280  _DBUFF_4CH1                           
1     00012440  _DBUFF_4CH2                           
1     00012600  _DBUFF_4CH3                           
1     000127c0  _DBUFF_4CH4                           
1     00047000  _Emif1Regs                            
1     00047800  _Emif2Regs                            
1     00048000  _CanaRegs                             
1     0004a000  _CanbRegs                             
1     00050000  _IpcRegs                              
1     00050024  _FlashPumpSemaphoreRegs               
1     0005d000  _DevCfgRegs                           
1     0005d180  _AnalogSubsysRegs                     
1     0005d200  _ClkCfgRegs                           
1     0005d300  _CpuSysRegs                           
1     0005e608  _RomPrefetchRegs                      
1     0005f000  _DcsmZ1Regs                           
1     0005f040  _DcsmZ2Regs                           
1     0005f070  _DcsmCommonRegs                       
1     0005f400  _MemCfgRegs                           
1     0005f480  _Emif1ConfigRegs                      
1     0005f4a0  _Emif2ConfigRegs                      
1     0005f4c0  _AccessProtectionRegs                 
1     0005f500  _MemoryErrorRegs                      
1     0005f540  _RomWaitStateRegs                     
1     0005f800  _Flash0CtrlRegs                       
1     0005fb00  _Flash0EccRegs                        
1     00078000  _DcsmZ1Otp                            
1     00078200  _DcsmZ2Otp                            
abs   00000380  __STACK_SIZE                          
abs   ffffffff  .text                                 
abs   ffffffff  ___TI_pprof_out_hndl                  
abs   ffffffff  ___TI_prof_data_size                  
abs   ffffffff  ___TI_prof_data_start                 
abs   ffffffff  ___binit__                            
abs   ffffffff  ___c_args__                           
abs   ffffffff  ___etext__                            
abs   ffffffff  ___pinit__                            
abs   ffffffff  ___text__                             
abs   ffffffff  binit                                 
abs   ffffffff  etext                                 
abs   ffffffff  pinit                                 

[423 symbols]
